Windows PowerShell
Copyright (C) Microsoft Corporation. All rights reserved.
Install the latest PowerShell for new features and improvements! https://aka.ms/PSWindows
PS C:\Users\Ry\IdeaProjects\rddevry_project1> cd .\devops2_volodymyr\linux_homework6_volodymyr\
PS C:\Users\Ry\IdeaProjects\rddevry_project1\devops2_volodymyr\linux_homework6_volodymyr> vagrant status
Vagrant failed to initialize at a very early stage:
There is a syntax error in the following Vagrantfile. The syntax error
message is reproduced below for convenience:

C:/Users/Ry/IdeaProjects/rddevry_project1/devops2_volodymyr/linux_homework6_volodymyr/Vagrantfile:8: syntax error, unexpected local variable or method, expecting `do' or '{' or '('
                apt-get update
                        ^~~~~~
C:/Users/Ry/IdeaProjects/rddevry_project1/devops2_volodymyr/linux_homework6_volodymyr/Vagrantfile:9: syntax error, unexpected local variable or method, expecting `do' or '{' or '('
                apt-get install -y nginx
                        ^~~~~~~
C:/Users/Ry/IdeaProjects/rddevry_project1/devops2_volodymyr/linux_homework6_volodymyr/Vagrantfile:9: syntax error, unexpected local variable or method, expecting `do' or '{' or '('
...       apt-get install -y nginx
...                          ^~~~~
PS C:\Users\Ry\IdeaProjects\rddevry_project1\devops2_volodymyr\linux_homework6_volodymyr> vagrant validate                                 
Vagrantfile validated successfully.
PS C:\Users\Ry\IdeaProjects\rddevry_project1\devops2_volodymyr\linux_homework6_volodymyr> vagrant up      
Bringing machine 'wm1' up with 'virtualbox' provider...
==> wm1: This machine used to live in C:/Users/Ry/IdeaProjects/rddevry_project1/devops2_volodymyr/vagrant_homework4_volodymyr but it's now at C:/Users/Ry/IdeaProjects/rddevry_project1/devops2_volodymyr/linux_homework6_volodymyr.
==> wm1: Depending on your current provider you may need to change the name of
==> wm1: the machine to run it as a different machine.
==> wm1: Checking if box 'ubuntu/xenial64' version '20211001.0.2' is up to date...
==> wm1: Resuming suspended VM...
==> wm1: Resized disk: old 40960 MB, req 61440 MB, new 61440 MB
==> wm1: You may need to resize the filesystem from within the guest.
==> wm1: Booting VM...
==> wm1: Waiting for machine to boot. This may take a few minutes...
    wm1: SSH address: 127.0.0.1:2222
    wm1: SSH username: vagrant
    wm1: SSH auth method: private key
==> wm1: Machine booted and ready!
==> wm1: Machine already provisioned. Run `vagrant provision` or use the `--provision`
==> wm1: flag to force provisioning. Provisioners marked to run always will still run.
PS C:\Users\Ry\IdeaProjects\rddevry_project1\devops2_volodymyr\linux_homework6_volodymyr> vagrant halt
==> wm1: Attempting graceful shutdown of VM...
PS C:\Users\Ry\IdeaProjects\rddevry_project1\devops2_volodymyr\linux_homework6_volodymyr> vagrant destroy
    wm1: Are you sure you want to destroy the 'wm1' VM? [y/N] n
==> wm1: The VM 'wm1' will not be destroyed, since the confirmation
==> wm1: was declined.
PS C:\Users\Ry\IdeaProjects\rddevry_project1\devops2_volodymyr\linux_homework6_volodymyr> vagrant up     
Bringing machine 'wm1' up with 'virtualbox' provider...
==> wm1: Checking if box 'ubuntu/xenial64' version '20211001.0.2' is up to date...
==> wm1: Clearing any previously set forwarded ports...
==> wm1: Clearing any previously set network interfaces...
==> wm1: Preparing network interfaces based on configuration...
    wm1: Adapter 1: nat
    wm1: Adapter 2: bridged
==> wm1: Forwarding ports...
    wm1: 22 (guest) => 2222 (host) (adapter 1)
==> wm1: Running 'pre-boot' VM customizations...
==> wm1: Booting VM...
==> wm1: Waiting for machine to boot. This may take a few minutes...
    wm1: SSH address: 127.0.0.1:2222
    wm1: SSH username: vagrant
    wm1: SSH auth method: private key
==> wm1: Waiting for cleanup before exiting...
PS C:\Users\Ry\IdeaProjects\rddevry_project1\devops2_volodymyr\linux_homework6_volodymyr> Vagrant exited after cleanup due to external interrupt.
                                                                                        > Vagrant.configure("2") do |config|
>>
At line:1 char:35
+ Vagrant.configure("2") do |config|
+                                   ~
An empty pipe element is not allowed.
    + CategoryInfo          : ParserError: (:) [], ParentContainsErrorRecordException
    + FullyQualifiedErrorId : EmptyPipeElement

PS C:\Users\Ry\IdeaProjects\rddevry_project1\devops2_volodymyr\linux_homework6_volodymyr>     config.vm.define "wm1" do |vm1|
>>             vm1.vm.box = "ubuntu/xenial64"
config.vm.define : The term 'config.vm.define' is not recognized as the name of a cmdlet, function, script file, or operable program. Check the spelling of the name, or if a path 
was included, verify that the path is correct and try again.
At line:1 char:5
+     config.vm.define "wm1" do |vm1|
+     ~~~~~~~~~~~~~~~~
    + CategoryInfo          : ObjectNotFound: (config.vm.define:String) [], CommandNotFoundException
    + FullyQualifiedErrorId : CommandNotFoundException

PS C:\Users\Ry\IdeaProjects\rddevry_project1\devops2_volodymyr\linux_homework6_volodymyr>             vm1.vm.hostname = "webserver-01"
vm1.vm.hostname : The term 'vm1.vm.hostname' is not recognized as the name of a cmdlet, function, script file, or operable program. Check the spelling of the name, or if a path 
was included, verify that the path is correct and try again.
At line:1 char:13
+             vm1.vm.hostname = "webserver-01"
+             ~~~~~~~~~~~~~~~
    + CategoryInfo          : ObjectNotFound: (vm1.vm.hostname:String) [], CommandNotFoundException
    + FullyQualifiedErrorId : CommandNotFoundException

PS C:\Users\Ry\IdeaProjects\rddevry_project1\devops2_volodymyr\linux_homework6_volodymyr>             vm1.vm.network "public_network", bridge: "Realtek RTL8822BE 802.11ac PCIe Adapter"
vm1.vm.network : The term 'vm1.vm.network' is not recognized as the name of a cmdlet, function, script file, or operable program. Check the spelling of the name, or if a path was 
included, verify that the path is correct and try again.
At line:1 char:13
+             vm1.vm.network "public_network", bridge: "Realtek RTL8822 ...
+             ~~~~~~~~~~~~~~
    + CategoryInfo          : ObjectNotFound: (vm1.vm.network:String) [], CommandNotFoundException
    + FullyQualifiedErrorId : CommandNotFoundException

PS C:\Users\Ry\IdeaProjects\rddevry_project1\devops2_volodymyr\linux_homework6_volodymyr>             vm1.vm.provision "shell", inline: <<-SHELL
At line:1 char:48
+             vm1.vm.provision "shell", inline: <<-SHELL
+                                                ~
Missing file specification after redirection operator.
At line:1 char:47
+             vm1.vm.provision "shell", inline: <<-SHELL
+                                               ~
The '<' operator is reserved for future use.
At line:1 char:48
+             vm1.vm.provision "shell", inline: <<-SHELL
+                                                ~
The '<' operator is reserved for future use.
    + CategoryInfo          : ParserError: (:) [], ParentContainsErrorRecordException
    + FullyQualifiedErrorId : MissingFileSpecification

PS C:\Users\Ry\IdeaProjects\rddevry_project1\devops2_volodymyr\linux_homework6_volodymyr>                 apt-get update
apt-get : The term 'apt-get' is not recognized as the name of a cmdlet, function, script file, or operable program. Check the spelling of the name, or if a path was included, 
verify that the path is correct and try again.
At line:1 char:17
+                 apt-get update
+                 ~~~~~~~
    + CategoryInfo          : ObjectNotFound: (apt-get:String) [], CommandNotFoundException
    + FullyQualifiedErrorId : CommandNotFoundException

PS C:\Users\Ry\IdeaProjects\rddevry_project1\devops2_volodymyr\linux_homework6_volodymyr>                 apt-get install -y nginx
apt-get : The term 'apt-get' is not recognized as the name of a cmdlet, function, script file, or operable program. Check the spelling of the name, or if a path was included, 
verify that the path is correct and try again.
At line:1 char:17
+                 apt-get install -y nginx
+                 ~~~~~~~
    + CategoryInfo          : ObjectNotFound: (apt-get:String) [], CommandNotFoundException
    + FullyQualifiedErrorId : CommandNotFoundException

PS C:\Users\Ry\IdeaProjects\rddevry_project1\devops2_volodymyr\linux_homework6_volodymyr>                 SHELL
SHELL : The term 'SHELL' is not recognized as the name of a cmdlet, function, script file, or operable program. Check the spelling of the name, or if a path was included, verify 
that the path is correct and try again.
At line:1 char:17
+                 SHELL
+                 ~~~~~
    + CategoryInfo          : ObjectNotFound: (SHELL:String) [], CommandNotFoundException
    + FullyQualifiedErrorId : CommandNotFoundException

PS C:\Users\Ry\IdeaProjects\rddevry_project1\devops2_volodymyr\linux_homework6_volodymyr>             vm1.disksize.size = "40GB"
vm1.disksize.size : The term 'vm1.disksize.size' is not recognized as the name of a cmdlet, function, script file, or operable program. Check the spelling of the name, or if a 
path was included, verify that the path is correct and try again.
At line:1 char:13
+             vm1.disksize.size = "40GB"
+             ~~~~~~~~~~~~~~~~~
    + CategoryInfo          : ObjectNotFound: (vm1.disksize.size:String) [], CommandNotFoundException
    + FullyQualifiedErrorId : CommandNotFoundException

PS C:\Users\Ry\IdeaProjects\rddevry_project1\devops2_volodymyr\linux_homework6_volodymyr>             vm1.vm.provider "virtualbox" do |vb|
>>                 vb.memory = "1024"
vm1.vm.provider : The term 'vm1.vm.provider' is not recognized as the name of a cmdlet, function, script file, or operable program. Check the spelling of the name, or if a path 
was included, verify that the path is correct and try again.
At line:1 char:13
+             vm1.vm.provider "virtualbox" do |vb|
+             ~~~~~~~~~~~~~~~
    + CategoryInfo          : ObjectNotFound: (vm1.vm.provider:String) [], CommandNotFoundException
    + FullyQualifiedErrorId : CommandNotFoundException

PS C:\Users\Ry\IdeaProjects\rddevry_project1\devops2_volodymyr\linux_homework6_volodymyr>                 vb.cpus = 1
vb.cpus : The term 'vb.cpus' is not recognized as the name of a cmdlet, function, script file, or operable program. Check the spelling of the name, or if a path was included, 
verify that the path is correct and try again.
At line:1 char:17
+                 vb.cpus = 1
+                 ~~~~~~~
    + CategoryInfo          : ObjectNotFound: (vb.cpus:String) [], CommandNotFoundException
    + FullyQualifiedErrorId : CommandNotFoundException

PS C:\Users\Ry\IdeaProjects\rddevry_project1\devops2_volodymyr\linux_homework6_volodymyr>             vm1.vm.synced_folder "./shared", "/vagrant_data"
vm1.vm.synced_folder : The term 'vm1.vm.synced_folder' is not recognized as the name of a cmdlet, function, script file, or operable program. Check the spelling of the name, or 
if a path was included, verify that the path is correct and try again.
At line:1 char:13
+             vm1.vm.synced_folder "./shared", "/vagrant_data"
+             ~~~~~~~~~~~~~~~~~~~~
    + CategoryInfo          : ObjectNotFound: (vm1.vm.synced_folder:String) [], CommandNotFoundException
    + FullyQualifiedErrorId : CommandNotFoundException

PS C:\Users\Ry\IdeaProjects\rddevry_project1\devops2_volodymyr\linux_homework6_volodymyr>             end
>>     end^C
PS C:\Users\Ry\IdeaProjects\rddevry_project1\devops2_volodymyr\linux_homework6_volodymyr> vagrant halt                                                
==> wm1: Unpausing the VM...
==> wm1: Attempting graceful shutdown of VM...
    wm1: Guest communication could not be established! This is usually because
    wm1: SSH is not running, the authentication information was changed,
    wm1: or some other networking issue. Vagrant will force halt, if
    wm1: capable.
PS C:\Users\Ry\IdeaProjects\rddevry_project1\devops2_volodymyr\linux_homework6_volodymyr> vagrant destroy
    wm1: Are you sure you want to destroy the 'wm1' VM? [y/N] y
==> wm1: Unpausing the VM...
==> wm1: Forcing shutdown of VM...
==> wm1: Destroying VM and associated drives...
PS C:\Users\Ry\IdeaProjects\rddevry_project1\devops2_volodymyr\linux_homework6_volodymyr> vagrant up     
Bringing machine 'wm1' up with 'virtualbox' provider...
==> wm1: Importing base box 'ubuntu/xenial64'...
==> wm1: Matching MAC address for NAT networking...
==> wm1: Checking if box 'ubuntu/xenial64' version '20211001.0.2' is up to date...
==> wm1: Setting the name of the VM: linux_homework6_volodymyr_wm1_1726400204150_81844
==> wm1: Clearing any previously set network interfaces...
==> wm1: Preparing network interfaces based on configuration...
    wm1: Adapter 1: nat
    wm1: Adapter 2: bridged
==> wm1: Forwarding ports...
    wm1: 22 (guest) => 2222 (host) (adapter 1)
==> wm1: Running 'pre-boot' VM customizations...
==> wm1: Resized disk: old 40960 MB, req 61440 MB, new 61440 MB
==> wm1: You may need to resize the filesystem from within the guest.
==> wm1: Booting VM...
==> wm1: Waiting for machine to boot. This may take a few minutes...
    wm1: SSH address: 127.0.0.1:2222
    wm1: SSH username: vagrant
    wm1: SSH auth method: private key
    wm1: 
    wm1: Vagrant insecure key detected. Vagrant will automatically replace
    wm1: this with a newly generated keypair for better security.
    wm1: 
    wm1: Inserting generated public key within guest...
    wm1: Removing insecure key from the guest if it's present...
    wm1: Key inserted! Disconnecting and reconnecting using new SSH key...
==> wm1: Machine booted and ready!
==> wm1: Checking for guest additions in VM...
    wm1: The guest additions on this VM do not match the installed version of
    wm1: VirtualBox! In most cases this is fine, but in rare cases it can
    wm1: prevent things such as shared folders from working properly. If you see
    wm1: shared folder errors, please make sure the guest additions within the
    wm1: virtual machine match the version of VirtualBox you have installed on
    wm1: your host and reload your VM.
    wm1:
    wm1: Guest Additions Version: 5.1.38
    wm1: VirtualBox Version: 7.0
==> wm1: Setting hostname...
==> wm1: Configuring and enabling network interfaces...
==> wm1: Mounting shared folders...
    wm1: /vagrant => C:/Users/Ry/IdeaProjects/rddevry_project1/devops2_volodymyr/linux_homework6_volodymyr
    wm1: /vagrant_data => C:/Users/Ry/IdeaProjects/rddevry_project1/devops2_volodymyr/linux_homework6_volodymyr/shared
==> wm1: Running provisioner: shell...
    wm1: Running: inline script
    wm1: Get:1 http://security.ubuntu.com/ubuntu xenial-security InRelease [106 kB]
    wm1: Hit:2 http://archive.ubuntu.com/ubuntu xenial InRelease
    wm1: Get:3 https://esm.ubuntu.com/infra/ubuntu xenial-infra-security InRelease [7,521 B]
    wm1: Get:4 https://esm.ubuntu.com/infra/ubuntu xenial-infra-updates InRelease [7,472 B]
    wm1: Get:5 http://archive.ubuntu.com/ubuntu xenial-updates InRelease [106 kB]
    wm1: Get:6 http://security.ubuntu.com/ubuntu xenial-security/main amd64 Packages [913 kB]
    wm1: Get:7 https://esm.ubuntu.com/infra/ubuntu xenial-infra-security/main amd64 Packages [984 kB]
    wm1: Get:8 http://security.ubuntu.com/ubuntu xenial-security/main Translation-en [211 kB]
    wm1: Get:9 http://security.ubuntu.com/ubuntu xenial-security/universe amd64 Packages [740 kB]
    wm1: Get:10 http://security.ubuntu.com/ubuntu xenial-security/universe Translation-en [203 kB]
    wm1: Get:11 http://security.ubuntu.com/ubuntu xenial-security/multiverse amd64 Packages [7,864 B]
    wm1: Get:12 http://security.ubuntu.com/ubuntu xenial-security/multiverse Translation-en [2,672 B]
    wm1: Get:13 http://archive.ubuntu.com/ubuntu xenial-backports InRelease [106 kB]
    wm1: Get:14 http://archive.ubuntu.com/ubuntu xenial/universe amd64 Packages [7,532 kB]
    wm1: Get:15 https://esm.ubuntu.com/infra/ubuntu xenial-infra-updates/main amd64 Packages [4,980 B]
    wm1: Get:16 http://archive.ubuntu.com/ubuntu xenial/universe Translation-en [4,354 kB]
    wm1: Get:17 http://archive.ubuntu.com/ubuntu xenial/multiverse amd64 Packages [144 kB]
    wm1: Get:18 http://archive.ubuntu.com/ubuntu xenial/multiverse Translation-en [106 kB]
    wm1: Get:19 http://archive.ubuntu.com/ubuntu xenial-updates/main amd64 Packages [1,269 kB]
    wm1: Get:20 http://archive.ubuntu.com/ubuntu xenial-updates/main Translation-en [303 kB]
    wm1: Get:21 http://archive.ubuntu.com/ubuntu xenial-updates/universe amd64 Packages [1,171 kB]
    wm1: Get:22 http://archive.ubuntu.com/ubuntu xenial-updates/universe Translation-en [334 kB]
    wm1: Get:23 http://archive.ubuntu.com/ubuntu xenial-updates/multiverse amd64 Packages [21.6 kB]
    wm1: Get:24 http://archive.ubuntu.com/ubuntu xenial-updates/multiverse Translation-en [8,440 B]
    wm1: Get:25 http://archive.ubuntu.com/ubuntu xenial-backports/main amd64 Packages [10.2 kB]
    wm1: Get:26 http://archive.ubuntu.com/ubuntu xenial-backports/main Translation-en [4,456 B]
    wm1: Get:27 http://archive.ubuntu.com/ubuntu xenial-backports/universe amd64 Packages [11.5 kB]
    wm1: Get:28 http://archive.ubuntu.com/ubuntu xenial-backports/universe Translation-en [4,476 B]
    wm1: Fetched 18.7 MB in 5s (3,430 kB/s)
    wm1: Reading package lists...
    wm1: Reading package lists...
    wm1: Building dependency tree...
    wm1: Reading state information...
    wm1: The following additional packages will be installed:
    wm1:   fontconfig-config fonts-dejavu-core libfontconfig1 libgd3 libjbig0
    wm1:   libjpeg-turbo8 libjpeg8 libtiff5 libvpx3 libxpm4 nginx-common nginx-core
    wm1: Suggested packages:
    wm1:   libgd-tools fcgiwrap nginx-doc ssl-cert
    wm1: The following NEW packages will be installed:
    wm1:   fontconfig-config fonts-dejavu-core libfontconfig1 libgd3 libjbig0
    wm1:   libjpeg-turbo8 libjpeg8 libtiff5 libvpx3 libxpm4 nginx nginx-common
    wm1:   nginx-core
    wm1: 0 upgraded, 13 newly installed, 0 to remove and 12 not upgraded.
    wm1: Need to get 2,860 kB of archives.
    wm1: After this operation, 9,315 kB of additional disk space will be used.
    wm1: Get:1 http://archive.ubuntu.com/ubuntu xenial-updates/main amd64 libjpeg-turbo8 amd64 1.4.2-0ubuntu3.4 [111 kB]
    wm1: Get:2 http://archive.ubuntu.com/ubuntu xenial/main amd64 libjbig0 amd64 2.1-3.1 [26.6 kB]
    wm1: Get:3 http://archive.ubuntu.com/ubuntu xenial/main amd64 fonts-dejavu-core all 2.35-1 [1,039 kB]
    wm1: Get:4 http://archive.ubuntu.com/ubuntu xenial-updates/main amd64 fontconfig-config all 2.11.94-0ubuntu1.1 [49.9 kB]
    wm1: Get:5 http://archive.ubuntu.com/ubuntu xenial-updates/main amd64 libfontconfig1 amd64 2.11.94-0ubuntu1.1 [131 kB]
    wm1: Get:6 http://archive.ubuntu.com/ubuntu xenial/main amd64 libjpeg8 amd64 8c-2ubuntu8 [2,194 B]
    wm1: Get:7 http://archive.ubuntu.com/ubuntu xenial-updates/main amd64 libtiff5 amd64 4.0.6-1ubuntu0.8 [149 kB]
    wm1: Get:8 http://archive.ubuntu.com/ubuntu xenial-updates/main amd64 libvpx3 amd64 1.5.0-2ubuntu1.1 [732 kB]
    wm1: Get:9 http://archive.ubuntu.com/ubuntu xenial-updates/main amd64 libxpm4 amd64 1:3.5.11-1ubuntu0.16.04.1 [33.8 kB]
    wm1: Get:10 http://archive.ubuntu.com/ubuntu xenial-updates/main amd64 libgd3 amd64 2.1.1-4ubuntu0.16.04.12 [126 kB]
    wm1: Get:11 http://archive.ubuntu.com/ubuntu xenial-updates/main amd64 nginx-common all 1.10.3-0ubuntu0.16.04.5 [26.9 kB]
    wm1: Get:12 http://archive.ubuntu.com/ubuntu xenial-updates/main amd64 nginx-core amd64 1.10.3-0ubuntu0.16.04.5 [429 kB]
    wm1: Get:13 http://archive.ubuntu.com/ubuntu xenial-updates/main amd64 nginx all 1.10.3-0ubuntu0.16.04.5 [3,494 B]
    wm1: dpkg-preconfigure: unable to re-open stdin: No such file or directory
    wm1: Fetched 2,860 kB in 1s (2,067 kB/s)
    wm1: Selecting previously unselected package libjpeg-turbo8:amd64.
(Reading database ... 54424 files and directories currently installed.)
    wm1: Preparing to unpack .../libjpeg-turbo8_1.4.2-0ubuntu3.4_amd64.deb ...
    wm1: Unpacking libjpeg-turbo8:amd64 (1.4.2-0ubuntu3.4) ...
    wm1: Selecting previously unselected package libjbig0:amd64.
    wm1: Preparing to unpack .../libjbig0_2.1-3.1_amd64.deb ...
    wm1: Unpacking libjbig0:amd64 (2.1-3.1) ...
    wm1: Selecting previously unselected package fonts-dejavu-core.
    wm1: Preparing to unpack .../fonts-dejavu-core_2.35-1_all.deb ...
    wm1: Unpacking fonts-dejavu-core (2.35-1) ...
    wm1: Selecting previously unselected package fontconfig-config.
    wm1: Preparing to unpack .../fontconfig-config_2.11.94-0ubuntu1.1_all.deb ...
    wm1: Unpacking fontconfig-config (2.11.94-0ubuntu1.1) ...
    wm1: Selecting previously unselected package libfontconfig1:amd64.
    wm1: Preparing to unpack .../libfontconfig1_2.11.94-0ubuntu1.1_amd64.deb ...
    wm1: Unpacking libfontconfig1:amd64 (2.11.94-0ubuntu1.1) ...
    wm1: Selecting previously unselected package libjpeg8:amd64.
    wm1: Preparing to unpack .../libjpeg8_8c-2ubuntu8_amd64.deb ...
    wm1: Unpacking libjpeg8:amd64 (8c-2ubuntu8) ...
    wm1: Selecting previously unselected package libtiff5:amd64.
    wm1: Preparing to unpack .../libtiff5_4.0.6-1ubuntu0.8_amd64.deb ...
    wm1: Unpacking libtiff5:amd64 (4.0.6-1ubuntu0.8) ...
    wm1: Selecting previously unselected package libvpx3:amd64.
    wm1: Preparing to unpack .../libvpx3_1.5.0-2ubuntu1.1_amd64.deb ...
    wm1: Unpacking libvpx3:amd64 (1.5.0-2ubuntu1.1) ...
    wm1: Selecting previously unselected package libxpm4:amd64.
    wm1: Preparing to unpack .../libxpm4_1%3a3.5.11-1ubuntu0.16.04.1_amd64.deb ...
    wm1: Unpacking libxpm4:amd64 (1:3.5.11-1ubuntu0.16.04.1) ...
    wm1: Selecting previously unselected package libgd3:amd64.
    wm1: Preparing to unpack .../libgd3_2.1.1-4ubuntu0.16.04.12_amd64.deb ...
    wm1: Unpacking libgd3:amd64 (2.1.1-4ubuntu0.16.04.12) ...
    wm1: Selecting previously unselected package nginx-common.
    wm1: Preparing to unpack .../nginx-common_1.10.3-0ubuntu0.16.04.5_all.deb ...
    wm1: Unpacking nginx-common (1.10.3-0ubuntu0.16.04.5) ...
    wm1: Selecting previously unselected package nginx-core.
    wm1: Preparing to unpack .../nginx-core_1.10.3-0ubuntu0.16.04.5_amd64.deb ...
    wm1: Unpacking nginx-core (1.10.3-0ubuntu0.16.04.5) ...
    wm1: Selecting previously unselected package nginx.
    wm1: Preparing to unpack .../nginx_1.10.3-0ubuntu0.16.04.5_all.deb ...
    wm1: Unpacking nginx (1.10.3-0ubuntu0.16.04.5) ...
    wm1: Processing triggers for libc-bin (2.23-0ubuntu11.3) ...
    wm1: Processing triggers for man-db (2.7.5-1) ...
    wm1: Processing triggers for ureadahead (0.100.0-19.1) ...
    wm1: Processing triggers for systemd (229-4ubuntu21.31) ...
    wm1: Processing triggers for ufw (0.35-0ubuntu2) ...
    wm1: Setting up libjpeg-turbo8:amd64 (1.4.2-0ubuntu3.4) ...
    wm1: Setting up libjbig0:amd64 (2.1-3.1) ...
    wm1: Setting up fonts-dejavu-core (2.35-1) ...
    wm1: Setting up fontconfig-config (2.11.94-0ubuntu1.1) ...
    wm1: Setting up libfontconfig1:amd64 (2.11.94-0ubuntu1.1) ...
    wm1: Setting up libjpeg8:amd64 (8c-2ubuntu8) ...
    wm1: Setting up libtiff5:amd64 (4.0.6-1ubuntu0.8) ...
    wm1: Setting up libvpx3:amd64 (1.5.0-2ubuntu1.1) ...
    wm1: Setting up libxpm4:amd64 (1:3.5.11-1ubuntu0.16.04.1) ...
    wm1: Setting up libgd3:amd64 (2.1.1-4ubuntu0.16.04.12) ...
    wm1: Setting up nginx-common (1.10.3-0ubuntu0.16.04.5) ...
    wm1: Setting up nginx-core (1.10.3-0ubuntu0.16.04.5) ...
    wm1: Setting up nginx (1.10.3-0ubuntu0.16.04.5) ...
    wm1: Processing triggers for libc-bin (2.23-0ubuntu11.3) ...
    wm1: Processing triggers for ureadahead (0.100.0-19.1) ...
    wm1: Processing triggers for systemd (229-4ubuntu21.31) ...
    wm1: Processing triggers for ufw (0.35-0ubuntu2) ...
PS C:\Users\Ry\IdeaProjects\rddevry_project1\devops2_volodymyr\linux_homework6_volodymyr> vagrant ssh
Welcome to Ubuntu 16.04.7 LTS (GNU/Linux 4.4.0-210-generic x86_64)

 * Documentation:  https://help.ubuntu.com
 * Management:     https://landscape.canonical.com
 * Support:        https://ubuntu.com/advantage

10 updates can be applied immediately.
4 of these updates are standard security updates.
To see these additional updates run: apt list --upgradable

New release '18.04.6 LTS' available.
Run 'do-release-upgrade' to upgrade to it.


vagrant@webserver-01:~$ apt install
E: Could not open lock file /var/lib/dpkg/lock-frontend - open (13: Permission denied)
E: Unable to acquire the dpkg frontend lock (/var/lib/dpkg/lock-frontend), are you root?
vagrant@webserver-01:~$ sudo apt install google-chrome-stable
Reading package lists... Done
Building dependency tree       
Reading state information... Done
E: Unable to locate package google-chrome-stable
vagrant@webserver-01:~$ cat /etc/apt/sources.list
## Note, this file is written by cloud-init on first boot of an instance
## modifications made here will not survive a re-bundle.
## if you wish to make changes you can:
## a.) add 'apt_preserve_sources_list: true' to /etc/cloud/cloud.cfg
##     or do the same in user-data
## b.) add sources in /etc/apt/sources.list.d
## c.) make changes to template file /etc/cloud/templates/sources.list.tmpl

# See http://help.ubuntu.com/community/UpgradeNotes for how to upgrade to
# newer versions of the distribution.
deb http://archive.ubuntu.com/ubuntu xenial main restricted
# deb-src http://archive.ubuntu.com/ubuntu xenial main restricted

## Major bug fix updates produced after the final release of the
## distribution.
deb http://archive.ubuntu.com/ubuntu xenial-updates main restricted
# deb-src http://archive.ubuntu.com/ubuntu xenial-updates main restricted

## N.B. software from this repository is ENTIRELY UNSUPPORTED by the Ubuntu
## team. Also, please note that software in universe WILL NOT receive any
## review or updates from the Ubuntu security team.
deb http://archive.ubuntu.com/ubuntu xenial universe
# deb-src http://archive.ubuntu.com/ubuntu xenial universe
deb http://archive.ubuntu.com/ubuntu xenial-updates universe
# deb-src http://archive.ubuntu.com/ubuntu xenial-updates universe

## N.B. software from this repository is ENTIRELY UNSUPPORTED by the Ubuntu
## team, and may not be under a free licence. Please satisfy yourself as to
## your rights to use the software. Also, please note that software in
## multiverse WILL NOT receive any review or updates from the Ubuntu
## security team.
deb http://archive.ubuntu.com/ubuntu xenial multiverse
# deb-src http://archive.ubuntu.com/ubuntu xenial multiverse
deb http://archive.ubuntu.com/ubuntu xenial-updates multiverse
# deb-src http://archive.ubuntu.com/ubuntu xenial-updates multiverse

## N.B. software from this repository may not have been tested as
## extensively as that contained in the main release, although it includes
## newer versions of some applications which may provide useful features.
## Also, please note that software in backports WILL NOT receive any review
## or updates from the Ubuntu security team.
deb http://archive.ubuntu.com/ubuntu xenial-backports main restricted universe multiverse
# deb-src http://archive.ubuntu.com/ubuntu xenial-backports main restricted universe multiverse

## Uncomment the following two lines to add software from Canonical's
## 'partner' repository.
## This software is not part of Ubuntu, but is offered by Canonical and the
## respective vendors as a service to Ubuntu users.
# deb http://archive.canonical.com/ubuntu xenial partner
# deb-src http://archive.canonical.com/ubuntu xenial partner

deb http://security.ubuntu.com/ubuntu xenial-security main restricted
# deb-src http://security.ubuntu.com/ubuntu xenial-security main restricted
deb http://security.ubuntu.com/ubuntu xenial-security universe
# deb-src http://security.ubuntu.com/ubuntu xenial-security universe
deb http://security.ubuntu.com/ubuntu xenial-security multiverse
# deb-src http://security.ubuntu.com/ubuntu xenial-security multiverse
vagrant@webserver-01:~$  wget -q -O - https://dl.google.com/linux/linux_signing_key.pub | sudo apt-key add -
OK
vagrant@webserver-01:~$ ls -la /etc/apt/sources.list.d/
total 12
drwxr-xr-x 2 root root 4096 Oct  1  2021 .
drwxr-xr-x 7 root root 4096 Sep 15 11:57 ..
-rw-r--r-- 1 root root  315 Oct  1  2021 ubuntu-esm-infra.list
vagrant@webserver-01:~$ sudo sh -c 'echo "deb [arch=amd64] http://dl.google.com/linux/chrome/deb/ stable main" > /etc/apt/sources.list.d/google-chrome.list'
vagrant@webserver-01:~$ ls -la /etc/apt/sources.list.d/
total 16
drwxr-xr-x 2 root root 4096 Sep 15 12:00 .
drwxr-xr-x 7 root root 4096 Sep 15 11:57 ..
-rw-r--r-- 1 root root   68 Sep 15 12:00 google-chrome.list
-rw-r--r-- 1 root root  315 Oct  1  2021 ubuntu-esm-infra.list
vagrant@webserver-01:~$ sudo apt update 
Get:1 http://dl.google.com/linux/chrome/deb stable InRelease [1,825 B]
Hit:2 http://archive.ubuntu.com/ubuntu xenial InRelease                                               
Hit:3 http://archive.ubuntu.com/ubuntu xenial-updates InRelease                                       
Hit:4 http://archive.ubuntu.com/ubuntu xenial-backports InRelease        
Hit:5 http://security.ubuntu.com/ubuntu xenial-security InRelease       
Get:6 https://esm.ubuntu.com/infra/ubuntu xenial-infra-security InRelease [7,521 B]
Get:7 http://dl.google.com/linux/chrome/deb stable/main amd64 Packages [1,092 B]
Get:8 https://esm.ubuntu.com/infra/ubuntu xenial-infra-updates InRelease [7,472 B]
Fetched 17.9 kB in 1s (15.4 kB/s)
Reading package lists... Done
Building dependency tree       
Reading state information... Done
12 packages can be upgraded. Run 'apt list --upgradable' to see them.
vagrant@webserver-01:~$ sudo apt install
Reading package lists... Done
Building dependency tree       
Reading state information... Done
0 upgraded, 0 newly installed, 0 to remove and 12 not upgraded.
vagrant@webserver-01:~$ sudo apt install google-chrome-stable
Reading package lists... Done
Building dependency tree       
Reading state information... Done
Some packages could not be installed. This may mean that you have
requested an impossible situation or if you are using the unstable
distribution that some required packages have not yet been created
or been moved out of Incoming.
The following information may help to resolve the situation:

The following packages have unmet dependencies:
 google-chrome-stable : Depends: libnss3 (>= 2:3.35) but it is not going to be installed
E: Unable to correct problems, you have held broken packages.
vagrant@webserver-01:~$ sudo apt install dependency_package
Reading package lists... Done
Building dependency tree       
Reading state information... Done
E: Unable to locate package dependency_package
vagrant@webserver-01:~$ ip a
1: lo: <LOOPBACK,UP,LOWER_UP> mtu 65536 qdisc noqueue state UNKNOWN group default qlen 1
    link/loopback 00:00:00:00:00:00 brd 00:00:00:00:00:00
    inet 127.0.0.1/8 scope host lo
       valid_lft forever preferred_lft forever
    inet6 ::1/128 scope host
       valid_lft forever preferred_lft forever
2: enp0s3: <BROADCAST,MULTICAST,UP,LOWER_UP> mtu 1500 qdisc pfifo_fast state UP group default qlen 1000
    link/ether 02:be:82:6b:cc:1d brd ff:ff:ff:ff:ff:ff
    inet 10.0.2.15/24 brd 10.0.2.255 scope global enp0s3
       valid_lft forever preferred_lft forever
    inet6 fe80::be:82ff:fe6b:cc1d/64 scope link
       valid_lft forever preferred_lft forever
3: enp0s8: <BROADCAST,MULTICAST,UP,LOWER_UP> mtu 1500 qdisc pfifo_fast state UP group default qlen 1000
    link/ether 08:00:27:cc:2e:eb brd ff:ff:ff:ff:ff:ff
    inet 192.168.0.108/24 brd 192.168.0.255 scope global enp0s8
       valid_lft forever preferred_lft forever
    inet6 fe80::a00:27ff:fecc:2eeb/64 scope link
       valid_lft forever preferred_lft forever
vagrant@webserver-01:~$ ls -la /etc/apt/sources.list.d/
total 16
drwxr-xr-x 2 root root 4096 Sep 15 12:00 .
drwxr-xr-x 7 root root 4096 Sep 15 11:57 ..
-rw-r--r-- 1 root root   68 Sep 15 12:00 google-chrome.list
-rw-r--r-- 1 root root  315 Oct  1  2021 ubuntu-esm-infra.list
vagrant@webserver-01:~$ ls /etc/apt/sources.list.d/
google-chrome.list  ubuntu-esm-infra.list
vagrant@webserver-01:~$ ls
vagrant@webserver-01:~$ ls -la /etc/apt/sources.list.d/
total 16
drwxr-xr-x 2 root root 4096 Sep 15 12:00 .
drwxr-xr-x 7 root root 4096 Sep 15 11:57 ..
-rw-r--r-- 1 root root   68 Sep 15 12:00 google-chrome.list
-rw-r--r-- 1 root root  315 Oct  1  2021 ubuntu-esm-infra.list
vagrant@webserver-01:~$ apt-cache
apt 1.2.35 (amd64)
Usage: apt-cache [options] command
       apt-cache [options] show pkg1 [pkg2 ...]

apt-cache queries and displays available information about installed
and installable packages. It works exclusively on the data acquired
into the local cache via the 'update' command of e.g. apt-get. The
displayed information may therefore be outdated if the last update was
too long ago, but in exchange apt-cache works independently of the
availability of the configured sources (e.g. offline).

Most used commands:
  showsrc - Show source records
  search - Search the package list for a regex pattern
  depends - Show raw dependency information for a package
  rdepends - Show reverse dependency information for a package
  show - Show a readable record for the package
  pkgnames - List the names of all packages in the system
  policy - Show policy settings

See apt-cache(8) for more information about the available commands.
Configuration options and syntax is detailed in apt.conf(5).
Information about how to configure sources can be found in sources.list(5).
Package and version choices can be expressed via apt_preferences(5).
Security details are available in apt-secure(8).
vagrant@webserver-01:~$ apt-cache show
E: No packages found
vagrant@webserver-01:~$ ls /etc/apt/sources.list.d/
google-chrome.list  ubuntu-esm-infra.list
vagrant@webserver-01:~$ ls /etc/apt/sources.list.d/google-chrome.list 
/etc/apt/sources.list.d/google-chrome.list
vagrant@webserver-01:~$ cat /etc/apt/sources.list.d/google-chrome.list
deb [arch=amd64] http://dl.google.com/linux/chrome/deb/ stable main
vagrant@webserver-01:~$ cat /etc/apt/sources.list.d/
cat: /etc/apt/sources.list.d/: Is a directory
vagrant@webserver-01:~$ cat /etc/apt/sources.list.d/ubuntu-esm-infra.list 
# Written by ubuntu-advantage-tools
deb https://esm.ubuntu.com/infra/ubuntu xenial-infra-security main
# deb-src https://esm.ubuntu.com/infra/ubuntu xenial-infra-security main

deb https://esm.ubuntu.com/infra/ubuntu xenial-infra-updates main
# deb-src https://esm.ubuntu.com/infra/ubuntu xenial-infra-updates main
vagrant@webserver-01:~$ ls /etc/apt/sources.list
/etc/apt/sources.list
vagrant@webserver-01:~$ cd /etc/apt/sources.list
-bash: cd: /etc/apt/sources.list: Not a directory
vagrant@webserver-01:~$ cat /etc/apt/sources.list
## Note, this file is written by cloud-init on first boot of an instance
## modifications made here will not survive a re-bundle.
## if you wish to make changes you can:
## a.) add 'apt_preserve_sources_list: true' to /etc/cloud/cloud.cfg
##     or do the same in user-data
## b.) add sources in /etc/apt/sources.list.d
## c.) make changes to template file /etc/cloud/templates/sources.list.tmpl

# See http://help.ubuntu.com/community/UpgradeNotes for how to upgrade to
# newer versions of the distribution.
deb http://archive.ubuntu.com/ubuntu xenial main restricted
# deb-src http://archive.ubuntu.com/ubuntu xenial main restricted

## Major bug fix updates produced after the final release of the
## distribution.
deb http://archive.ubuntu.com/ubuntu xenial-updates main restricted
# deb-src http://archive.ubuntu.com/ubuntu xenial-updates main restricted

## N.B. software from this repository is ENTIRELY UNSUPPORTED by the Ubuntu
## team. Also, please note that software in universe WILL NOT receive any
## review or updates from the Ubuntu security team.
deb http://archive.ubuntu.com/ubuntu xenial universe
# deb-src http://archive.ubuntu.com/ubuntu xenial universe
deb http://archive.ubuntu.com/ubuntu xenial-updates universe
# deb-src http://archive.ubuntu.com/ubuntu xenial-updates universe

## N.B. software from this repository is ENTIRELY UNSUPPORTED by the Ubuntu
## team, and may not be under a free licence. Please satisfy yourself as to
## your rights to use the software. Also, please note that software in
## multiverse WILL NOT receive any review or updates from the Ubuntu
## security team.
deb http://archive.ubuntu.com/ubuntu xenial multiverse
# deb-src http://archive.ubuntu.com/ubuntu xenial multiverse
deb http://archive.ubuntu.com/ubuntu xenial-updates multiverse
# deb-src http://archive.ubuntu.com/ubuntu xenial-updates multiverse

## N.B. software from this repository may not have been tested as
## extensively as that contained in the main release, although it includes
## newer versions of some applications which may provide useful features.
## Also, please note that software in backports WILL NOT receive any review
## or updates from the Ubuntu security team.
deb http://archive.ubuntu.com/ubuntu xenial-backports main restricted universe multiverse
# deb-src http://archive.ubuntu.com/ubuntu xenial-backports main restricted universe multiverse

## Uncomment the following two lines to add software from Canonical's
## 'partner' repository.
## This software is not part of Ubuntu, but is offered by Canonical and the
## respective vendors as a service to Ubuntu users.
# deb http://archive.canonical.com/ubuntu xenial partner
# deb-src http://archive.canonical.com/ubuntu xenial partner

deb http://security.ubuntu.com/ubuntu xenial-security main restricted
# deb-src http://security.ubuntu.com/ubuntu xenial-security main restricted
deb http://security.ubuntu.com/ubuntu xenial-security universe
# deb-src http://security.ubuntu.com/ubuntu xenial-security universe
deb http://security.ubuntu.com/ubuntu xenial-security multiverse
# deb-src http://security.ubuntu.com/ubuntu xenial-security multiverse
vagrant@webserver-01:~$ apt-get update
Reading package lists... Done
W: chmod 0700 of directory /var/lib/apt/lists/partial failed - SetupAPTPartialDirectory (1: Operation not permitted)
E: Could not open lock file /var/lib/apt/lists/lock - open (13: Permission denied)
E: Unable to lock directory /var/lib/apt/lists/
W: Problem unlinking the file /var/cache/apt/pkgcache.bin - RemoveCaches (13: Permission denied)
W: Problem unlinking the file /var/cache/apt/srcpkgcache.bin - RemoveCaches (13: Permission denied)
vagrant@webserver-01:~$ sudo su
root@webserver-01:/home/vagrant# apt-get update
Hit:1 http://dl.google.com/linux/chrome/deb stable InRelease
Hit:2 http://archive.ubuntu.com/ubuntu xenial InRelease
Hit:3 http://archive.ubuntu.com/ubuntu xenial-updates InRelease
Hit:4 http://archive.ubuntu.com/ubuntu xenial-backports InRelease        
Hit:5 http://security.ubuntu.com/ubuntu xenial-security InRelease
Get:6 https://esm.ubuntu.com/infra/ubuntu xenial-infra-security InRelease [7,521 B]
Get:7 https://esm.ubuntu.com/infra/ubuntu xenial-infra-updates InRelease [7,472 B]
Fetched 15.0 kB in 1s (13.0 kB/s)
Reading package lists... Done
root@webserver-01:/home/vagrant# apt-ger upgrade
No command 'apt-ger' found, did you mean:
 Command 'apt-get' from package 'apt' (main)
apt-ger: command not found
root@webserver-01:/home/vagrant# apt-get upgrade
Reading package lists... Done
Building dependency tree       
Reading state information... Done
Calculating upgrade... Done
The following packages have been kept back:
  python3-software-properties software-properties-common ubuntu-advantage-tools
The following packages will be upgraded:
  apparmor base-files distro-info distro-info-data libapparmor-perl libapparmor1 motd-news-config python3-distro-info update-notifier-common
9 upgraded, 0 newly installed, 0 to remove and 3 not upgraded.
3 standard security updates and 1 esm-infra update
Need to get 779 kB of archives.
After this operation, 294 kB of additional disk space will be used.
Do you want to continue? [Y/n] y
Get:1 http://archive.ubuntu.com/ubuntu xenial-updates/main amd64 motd-news-config all 9.4ubuntu4.14 [4,480 B]
Get:2 http://archive.ubuntu.com/ubuntu xenial-updates/main amd64 base-files amd64 9.4ubuntu4.14 [60.9 kB]
Get:3 http://archive.ubuntu.com/ubuntu xenial-updates/main amd64 distro-info-data all 0.28ubuntu0.19 [5,090 B]
Get:4 http://archive.ubuntu.com/ubuntu xenial-updates/main amd64 python3-distro-info all 0.14ubuntu0.3 [8,332 B]
Get:5 http://archive.ubuntu.com/ubuntu xenial-updates/main amd64 update-notifier-common all 3.168.22 [169 kB]
Get:6 http://archive.ubuntu.com/ubuntu xenial-updates/main amd64 libapparmor1 amd64 2.10.95-0ubuntu2.12 [29.4 kB]
Get:7 http://archive.ubuntu.com/ubuntu xenial-updates/main amd64 libapparmor-perl amd64 2.10.95-0ubuntu2.12 [31.6 kB]
Get:8 http://archive.ubuntu.com/ubuntu xenial-updates/main amd64 apparmor amd64 2.10.95-0ubuntu2.12 [451 kB]
Get:9 http://archive.ubuntu.com/ubuntu xenial-updates/main amd64 distro-info amd64 0.14ubuntu0.3 [20.2 kB]
Fetched 779 kB in 1s (669 kB/s)
Preconfiguring packages ...
(Reading database ... 54628 files and directories currently installed.)
Preparing to unpack .../motd-news-config_9.4ubuntu4.14_all.deb ...
Unpacking motd-news-config (9.4ubuntu4.14) over (9.4ubuntu4.13) ...
Preparing to unpack .../base-files_9.4ubuntu4.14_amd64.deb ...
Unpacking base-files (9.4ubuntu4.14) over (9.4ubuntu4.13) ...
Processing triggers for plymouth-theme-ubuntu-text (0.9.2-3ubuntu13.5) ...
update-initramfs: deferring update (trigger activated)
Processing triggers for man-db (2.7.5-1) ...
Processing triggers for install-info (6.1.0.dfsg.1-5) ...
Processing triggers for initramfs-tools (0.122ubuntu8.17) ...
update-initramfs: Generating /boot/initrd.img-4.4.0-210-generic
W: mdadm: /etc/mdadm/mdadm.conf defines no arrays.
Setting up base-files (9.4ubuntu4.14) ...
Installing new version of config file /etc/update-motd.d/10-help-text ...
(Reading database ... 54628 files and directories currently installed.)
Preparing to unpack .../distro-info-data_0.28ubuntu0.19_all.deb ...
Unpacking distro-info-data (0.28ubuntu0.19) over (0.28ubuntu0.18) ...
Preparing to unpack .../python3-distro-info_0.14ubuntu0.3_all.deb ...
Unpacking python3-distro-info (0.14ubuntu0.3) over (0.14ubuntu0.2) ...
Preparing to unpack .../update-notifier-common_3.168.22_all.deb ...
Unpacking update-notifier-common (3.168.22) over (3.168.15) ...
Preparing to unpack .../libapparmor1_2.10.95-0ubuntu2.12_amd64.deb ...
Unpacking libapparmor1:amd64 (2.10.95-0ubuntu2.12) over (2.10.95-0ubuntu2.11) ...
Processing triggers for libc-bin (2.23-0ubuntu11.3) ...
Setting up libapparmor1:amd64 (2.10.95-0ubuntu2.12) ...
Processing triggers for libc-bin (2.23-0ubuntu11.3) ...
(Reading database ... 54655 files and directories currently installed.)
Preparing to unpack .../libapparmor-perl_2.10.95-0ubuntu2.12_amd64.deb ...
Unpacking libapparmor-perl (2.10.95-0ubuntu2.12) over (2.10.95-0ubuntu2.11) ...
Preparing to unpack .../apparmor_2.10.95-0ubuntu2.12_amd64.deb ...
Unpacking apparmor (2.10.95-0ubuntu2.12) over (2.10.95-0ubuntu2.11) ...
Preparing to unpack .../distro-info_0.14ubuntu0.3_amd64.deb ...
Unpacking distro-info (0.14ubuntu0.3) over (0.14ubuntu0.2) ...
Processing triggers for man-db (2.7.5-1) ...
Processing triggers for ureadahead (0.100.0-19.1) ...
Processing triggers for systemd (229-4ubuntu21.31) ...
Setting up motd-news-config (9.4ubuntu4.14) ...
Setting up distro-info-data (0.28ubuntu0.19) ...
Setting up python3-distro-info (0.14ubuntu0.3) ...
Setting up update-notifier-common (3.168.22) ...
Setting up libapparmor-perl (2.10.95-0ubuntu2.12) ...
Setting up apparmor (2.10.95-0ubuntu2.12) ...
update-rc.d: warning: start and stop actions are no longer supported; falling back to defaults
Skipping profile in /etc/apparmor.d/disable: usr.sbin.rsyslogd
Setting up distro-info (0.14ubuntu0.3) ...
root@webserver-01:/home/vagrant# apt-get nginx
E: Invalid operation nginx
root@webserver-01:/home/vagrant# apt-get install nginx
Reading package lists... Done
Building dependency tree
Reading state information... Done
nginx is already the newest version (1.10.3-0ubuntu0.16.04.5).
0 upgraded, 0 newly installed, 0 to remove and 3 not upgraded.
root@webserver-01:/home/vagrant# apt-cache depends nginx-notify
E: No packages found
root@webserver-01:/home/vagrant# apt-cache show nginx
Package: nginx
Priority: optional
Section: httpd
Installed-Size: 38
Maintainer: Ubuntu Developers <ubuntu-devel-discuss@lists.ubuntu.com>
Architecture: all
Version: 1.10.3-0ubuntu0.16.04.5+esm5
Depends: nginx-core (>= 1.10.3-0ubuntu0.16.04.5+esm5) | nginx-full (>= 1.10.3-0ubuntu0.16.04.5+esm5) | nginx-light (>= 1.10.3-0ubuntu0.16.04.5+esm5) | nginx-extras (>= 1.10.3-0ubun
tu0.16.04.5+esm5), nginx-core (<< 1.10.3-0ubuntu0.16.04.5+esm5.1~) | nginx-full (<< 1.10.3-0ubuntu0.16.04.5+esm5.1~) | nginx-light (<< 1.10.3-0ubuntu0.16.04.5+esm5.1~) | nginx-extras (<< 1.10.3-0ubuntu0.16.04.5+esm5.1~)
Filename: pool/main/n/nginx/nginx_1.10.3-0ubuntu0.16.04.5+esm5_all.deb
Size: 3504
SHA256: 47b5094075a6c22be2f630b7ca83df03f9c54ba5f52e063b749634665ba5327a
SHA1: 05f5b4d8fa72ecf30ce14670776b64a8e776f863
MD5sum: 37cf57d01ecad057b1c30b8f7136a994
Description-en: small, powerful, scalable web/proxy server
 Nginx ("engine X") is a high-performance web and reverse proxy server
 created by Igor Sysoev. It can be used both as a standalone web server
 and as a proxy to reduce the load on back-end HTTP or mail servers.
 .
 This is a dependency package to install either nginx-core (by default),
 nginx-full, nginx-light, or nginx-extras.
Description-md5: 2d277b9313aa50e3bfd675e64b49532c
Original-Maintainer: Kartik Mistry <kartik@debian.org>

Package: nginx
Architecture: all
Version: 1.10.3-0ubuntu0.16.04.5
Priority: optional
Section: web
Origin: Ubuntu
Maintainer: Ubuntu Developers <ubuntu-devel-discuss@lists.ubuntu.com>
Original-Maintainer: Kartik Mistry <kartik@debian.org>
Bugs: https://bugs.launchpad.net/ubuntu/+filebug
Installed-Size: 38
Depends: nginx-core (>= 1.10.3-0ubuntu0.16.04.5) | nginx-full (>= 1.10.3-0ubuntu0.16.04.5) | nginx-light (>= 1.10.3-0ubuntu0.16.04.5) | nginx-extras (>= 1.10.3-0ubuntu0.16.04.5), nginx-core (<< 1.10.3-0ubuntu0.16.04.5.1~) | nginx-full (<< 1.10.3-0ubuntu0.16.04.5.1~) | nginx-light (<< 1.10.3-0ubuntu0.16.04.5.1~) | nginx-extras (<< 1.10.3-0ubuntu0.16.04.5.1~) 
Filename: pool/main/n/nginx/nginx_1.10.3-0ubuntu0.16.04.5_all.deb
Size: 3494
MD5sum: 78588d081edd1fad393f6686b42227df
SHA1: 94a234630ec5c54892966a87df89b9a6f69b35e3
SHA256: 7a56da8a29b76344042875f194f0e8fd82722b4103fe414c76bf8519d7bf8f3f
SHA512: 7ce493fc952bc33bdf5766e406d9bf0dcbf8efdc1138b76a5cfc9b246ed82d804f247ca719200d79ad7bd922d3cc1e24f01ba5523cfff55d84555f96c8d10e4f
Homepage: http://nginx.net
Description-en: small, powerful, scalable web/proxy server
 Nginx ("engine X") is a high-performance web and reverse proxy server
 created by Igor Sysoev. It can be used both as a standalone web server
 and as a proxy to reduce the load on back-end HTTP or mail servers.
 .
 This is a dependency package to install either nginx-core (by default),
 nginx-full, nginx-light, or nginx-extras.
Description-md5: 2d277b9313aa50e3bfd675e64b49532c
Supported: 5y

Package: nginx
Priority: optional
Section: web
Installed-Size: 36
Maintainer: Ubuntu Developers <ubuntu-devel-discuss@lists.ubuntu.com>
Original-Maintainer: Kartik Mistry <kartik@debian.org>
Architecture: all
Version: 1.9.15-0ubuntu1
Depends: nginx-core (>= 1.9.15-0ubuntu1) | nginx-full (>= 1.9.15-0ubuntu1) | nginx-light (>= 1.9.15-0ubuntu1) | nginx-extras (>= 1.9.15-0ubuntu1), nginx-core (<< 1.9.15-0ubuntu1.1~) | nginx-full (<< 1.9.15-0ubuntu1.1~) | nginx-light (<< 1.9.15-0ubuntu1.1~) | nginx-extras (<< 1.9.15-0ubuntu1.1~)
Filename: pool/main/n/nginx/nginx_1.9.15-0ubuntu1_all.deb
Size: 3490
MD5sum: 38ab3abe6bb3c8b1ce3917596225b972
SHA1: 7ca9e1d118f0f19502fa82017aefae328d413daf
SHA256: d170567295cbe4d6741775ae3993f9fa37c070884f13e84a523130e779006a05
Description-en: small, powerful, scalable web/proxy server
 Nginx ("engine X") is a high-performance web and reverse proxy server
 created by Igor Sysoev. It can be used both as a standalone web server
 and as a proxy to reduce the load on back-end HTTP or mail servers.
 .
 This is a dependency package to install either nginx-core (by default),
 nginx-full, nginx-light, or nginx-extras.
Description-md5: 2d277b9313aa50e3bfd675e64b49532c
Homepage: http://nginx.net
Bugs: https://bugs.launchpad.net/ubuntu/+filebug
Origin: Ubuntu
Supported: 5y

root@webserver-01:/home/vagrant# apt-cache show nginx
Package: nginx
Priority: optional
Section: httpd
Installed-Size: 38
Maintainer: Ubuntu Developers <ubuntu-devel-discuss@lists.ubuntu.com>
Architecture: all
Version: 1.10.3-0ubuntu0.16.04.5+esm5
Depends: nginx-core (>= 1.10.3-0ubuntu0.16.04.5+esm5) | nginx-full (>= 1.10.3-0ubuntu0.16.04.5+esm5) | nginx-light (>= 1.10.3-0ubuntu0.16.04.5+esm5) | nginx-extras (>= 1.10.3-0ubun
tu0.16.04.5+esm5), nginx-core (<< 1.10.3-0ubuntu0.16.04.5+esm5.1~) | nginx-full (<< 1.10.3-0ubuntu0.16.04.5+esm5.1~) | nginx-light (<< 1.10.3-0ubuntu0.16.04.5+esm5.1~) | nginx-extras (<< 1.10.3-0ubuntu0.16.04.5+esm5.1~)
Filename: pool/main/n/nginx/nginx_1.10.3-0ubuntu0.16.04.5+esm5_all.deb
Size: 3504
SHA256: 47b5094075a6c22be2f630b7ca83df03f9c54ba5f52e063b749634665ba5327a
SHA1: 05f5b4d8fa72ecf30ce14670776b64a8e776f863
MD5sum: 37cf57d01ecad057b1c30b8f7136a994
Description-en: small, powerful, scalable web/proxy server
 Nginx ("engine X") is a high-performance web and reverse proxy server
 created by Igor Sysoev. It can be used both as a standalone web server
 and as a proxy to reduce the load on back-end HTTP or mail servers.
 .
 This is a dependency package to install either nginx-core (by default),
 nginx-full, nginx-light, or nginx-extras.
Description-md5: 2d277b9313aa50e3bfd675e64b49532c
Original-Maintainer: Kartik Mistry <kartik@debian.org>

Package: nginx
Architecture: all
Version: 1.10.3-0ubuntu0.16.04.5
Priority: optional
Section: web
Origin: Ubuntu
Maintainer: Ubuntu Developers <ubuntu-devel-discuss@lists.ubuntu.com>
Original-Maintainer: Kartik Mistry <kartik@debian.org>
Bugs: https://bugs.launchpad.net/ubuntu/+filebug
Installed-Size: 38
Depends: nginx-core (>= 1.10.3-0ubuntu0.16.04.5) | nginx-full (>= 1.10.3-0ubuntu0.16.04.5) | nginx-light (>= 1.10.3-0ubuntu0.16.04.5) | nginx-extras (>= 1.10.3-0ubuntu0.16.04.5), nginx-core (<< 1.10.3-0ubuntu0.16.04.5.1~) | nginx-full (<< 1.10.3-0ubuntu0.16.04.5.1~) | nginx-light (<< 1.10.3-0ubuntu0.16.04.5.1~) | nginx-extras (<< 1.10.3-0ubuntu0.16.04.5.1~) 
Filename: pool/main/n/nginx/nginx_1.10.3-0ubuntu0.16.04.5_all.deb
Size: 3494
MD5sum: 78588d081edd1fad393f6686b42227df
SHA1: 94a234630ec5c54892966a87df89b9a6f69b35e3
SHA256: 7a56da8a29b76344042875f194f0e8fd82722b4103fe414c76bf8519d7bf8f3f
SHA512: 7ce493fc952bc33bdf5766e406d9bf0dcbf8efdc1138b76a5cfc9b246ed82d804f247ca719200d79ad7bd922d3cc1e24f01ba5523cfff55d84555f96c8d10e4f
Homepage: http://nginx.net
Description-en: small, powerful, scalable web/proxy server
 Nginx ("engine X") is a high-performance web and reverse proxy server
 created by Igor Sysoev. It can be used both as a standalone web server
 and as a proxy to reduce the load on back-end HTTP or mail servers.
 .
 This is a dependency package to install either nginx-core (by default),
 nginx-full, nginx-light, or nginx-extras.
Description-md5: 2d277b9313aa50e3bfd675e64b49532c
Supported: 5y

Package: nginx
Priority: optional
Section: web
Installed-Size: 36
Maintainer: Ubuntu Developers <ubuntu-devel-discuss@lists.ubuntu.com>
Original-Maintainer: Kartik Mistry <kartik@debian.org>
Architecture: all
Version: 1.9.15-0ubuntu1
Depends: nginx-core (>= 1.9.15-0ubuntu1) | nginx-full (>= 1.9.15-0ubuntu1) | nginx-light (>= 1.9.15-0ubuntu1) | nginx-extras (>= 1.9.15-0ubuntu1), nginx-core (<< 1.9.15-0ubuntu1.1~) | nginx-full (<< 1.9.15-0ubuntu1.1~) | nginx-light (<< 1.9.15-0ubuntu1.1~) | nginx-extras (<< 1.9.15-0ubuntu1.1~)
Filename: pool/main/n/nginx/nginx_1.9.15-0ubuntu1_all.deb
Size: 3490
MD5sum: 38ab3abe6bb3c8b1ce3917596225b972
SHA1: 7ca9e1d118f0f19502fa82017aefae328d413daf
SHA256: d170567295cbe4d6741775ae3993f9fa37c070884f13e84a523130e779006a05
Description-en: small, powerful, scalable web/proxy server
 Nginx ("engine X") is a high-performance web and reverse proxy server
 created by Igor Sysoev. It can be used both as a standalone web server
 and as a proxy to reduce the load on back-end HTTP or mail servers.
 .
 This is a dependency package to install either nginx-core (by default),
 nginx-full, nginx-light, or nginx-extras.
Description-md5: 2d277b9313aa50e3bfd675e64b49532c
Homepage: http://nginx.net
Bugs: https://bugs.launchpad.net/ubuntu/+filebug
Origin: Ubuntu
Supported: 5y

root@webserver-01:/home/vagrant# apt-cache depends nginx
nginx
 |Depends: nginx-core
 |Depends: nginx-full
 |Depends: nginx-light
  Depends: nginx-extras
 |Depends: nginx-core
 |Depends: nginx-full
 |Depends: nginx-light
  Depends: nginx-extras
root@webserver-01:/home/vagrant# apt-cache depends nginx-notify
E: No packages found
root@webserver-01:/home/vagrant# apt-get upgrade
Reading package lists... Done
Building dependency tree       
Reading state information... Done
Calculating upgrade... Done
The following packages have been kept back:
  python3-software-properties software-properties-common ubuntu-advantage-tools
0 upgraded, 0 newly installed, 0 to remove and 3 not upgraded.
root@webserver-01:/home/vagrant# apt-get autoremove
Reading package lists... Done
Building dependency tree       
Reading state information... Done
0 upgraded, 0 newly installed, 0 to remove and 3 not upgraded.
root@webserver-01:/home/vagrant# apt-cache rdepends nginx-notify
E: No packages found
root@webserver-01:/home/vagrant# apt-cashe search nginx
No command 'apt-cashe' found, did you mean:
 Command 'apt-cache' from package 'apt' (main)
apt-cashe: command not found
root@webserver-01:/home/vagrant# apt-cache search nginx
nginx - small, powerful, scalable web/proxy server
nginx-common - small, powerful, scalable web/proxy server - common files
nginx-core - nginx web/proxy server (core version)
nginx-core-dbg - nginx web/proxy server (core version) - debugging symbols
nginx-doc - small, powerful, scalable web/proxy server - documentation
collectd-core - statistics collection and monitoring daemon (core system)
coquelicot - "one-click" file sharing web application with a focus on users' privacy
diaspora-installer - distributed social networking service - installer
diaspora-installer-mysql - distributed social networking service - installer (with mysql)
fcgiwrap - simple server to run CGI applications over FastCGI
gitlab-workhorse - unloads Git HTTP traffic from the GitLab Rails app (Unicorn)
gitweb - fast, scalable, distributed revision control system (web interface)
golang-github-gorilla-handlers-dev - a collection of useful handlers for Go's net/http package
golang-github-hashicorp-hcl-dev - Go implementation of HashiCorp Configuration Language
gunicorn - Event-based HTTP/WSGI server
gunicorn-examples - Event-based HTTP/WSGI server
gunicorn3 - Event-based HTTP/WSGI server
libplack-middleware-file-sass-perl - Sass and SCSS support for all Plack-based PSGI frameworks
lua-nginx-cookie - Pure Lua cookie parser for the nginx embedded Lua language
lua-nginx-dns - DNS resolver for the nginx embedded Lua language
lua-nginx-kafka - Pure Lua Kafka producer for the nginx embedded Lua language
lua-nginx-memcached - Pure Lua memcached client driver for the nginx embedded Lua language
lua-nginx-redis - Pure Lua redis client driver for the nginx embedded Lua language
lua-nginx-redis-connector - Connection utilities for lua-nginx-redis
lua-nginx-string - String utilities for the nginx embedded Lua language
lua-nginx-websocket - Lua websocket client driver for the nginx embedded Lua language
mighttpd2 - classical web server on WAI/warp
nginx-extras - nginx web/proxy server (extended version)
nginx-extras-dbg - nginx web/proxy server (extended version) - debugging symbols
nginx-full - nginx web/proxy server (standard version)
nginx-full-dbg - nginx web/proxy server (standard version) - debugging symbols
nginx-light - nginx web/proxy server (basic version)
nginx-light-dbg - nginx web/proxy server (basic version) - debugging symbols
python-django-downloadview - efficient static file serving with Django
python-django-websocket-redis - Websockets for Django applications using Redis (Python2 version)
python-gunicorn - Event-based HTTP/WSGI server
python-reconfigure - simple config file management library (Python 2)
python3-django-downloadview - efficient static file serving with Django (Python3 version)
python3-django-websocket-redis - Websockets for Django applications using Redis (Python3 version)
python3-gunicorn - Event-based HTTP/WSGI server
python3-reconfigure - simple config file management library (Python 3)
rt4-fcgi - External FastCGI support for request-tracker4
viewvc - web interface for CVS and/or Subversion repositories
root@webserver-01:/home/vagrant# apt-cache show nginx
Package: nginx
Priority: optional
Section: httpd
Installed-Size: 38
Maintainer: Ubuntu Developers <ubuntu-devel-discuss@lists.ubuntu.com>
Architecture: all
Version: 1.10.3-0ubuntu0.16.04.5+esm5
Depends: nginx-core (>= 1.10.3-0ubuntu0.16.04.5+esm5) | nginx-full (>= 1.10.3-0ubuntu0.16.04.5+esm5) | nginx-light (>= 1.10.3-0ubuntu0.16.04.5+esm5) | nginx-extras (>= 1.10.3-0ubun
tu0.16.04.5+esm5), nginx-core (<< 1.10.3-0ubuntu0.16.04.5+esm5.1~) | nginx-full (<< 1.10.3-0ubuntu0.16.04.5+esm5.1~) | nginx-light (<< 1.10.3-0ubuntu0.16.04.5+esm5.1~) | nginx-extras (<< 1.10.3-0ubuntu0.16.04.5+esm5.1~)
Filename: pool/main/n/nginx/nginx_1.10.3-0ubuntu0.16.04.5+esm5_all.deb
Size: 3504
SHA256: 47b5094075a6c22be2f630b7ca83df03f9c54ba5f52e063b749634665ba5327a
SHA1: 05f5b4d8fa72ecf30ce14670776b64a8e776f863
MD5sum: 37cf57d01ecad057b1c30b8f7136a994
Description-en: small, powerful, scalable web/proxy server
 Nginx ("engine X") is a high-performance web and reverse proxy server
 created by Igor Sysoev. It can be used both as a standalone web server
 and as a proxy to reduce the load on back-end HTTP or mail servers.
 .
 This is a dependency package to install either nginx-core (by default),
 nginx-full, nginx-light, or nginx-extras.
Description-md5: 2d277b9313aa50e3bfd675e64b49532c
Original-Maintainer: Kartik Mistry <kartik@debian.org>

Package: nginx
Architecture: all
Version: 1.10.3-0ubuntu0.16.04.5
Priority: optional
Section: web
Origin: Ubuntu
Maintainer: Ubuntu Developers <ubuntu-devel-discuss@lists.ubuntu.com>
Original-Maintainer: Kartik Mistry <kartik@debian.org>
Bugs: https://bugs.launchpad.net/ubuntu/+filebug
Installed-Size: 38
Depends: nginx-core (>= 1.10.3-0ubuntu0.16.04.5) | nginx-full (>= 1.10.3-0ubuntu0.16.04.5) | nginx-light (>= 1.10.3-0ubuntu0.16.04.5) | nginx-extras (>= 1.10.3-0ubuntu0.16.04.5), nginx-core (<< 1.10.3-0ubuntu0.16.04.5.1~) | nginx-full (<< 1.10.3-0ubuntu0.16.04.5.1~) | nginx-light (<< 1.10.3-0ubuntu0.16.04.5.1~) | nginx-extras (<< 1.10.3-0ubuntu0.16.04.5.1~) 
Filename: pool/main/n/nginx/nginx_1.10.3-0ubuntu0.16.04.5_all.deb
Size: 3494
MD5sum: 78588d081edd1fad393f6686b42227df
SHA1: 94a234630ec5c54892966a87df89b9a6f69b35e3
SHA256: 7a56da8a29b76344042875f194f0e8fd82722b4103fe414c76bf8519d7bf8f3f
SHA512: 7ce493fc952bc33bdf5766e406d9bf0dcbf8efdc1138b76a5cfc9b246ed82d804f247ca719200d79ad7bd922d3cc1e24f01ba5523cfff55d84555f96c8d10e4f
Homepage: http://nginx.net
Description-en: small, powerful, scalable web/proxy server
 Nginx ("engine X") is a high-performance web and reverse proxy server
 created by Igor Sysoev. It can be used both as a standalone web server
 and as a proxy to reduce the load on back-end HTTP or mail servers.
 .
 This is a dependency package to install either nginx-core (by default),
 nginx-full, nginx-light, or nginx-extras.
Description-md5: 2d277b9313aa50e3bfd675e64b49532c
Supported: 5y

Package: nginx
Priority: optional
Section: web
Installed-Size: 36
Maintainer: Ubuntu Developers <ubuntu-devel-discuss@lists.ubuntu.com>
Original-Maintainer: Kartik Mistry <kartik@debian.org>
Architecture: all
Version: 1.9.15-0ubuntu1
Depends: nginx-core (>= 1.9.15-0ubuntu1) | nginx-full (>= 1.9.15-0ubuntu1) | nginx-light (>= 1.9.15-0ubuntu1) | nginx-extras (>= 1.9.15-0ubuntu1), nginx-core (<< 1.9.15-0ubuntu1.1~) | nginx-full (<< 1.9.15-0ubuntu1.1~) | nginx-light (<< 1.9.15-0ubuntu1.1~) | nginx-extras (<< 1.9.15-0ubuntu1.1~)
Filename: pool/main/n/nginx/nginx_1.9.15-0ubuntu1_all.deb
Size: 3490
MD5sum: 38ab3abe6bb3c8b1ce3917596225b972
SHA1: 7ca9e1d118f0f19502fa82017aefae328d413daf
SHA256: d170567295cbe4d6741775ae3993f9fa37c070884f13e84a523130e779006a05
Description-en: small, powerful, scalable web/proxy server
 Nginx ("engine X") is a high-performance web and reverse proxy server
 created by Igor Sysoev. It can be used both as a standalone web server
 and as a proxy to reduce the load on back-end HTTP or mail servers.
 .
 This is a dependency package to install either nginx-core (by default),
 nginx-full, nginx-light, or nginx-extras.
Description-md5: 2d277b9313aa50e3bfd675e64b49532c
Homepage: http://nginx.net
Bugs: https://bugs.launchpad.net/ubuntu/+filebug
Origin: Ubuntu
Supported: 5y

root@webserver-01:/home/vagrant# apt-cache depends nginx
nginx
 |Depends: nginx-core
 |Depends: nginx-full
 |Depends: nginx-light
  Depends: nginx-extras
 |Depends: nginx-core
 |Depends: nginx-full
 |Depends: nginx-light
  Depends: nginx-extras
root@webserver-01:/home/vagrant# apt-cache rdepends nginx
nginx
Reverse Depends:
  nginx-core
  nginx-light
  nginx-full
  nginx-extras
  nginx-core
  nginx-common
  nginx-common
 |zabbix-frontend-php
    nginx-extras
    nginx-light
    nginx-core
    nginx-full
  puppetmaster-common
    nginx-extras
    nginx-light
    nginx-core
    nginx-full
  nginx-light
  nginx-full
  nginx-extras
  fusiondirectory
    nginx-extras
    nginx-light
    nginx-core
    nginx-full
 |cacti
    nginx-extras
    nginx-light
    nginx-core
    nginx-full
  nginx-core
  nginx-common
  nginx-common
 |zoneminder
    nginx-extras
    nginx-light
    nginx-core
    nginx-full
 |zabbix-frontend-php
    nginx-extras
    nginx-light
    nginx-core
    nginx-full
  sx
    nginx-extras
    nginx-light
    nginx-core
    nginx-full
 |sugarplum
    nginx-extras
    nginx-light
    nginx-core
    nginx-full
 |samizdat
    nginx-extras
    nginx-light
    nginx-core
    nginx-full
 |pyblosxom
    nginx-extras
    nginx-light
    nginx-core
    nginx-full
  puppetmaster-common
    nginx-extras
    nginx-light
    nginx-core
    nginx-full
 |photofloat
    nginx-extras
    nginx-light
    nginx-core
    nginx-full
 |phabricator
    nginx-extras
    nginx-light
    nginx-core
    nginx-full
  nginx-light
  nginx-full
  nginx-extras
  kimchi
    nginx-extras
    nginx-light
    nginx-core
    nginx-full
 |gitlab
    nginx-extras
    nginx-light
    nginx-core
    nginx-full
  fusiondirectory
    nginx-extras
    nginx-light
    nginx-core
    nginx-full
  fcgiwrap
    nginx-extras
    nginx-light
    nginx-core
    nginx-full
  dotclear
    nginx-extras
    nginx-light
    nginx-core
    nginx-full
  diaspora-common
    nginx-extras
    nginx-light
    nginx-core
    nginx-full
 |coquelicot
    nginx-extras
    nginx-light
    nginx-core
    nginx-full
 |colplot
    nginx-extras
    nginx-light
    nginx-core
    nginx-full
  collectd-core
    nginx-extras
    nginx-light
    nginx-core
    nginx-full
 |cardstories
    nginx-extras
    nginx-light
    nginx-core
    nginx-full
 |cacti
    nginx-extras
    nginx-light
    nginx-core
    nginx-full
  nginx-common
  nginx-common
root@webserver-01:/home/vagrant# apt policy
Package files:
 100 /var/lib/dpkg/status
     release a=now
-32768 https://esm.ubuntu.com/infra/ubuntu xenial-infra-updates/main amd64 Packages
     release v=16.04,o=UbuntuESM,a=xenial-infra-updates,n=xenial,l=UbuntuESM,c=main,b=amd64
     origin esm.ubuntu.com
-32768 https://esm.ubuntu.com/infra/ubuntu xenial-infra-security/main amd64 Packages
     release v=16.04,o=UbuntuESM,a=xenial-infra-security,n=xenial,l=UbuntuESM,c=main,b=amd64
     origin esm.ubuntu.com
 500 http://dl.google.com/linux/chrome/deb stable/main amd64 Packages
     release v=1.0,o=Google LLC,a=stable,n=stable,l=Google,c=main,b=amd64
     origin dl.google.com
 500 http://security.ubuntu.com/ubuntu xenial-security/multiverse amd64 Packages
     release v=16.04,o=Ubuntu,a=xenial-security,n=xenial,l=Ubuntu,c=multiverse,b=amd64
     origin security.ubuntu.com
 500 http://security.ubuntu.com/ubuntu xenial-security/universe amd64 Packages
     release v=16.04,o=Ubuntu,a=xenial-security,n=xenial,l=Ubuntu,c=universe,b=amd64
     origin security.ubuntu.com
 500 http://security.ubuntu.com/ubuntu xenial-security/restricted amd64 Packages
     release v=16.04,o=Ubuntu,a=xenial-security,n=xenial,l=Ubuntu,c=restricted,b=amd64
     origin security.ubuntu.com
 500 http://security.ubuntu.com/ubuntu xenial-security/main amd64 Packages
     release v=16.04,o=Ubuntu,a=xenial-security,n=xenial,l=Ubuntu,c=main,b=amd64
     origin security.ubuntu.com
 100 http://archive.ubuntu.com/ubuntu xenial-backports/universe amd64 Packages
     release v=16.04,o=Ubuntu,a=xenial-backports,n=xenial,l=Ubuntu,c=universe,b=amd64
     origin archive.ubuntu.com
 100 http://archive.ubuntu.com/ubuntu xenial-backports/main amd64 Packages
     release v=16.04,o=Ubuntu,a=xenial-backports,n=xenial,l=Ubuntu,c=main,b=amd64
     origin archive.ubuntu.com
 500 http://archive.ubuntu.com/ubuntu xenial-updates/multiverse amd64 Packages
     release v=16.04,o=Ubuntu,a=xenial-updates,n=xenial,l=Ubuntu,c=multiverse,b=amd64
     origin archive.ubuntu.com
 500 http://archive.ubuntu.com/ubuntu xenial-updates/universe amd64 Packages
     release v=16.04,o=Ubuntu,a=xenial-updates,n=xenial,l=Ubuntu,c=universe,b=amd64
     origin archive.ubuntu.com
 500 http://archive.ubuntu.com/ubuntu xenial-updates/restricted amd64 Packages
     release v=16.04,o=Ubuntu,a=xenial-updates,n=xenial,l=Ubuntu,c=restricted,b=amd64
     origin archive.ubuntu.com
 500 http://archive.ubuntu.com/ubuntu xenial-updates/main amd64 Packages
     release v=16.04,o=Ubuntu,a=xenial-updates,n=xenial,l=Ubuntu,c=main,b=amd64
     origin archive.ubuntu.com
 500 http://archive.ubuntu.com/ubuntu xenial/multiverse amd64 Packages
     release v=16.04,o=Ubuntu,a=xenial,n=xenial,l=Ubuntu,c=multiverse,b=amd64
     origin archive.ubuntu.com
 500 http://archive.ubuntu.com/ubuntu xenial/universe amd64 Packages
     release v=16.04,o=Ubuntu,a=xenial,n=xenial,l=Ubuntu,c=universe,b=amd64
     origin archive.ubuntu.com
 500 http://archive.ubuntu.com/ubuntu xenial/restricted amd64 Packages
     release v=16.04,o=Ubuntu,a=xenial,n=xenial,l=Ubuntu,c=restricted,b=amd64
     origin archive.ubuntu.com
 500 http://archive.ubuntu.com/ubuntu xenial/main amd64 Packages
     release v=16.04,o=Ubuntu,a=xenial,n=xenial,l=Ubuntu,c=main,b=amd64
     origin archive.ubuntu.com
Pinned packages:
root@webserver-01:/home/vagrant# ls -1 /etc/apt/sources.list.d
google-chrome.list
ubuntu-esm-infra.list
root@webserver-01:/home/vagrant# add-apt-repository ppa : nginx
Error: need a single repository as argument
root@webserver-01:/home/vagrant# add-apt-repository ppa: nginx
Error: need a single repository as argument
root@webserver-01:/home/vagrant# add-apt-repository ppa:nginx/stable
 This PPA contains the latest Stable Release version of the nginx web server software.

**Only Non-End-of-Life Ubuntu Releases are supported in this PPA**

**Development releases of Ubuntu are not officially supported by this PPA, and uploads for those will not be available until actual final releases for those versions**
 More info: https://launchpad.net/~nginx/+archive/ubuntu/stable
Press [ENTER] to continue or ctrl-c to cancel adding it

gpg: keyring `/tmp/tmp0trgdkrp/secring.gpg' created
gpg: keyring `/tmp/tmp0trgdkrp/pubring.gpg' created
gpg: requesting key 3131CE23 from hkp server keyserver.ubuntu.com
gpg: /tmp/tmp0trgdkrp/trustdb.gpg: trustdb created
gpg: key 3131CE23: public key "Launchpad PPA for Nginx" imported
gpg: Total number processed: 1
gpg:               imported: 1  (RSA: 1)
OK
root@webserver-01:/home/vagrant# apt update
Hit:1 http://dl.google.com/linux/chrome/deb stable InRelease
Hit:2 http://security.ubuntu.com/ubuntu xenial-security InRelease
Get:3 http://ppa.launchpad.net/nginx/stable/ubuntu xenial InRelease [16.1 kB]
Get:4 https://esm.ubuntu.com/infra/ubuntu xenial-infra-security InRelease [7,521 B]
Get:5 https://esm.ubuntu.com/infra/ubuntu xenial-infra-updates InRelease [7,472 B]
Hit:6 http://archive.ubuntu.com/ubuntu xenial InRelease
Get:7 http://ppa.launchpad.net/nginx/stable/ubuntu xenial/main amd64 Packages [4,284 B]
Get:8 http://ppa.launchpad.net/nginx/stable/ubuntu xenial/main Translation-en [4,324 B]
Hit:9 http://archive.ubuntu.com/ubuntu xenial-updates InRelease
Hit:10 http://archive.ubuntu.com/ubuntu xenial-backports InRelease
Fetched 39.7 kB in 1s (30.9 kB/s)
Reading package lists... Done
Building dependency tree
Reading state information... Done
5 packages can be upgraded. Run 'apt list --upgradable' to see them.
root@webserver-01:/home/vagrant# ls -1 /etc/apt/sources.list.d
google-chrome.list
google-chrome.list.save
nginx-ubuntu-stable-xenial.list
ubuntu-esm-infra.list
ubuntu-esm-infra.list.save
root@webserver-01:/home/vagrant# apt policy
Package files:
 100 /var/lib/dpkg/status
     release a=now
-32768 https://esm.ubuntu.com/infra/ubuntu xenial-infra-updates/main amd64 Packages
     release v=16.04,o=UbuntuESM,a=xenial-infra-updates,n=xenial,l=UbuntuESM,c=main,b=amd64
     origin esm.ubuntu.com
-32768 https://esm.ubuntu.com/infra/ubuntu xenial-infra-security/main amd64 Packages
     release v=16.04,o=UbuntuESM,a=xenial-infra-security,n=xenial,l=UbuntuESM,c=main,b=amd64
     origin esm.ubuntu.com
 500 http://ppa.launchpad.net/nginx/stable/ubuntu xenial/main amd64 Packages
     release v=16.04,o=LP-PPA-nginx-stable,a=xenial,n=xenial,l=NGINX Stable,c=main,b=amd64
     origin ppa.launchpad.net
 500 http://dl.google.com/linux/chrome/deb stable/main amd64 Packages
     release v=1.0,o=Google LLC,a=stable,n=stable,l=Google,c=main,b=amd64
     origin dl.google.com
 500 http://security.ubuntu.com/ubuntu xenial-security/multiverse amd64 Packages
     release v=16.04,o=Ubuntu,a=xenial-security,n=xenial,l=Ubuntu,c=multiverse,b=amd64
     origin security.ubuntu.com
 500 http://security.ubuntu.com/ubuntu xenial-security/universe amd64 Packages
     release v=16.04,o=Ubuntu,a=xenial-security,n=xenial,l=Ubuntu,c=universe,b=amd64
     origin security.ubuntu.com
 500 http://security.ubuntu.com/ubuntu xenial-security/restricted amd64 Packages
     release v=16.04,o=Ubuntu,a=xenial-security,n=xenial,l=Ubuntu,c=restricted,b=amd64
     origin security.ubuntu.com
 500 http://security.ubuntu.com/ubuntu xenial-security/main amd64 Packages
     release v=16.04,o=Ubuntu,a=xenial-security,n=xenial,l=Ubuntu,c=main,b=amd64
     origin security.ubuntu.com
 100 http://archive.ubuntu.com/ubuntu xenial-backports/universe amd64 Packages
     release v=16.04,o=Ubuntu,a=xenial-backports,n=xenial,l=Ubuntu,c=universe,b=amd64
     origin archive.ubuntu.com
 100 http://archive.ubuntu.com/ubuntu xenial-backports/main amd64 Packages
     release v=16.04,o=Ubuntu,a=xenial-backports,n=xenial,l=Ubuntu,c=main,b=amd64
     origin archive.ubuntu.com
 500 http://archive.ubuntu.com/ubuntu xenial-updates/multiverse amd64 Packages
     release v=16.04,o=Ubuntu,a=xenial-updates,n=xenial,l=Ubuntu,c=multiverse,b=amd64
     origin archive.ubuntu.com
 500 http://archive.ubuntu.com/ubuntu xenial-updates/universe amd64 Packages
     release v=16.04,o=Ubuntu,a=xenial-updates,n=xenial,l=Ubuntu,c=universe,b=amd64
     origin archive.ubuntu.com
 500 http://archive.ubuntu.com/ubuntu xenial-updates/restricted amd64 Packages
     release v=16.04,o=Ubuntu,a=xenial-updates,n=xenial,l=Ubuntu,c=restricted,b=amd64
     origin archive.ubuntu.com
 500 http://archive.ubuntu.com/ubuntu xenial-updates/main amd64 Packages
     release v=16.04,o=Ubuntu,a=xenial-updates,n=xenial,l=Ubuntu,c=main,b=amd64
     origin archive.ubuntu.com
 500 http://archive.ubuntu.com/ubuntu xenial/multiverse amd64 Packages
     release v=16.04,o=Ubuntu,a=xenial,n=xenial,l=Ubuntu,c=multiverse,b=amd64
     origin archive.ubuntu.com
 500 http://archive.ubuntu.com/ubuntu xenial/universe amd64 Packages
     release v=16.04,o=Ubuntu,a=xenial,n=xenial,l=Ubuntu,c=universe,b=amd64
     origin archive.ubuntu.com
 500 http://archive.ubuntu.com/ubuntu xenial/restricted amd64 Packages
     release v=16.04,o=Ubuntu,a=xenial,n=xenial,l=Ubuntu,c=restricted,b=amd64
     origin archive.ubuntu.com
 500 http://archive.ubuntu.com/ubuntu xenial/main amd64 Packages
     release v=16.04,o=Ubuntu,a=xenial,n=xenial,l=Ubuntu,c=main,b=amd64
     origin archive.ubuntu.com
Pinned packages:
root@webserver-01:/home/vagrant# ppa-purge ppa:nginx/stable
The program 'ppa-purge' is currently not installed. You can install it by typing:
apt install ppa-purge
root@webserver-01:/home/vagrant# apt-get install ppa-purge
Reading package lists... Done
Building dependency tree       
Reading state information... Done
Suggested packages:
  aptitude
The following NEW packages will be installed:
  ppa-purge
0 upgraded, 1 newly installed, 0 to remove and 5 not upgraded.
Need to get 6,312 B of archives.
After this operation, 24.6 kB of additional disk space will be used.
Get:1 http://archive.ubuntu.com/ubuntu xenial/universe amd64 ppa-purge all 0.2.8+bzr63 [6,312 B]
Fetched 6,312 B in 10s (609 B/s)
Selecting previously unselected package ppa-purge.
(Reading database ... 54655 files and directories currently installed.)
Preparing to unpack .../ppa-purge_0.2.8+bzr63_all.deb ...
Unpacking ppa-purge (0.2.8+bzr63) ...
Processing triggers for man-db (2.7.5-1) ...
Setting up ppa-purge (0.2.8+bzr63) ...
root@webserver-01:/home/vagrant# ppa-purge ppa:nginx/stable
Updating packages lists
PPA to be removed: nginx stable
Package revert list generated:
 nginx/xenial nginx-common/xenial

Disabling nginx PPA from /etc/apt/sources.list.d/nginx-ubuntu-stable-xenial.list
Updating packages lists
Reading package lists... Done
Building dependency tree       
Reading state information... Done
Selected version '1.10.3-0ubuntu0.16.04.5+esm5' (UbuntuESM:16.04/xenial-infra-security [all]) for 'nginx'
Selected version '1.10.3-0ubuntu0.16.04.5+esm5' (UbuntuESM:16.04/xenial-infra-security [amd64]) for 'nginx-core' because of 'nginx'
Selected version '1.10.3-0ubuntu0.16.04.5+esm5' (UbuntuESM:16.04/xenial-infra-security [all]) for 'nginx-common'
The following additional packages will be installed:
  nginx-core
Suggested packages:
  fcgiwrap nginx-doc ssl-cert
The following packages will be upgraded:
  nginx nginx-common nginx-core
3 upgraded, 0 newly installed, 0 to remove and 3 not upgraded.
Need to get 459 kB of archives.
After this operation, 5,120 B of additional disk space will be used.
Do you want to continue? [Y/n] y
Err:1 https://esm.ubuntu.com/infra/ubuntu xenial-infra-security/main amd64 nginx-core amd64 1.10.3-0ubuntu0.16.04.5+esm5
  401  Unauthorized
Err:2 https://esm.ubuntu.com/infra/ubuntu xenial-infra-security/main amd64 nginx-common all 1.10.3-0ubuntu0.16.04.5+esm5
  401  Unauthorized
Err:3 https://esm.ubuntu.com/infra/ubuntu xenial-infra-security/main amd64 nginx all 1.10.3-0ubuntu0.16.04.5+esm5
  401  Unauthorized
E: Failed to fetch https://esm.ubuntu.com/infra/ubuntu/pool/main/n/nginx/nginx-core_1.10.3-0ubuntu0.16.04.5+esm5_amd64.deb  401  Unauthorized

E: Failed to fetch https://esm.ubuntu.com/infra/ubuntu/pool/main/n/nginx/nginx-common_1.10.3-0ubuntu0.16.04.5+esm5_all.deb  401  Unauthorized

E: Failed to fetch https://esm.ubuntu.com/infra/ubuntu/pool/main/n/nginx/nginx_1.10.3-0ubuntu0.16.04.5+esm5_all.deb  401  Unauthorized

E: Unable to fetch some archives, maybe run apt-get update or try with --fix-missing?
/usr/sbin/ppa-purge: line 191: aptitude: command not found
Warning:  Something went wrong, packages may not have been reverted
root@webserver-01:/home/vagrant# apt update
Hit:1 https://esm.ubuntu.com/infra/ubuntu xenial-infra-security InRelease                              
Hit:2 https://esm.ubuntu.com/infra/ubuntu xenial-infra-updates InRelease                                                          
Hit:3 http://archive.ubuntu.com/ubuntu xenial InRelease                                                                           
Hit:4 http://archive.ubuntu.com/ubuntu xenial-updates InRelease                               
Hit:5 http://dl.google.com/linux/chrome/deb stable InRelease
Hit:6 http://archive.ubuntu.com/ubuntu xenial-backports InRelease       
Hit:7 http://security.ubuntu.com/ubuntu xenial-security InRelease
Reading package lists... Done
Building dependency tree       
Reading state information... Done
3 packages can be upgraded. Run 'apt list --upgradable' to see them.
root@webserver-01:/home/vagrant# top
top - 10:43:53 up  4:20,  1 user,  load average: 0.00, 0.00, 0.00
Tasks: 111 total,   1 running, 110 sleeping,   0 stopped,   0 zombie
%Cpu(s):  0.2 us,  0.5 sy,  0.0 ni, 99.2 id,  0.0 wa,  0.0 hi,  0.2 si,  0.0 st
KiB Mem :  4046356 total,  3494712 free,    54500 used,   497144 buff/cache
KiB Swap:        0 total,        0 free,        0 used.  3750696 avail Mem

  PID USER      PR  NI    VIRT    RES    SHR S  %CPU %MEM     TIME+ COMMAND                                                                                                         
 3072 vagrant   20   0   93100   4824   3752 S   0.6  0.1   0:05.48 sshd
 1120 root      10 -10    5716   3516   2432 S   0.3  0.1   0:26.19 iscsid
 3738 root      20   0       0      0      0 S   0.3  0.0   0:19.77 kworker/0:1
11464 root      20   0   40496   3712   3140 R   0.3  0.1   0:00.52 top                                                                                                             
    1 root      20   0  119516   5584   3928 S   0.0  0.1   0:02.27 systemd
    2 root      20   0       0      0      0 S   0.0  0.0   0:00.01 kthreadd
    3 root      20   0       0      0      0 S   0.0  0.0   0:00.44 ksoftirqd/0
    5 root       0 -20       0      0      0 S   0.0  0.0   0:00.00 kworker/0:0H
    7 root      20   0       0      0      0 S   0.0  0.0   0:01.42 rcu_sched
    8 root      20   0       0      0      0 S   0.0  0.0   0:00.00 rcu_bh
    9 root      rt   0       0      0      0 S   0.0  0.0   0:00.39 migration/0
   10 root      rt   0       0      0      0 S   0.0  0.0   0:01.58 watchdog/0
   11 root      rt   0       0      0      0 S   0.0  0.0   0:02.04 watchdog/1
   12 root      rt   0       0      0      0 S   0.0  0.0   0:00.31 migration/1
   13 root      20   0       0      0      0 S   0.0  0.0   0:01.40 ksoftirqd/1
   14 root      20   0       0      0      0 S   0.0  0.0   0:33.67 kworker/1:0
   15 root       0 -20       0      0      0 S   0.0  0.0   0:00.00 kworker/1:0H
   17 root      20   0       0      0      0 S   0.0  0.0   0:00.00 kdevtmpfs
   18 root       0 -20       0      0      0 S   0.0  0.0   0:00.00 netns
   19 root       0 -20       0      0      0 S   0.0  0.0   0:00.00 perf
   20 root      20   0       0      0      0 S   0.0  0.0   0:00.02 khungtaskd
   21 root       0 -20       0      0      0 S   0.0  0.0   0:00.00 writeback
   22 root      25   5       0      0      0 S   0.0  0.0   0:00.00 ksmd
top - 10:44:00 up  4:20,  1 user,  load average: 0.00, 0.00, 0.00
Tasks: 111 total,   2 running, 109 sleeping,   0 stopped,   0 zombie
%Cpu(s):  0.0 us,  0.1 sy,  0.0 ni, 99.9 id,  0.0 wa,  0.0 hi,  0.1 si,  0.0 st
KiB Mem :  4046356 total,  3494712 free,    54500 used,   497144 buff/cache
KiB Swap:        0 total,        0 free,        0 used.  3750696 avail Mem

  PID USER      PR  NI    VIRT    RES    SHR S  %CPU %MEM     TIME+ COMMAND                                                                                                         
   14 root      20   0       0      0      0 S   0.1  0.0   0:33.68 kworker/1:0
 1120 root      10 -10    5716   3516   2432 S   0.1  0.1   0:26.20 iscsid
 1252 root      20   0  310932   2620   2216 S   0.1  0.1   0:23.54 VBoxService
 2962 www-data  20   0  125332   3228   1660 S   0.1  0.1   0:10.67 nginx
 3072 vagrant   20   0   93100   4824   3752 R   0.1  0.1   0:05.49 sshd                                                                                                            
11464 root      20   0   40496   3712   3140 R   0.1  0.1   0:00.53 top                                                                                                             
11465 root      20   0       0      0      0 S   0.1  0.0   0:00.05 kworker/u4:2
    1 root      20   0  119516   5584   3928 S   0.0  0.1   0:02.27 systemd
    2 root      20   0       0      0      0 S   0.0  0.0   0:00.01 kthreadd
    3 root      20   0       0      0      0 S   0.0  0.0   0:00.44 ksoftirqd/0
    5 root       0 -20       0      0      0 S   0.0  0.0   0:00.00 kworker/0:0H
    7 root      20   0       0      0      0 S   0.0  0.0   0:01.42 rcu_sched
    8 root      20   0       0      0      0 S   0.0  0.0   0:00.00 rcu_bh
    9 root      rt   0       0      0      0 S   0.0  0.0   0:00.39 migration/0
   10 root      rt   0       0      0      0 S   0.0  0.0   0:01.58 watchdog/0
   11 root      rt   0       0      0      0 S   0.0  0.0   0:02.04 watchdog/1
   12 root      rt   0       0      0      0 S   0.0  0.0   0:00.31 migration/1
   13 root      20   0       0      0      0 S   0.0  0.0   0:01.40 ksoftirqd/1
   15 root       0 -20       0      0      0 S   0.0  0.0   0:00.00 kworker/1:0H
   17 root      20   0       0      0      0 S   0.0  0.0   0:00.00 kdevtmpfs
   18 root       0 -20       0      0      0 S   0.0  0.0   0:00.00 netns
   19 root       0 -20       0      0      0 S   0.0  0.0   0:00.00 perf
   20 root      20   0       0      0      0 S   0.0  0.0   0:00.02 khungtaskd
root@webserver-01:/home/vagrant# top -bn1 | "Cpu(s)" | "s/.*, *\([0-9.]*\)%* id.*/\1/"
bash: s/.*, *\([0-9.]*\)%* id.*/\1/: No such file or directory
Cpu(s): command not found
root@webserver-01:/home/vagrant# top -bn1 | grep "Cpu(s)" | "s/.*, *\([0-9.]*\)%* id.*/\1/"
bash: s/.*, *\([0-9.]*\)%* id.*/\1/: No such file or directory
root@webserver-01:/home/vagrant# top -bn1 | grep "Cpu(s)" | sed "s/.*, *\([0-9.]*\)%* id.*/\1/"
99.6
root@webserver-01:/home/vagrant# top -bn1 | grep "Cpu(s)" | sed "s/.*, *\([0-9]*\)%* id.*/\1/"
%Cpu(s):  0.1 us,  0.2 sy,  0.0 ni, 99.6 id,  0.0 wa,  0.0 hi,  0.1 si,  0.0 st
root@webserver-01:/home/vagrant# top -bn1 | grep "Cpu(s)" | sed "s/.*, *\([0-9.]*\) id.*/\1/"
99.6
root@webserver-01:/home/vagrant# vim /opt/time_script.sh
root@webserver-01:/home/vagrant# ls -la /opt/time_script.sh
ls: cannot access '/opt/time_script.sh': No such file or directory
root@webserver-01:/home/vagrant# vim /opt/time_script.sh
root@webserver-01:/home/vagrant# ls -la /opt/time_script.sh
-rw-r--r-- 1 root root 116 Sep 16 12:08 /opt/time_script.sh
root@webserver-01:/home/vagrant# chmod +x /opt/time_script.sh
root@webserver-01:/home/vagrant# chmod +x /opt/time_script.sh
root@webserver-01:/home/vagrant# ls -la /opt/time_script.sh
-rwxr-xr-x 1 root root 116 Sep 16 12:08 /opt/time_script.sh
root@webserver-01:/home/vagrant# ls -la /etc/systemd/system/
total 60
drwxr-xr-x 15 root root 4096 Oct  1  2021 .
drwxr-xr-x  5 root root 4096 Oct  1  2021 ..
drwxr-xr-x  2 root root 4096 Oct  1  2021 cloud-final.service.wants
drwxr-xr-x  2 root root 4096 Oct  1  2021 cloud-init.target.wants
drwxr-xr-x  2 root root 4096 Oct  1  2021 default.target.wants
drwxr-xr-x  2 root root 4096 Oct  1  2021 final.target.wants
drwxr-xr-x  2 root root 4096 Oct  1  2021 getty.target.wants
drwxr-xr-x  2 root root 4096 Oct  1  2021 graphical.target.wants
lrwxrwxrwx  1 root root   38 Oct  1  2021 iscsi.service -> /lib/systemd/system/open-iscsi.service
drwxr-xr-x  2 root root 4096 Sep 15 11:37 multi-user.target.wants
drwxr-xr-x  2 root root 4096 Oct  1  2021 network-online.target.wants
drwxr-xr-x  2 root root 4096 Oct  1  2021 open-vm-tools.service.requires
drwxr-xr-x  2 root root 4096 Oct  1  2021 paths.target.wants
drwxr-xr-x  2 root root 4096 Oct  1  2021 sockets.target.wants
lrwxrwxrwx  1 root root   31 Oct  1  2021 sshd.service -> /lib/systemd/system/ssh.service
drwxr-xr-x  2 root root 4096 Oct  1  2021 sysinit.target.wants
lrwxrwxrwx  1 root root   35 Oct  1  2021 syslog.service -> /lib/systemd/system/rsyslog.service
drwxr-xr-x  2 root root 4096 Oct  1  2021 timers.target.wants
root@webserver-01:/home/vagrant# vim  /etc/systemd/system/time_script_service.service
root@webserver-01:/home/vagrant# cat  /etc/systemd/system/time_script_service.service
[Unit]
Description=Time Recording Script
After=network.target

[Service]
ExecStart=/opt/time_script.sh
ExecReload=/bin/kill -HUP $MAINPID
Restart=on-failure
StartlimitInterval=60
StartlimitBurst=5

[Install]
Wantedby=multi-user.target
root@webserver-01:/home/vagrant# vim  /etc/systemd/system/time_script_service.service
root@webserver-01:/home/vagrant# cat  /etc/systemd/system/time_script_service.service
[Unit]
Description=Time Recording Script
After=network.target

[Service]
ExecStart=/opt/time_script.sh
ExecReload=/bin/kill -HUP $MAINPID
Restart=on-failure
StartLimitInterval=60
StartLimitBurst=5

[Install]
WantedBy=multi-user.target
root@webserver-01:/home/vagrant# vim  /etc/systemd/system/time_script_service.service
root@webserver-01:/home/vagrant# cat  /etc/systemd/system/time_script_service.service
[Unit]
Description=Time Recording Script
After=network.target

[Service]
ExecStart=/opt/time_script.sh
ExecReload=/bin/kill -HUP $MAINPID
Restart=on-failure
StartLimitInterval=60
StartLimitBurst=5

[Install]
WantedBy=multi-user.target
root@webserver-01:/home/vagrant# systemctl start time_script_service
root@webserver-01:/home/vagrant# cat /var/log/example.log
cat: /var/log/example.log: No such file or directory
root@webserver-01:/home/vagrant# systemctl deamon-reload
Unknown operation deamon-reload.
root@webserver-01:/home/vagrant# systemctl daemon-reload
root@webserver-01:/home/vagrant# systemctl start time_script_service
root@webserver-01:/home/vagrant# cat /var/log/example.log
cat: /var/log/example.log: No such file or directory
root@webserver-01:/home/vagrant# systemctl status time_script_service
● time_script_service.service - Time Recording Script
   Loaded: loaded (/etc/systemd/system/time_script_service.service; disabled; vendor preset: enabled)
   Active: inactive (dead)

Sep 16 12:53:24 webserver-01 systemd[1]: Started Time Recording Script.
Sep 16 12:56:36 webserver-01 systemd[1]: Started Time Recording Script.
root@webserver-01:/home/vagrant# cat /var/log/time_script_log.log
Current time: 12:53:24
Current time: 12:56:36
root@webserver-01:/home/vagrant# vim /opt/time_script.sh
root@webserver-01:/home/vagrant# ls -la /opt/time_script.sh
-rwxr-xr-x 1 root root 163 Sep 16 13:14 /opt/time_script.sh
root@webserver-01:/home/vagrant# vim /var/log/time_script_log.log
root@webserver-01:/home/vagrant# systemctl start time_script_service
root@webserver-01:/home/vagrant# systemctl killall -9 time_script_service
systemctl: invalid option -- '9'
root@webserver-01:/home/vagrant# systemctl killall time_script_service
Unknown operation killall.
root@webserver-01:/home/vagrant# killall -9 time_script_service
time_script_service: no process found
root@webserver-01:/home/vagrant# cat /var/log/time_script_log.log

Current time: 13:20:26
Current time: 13:20:41
Current time: 13:20:56
Current time: 13:21:11
Current time: 13:21:26
Current time: 13:21:42
Current time: 13:21:57
Current time: 13:22:12
Current time: 13:22:27
root@webserver-01:/home/vagrant# cat /var/log/time_script_log.log

Current time: 13:20:26
Current time: 13:20:41
Current time: 13:20:56
Current time: 13:21:11
Current time: 13:21:26
Current time: 13:21:42
Current time: 13:21:57
Current time: 13:22:12
Current time: 13:22:27
Current time: 13:22:42
Current time: 13:22:57
root@webserver-01:/home/vagrant# top
top - 13:24:21 up  7:00,  1 user,  load average: 0.10, 0.03, 0.01
Tasks: 113 total,   1 running, 112 sleeping,   0 stopped,   0 zombie
%Cpu(s):  0.0 us,  0.3 sy,  0.0 ni, 99.0 id,  0.0 wa,  0.0 hi,  0.7 si,  0.0 st
KiB Mem :  4046356 total,  3489316 free,    54532 used,   502508 buff/cache
KiB Swap:        0 total,        0 free,        0 used.  3750508 avail Mem

  PID USER      PR  NI    VIRT    RES    SHR S  %CPU %MEM     TIME+ COMMAND                                                                                                         
   13 root      20   0       0      0      0 S   0.7  0.0   0:01.79 ksoftirqd/1
 3072 vagrant   20   0   93100   4824   3752 S   0.7  0.1   0:12.20 sshd
    1 root      20   0  119512   5584   3928 S   0.0  0.1   0:02.47 systemd
    2 root      20   0       0      0      0 S   0.0  0.0   0:00.02 kthreadd
    3 root      20   0       0      0      0 S   0.0  0.0   0:00.62 ksoftirqd/0
    5 root       0 -20       0      0      0 S   0.0  0.0   0:00.00 kworker/0:0H
    7 root      20   0       0      0      0 S   0.0  0.0   0:02.26 rcu_sched
    8 root      20   0       0      0      0 S   0.0  0.0   0:00.00 rcu_bh
    9 root      rt   0       0      0      0 S   0.0  0.0   0:00.42 migration/0
   10 root      rt   0       0      0      0 S   0.0  0.0   0:02.62 watchdog/0
   11 root      rt   0       0      0      0 S   0.0  0.0   0:03.38 watchdog/1
   12 root      rt   0       0      0      0 S   0.0  0.0   0:00.33 migration/1
   14 root      20   0       0      0      0 S   0.0  0.0   0:49.30 kworker/1:0
   15 root       0 -20       0      0      0 S   0.0  0.0   0:00.00 kworker/1:0H
   17 root      20   0       0      0      0 S   0.0  0.0   0:00.00 kdevtmpfs
   18 root       0 -20       0      0      0 S   0.0  0.0   0:00.00 netns
   19 root       0 -20       0      0      0 S   0.0  0.0   0:00.00 perf
   20 root      20   0       0      0      0 S   0.0  0.0   0:00.05 khungtaskd
   21 root       0 -20       0      0      0 S   0.0  0.0   0:00.00 writeback
   22 root      25   5       0      0      0 S   0.0  0.0   0:00.00 ksmd
   23 root      39  19       0      0      0 S   0.0  0.0   0:00.00 khugepaged
   24 root       0 -20       0      0      0 S   0.0  0.0   0:00.00 crypto
   25 root       0 -20       0      0      0 S   0.0  0.0   0:00.00 kintegrityd
root@webserver-01:/home/vagrant# systemctl daemon-reload
root@webserver-01:/home/vagrant# top
top - 13:27:17 up  7:03,  1 user,  load average: 0.13, 0.05, 0.01
Tasks: 113 total,   1 running, 112 sleeping,   0 stopped,   0 zombie
%Cpu(s):  0.0 us,  0.6 sy,  0.0 ni, 99.4 id,  0.0 wa,  0.0 hi,  0.0 si,  0.0 st
KiB Mem :  4046356 total,  3488928 free,    54828 used,   502600 buff/cache
KiB Swap:        0 total,        0 free,        0 used.  3750232 avail Mem

  PID USER      PR  NI    VIRT    RES    SHR S  %CPU %MEM     TIME+ COMMAND                                                                                                         
 3072 vagrant   20   0   93100   4824   3752 S   2.5  0.1   0:14.95 sshd
   13 root      20   0       0      0      0 S   1.2  0.0   0:02.48 ksoftirqd/1
11693 root      20   0   40500   3760   3184 R   1.2  0.1   0:03.54 top                                                                                                             
    1 root      20   0  119512   5584   3928 S   0.0  0.1   0:02.52 systemd
    2 root      20   0       0      0      0 S   0.0  0.0   0:00.02 kthreadd
    3 root      20   0       0      0      0 S   0.0  0.0   0:00.64 ksoftirqd/0
    5 root       0 -20       0      0      0 S   0.0  0.0   0:00.00 kworker/0:0H
    7 root      20   0       0      0      0 S   0.0  0.0   0:02.40 rcu_sched
    8 root      20   0       0      0      0 S   0.0  0.0   0:00.00 rcu_bh
    9 root      rt   0       0      0      0 S   0.0  0.0   0:00.43 migration/0
   10 root      rt   0       0      0      0 S   0.0  0.0   0:02.64 watchdog/0
   11 root      rt   0       0      0      0 S   0.0  0.0   0:03.41 watchdog/1
   12 root      rt   0       0      0      0 S   0.0  0.0   0:00.33 migration/1
   14 root      20   0       0      0      0 S   0.0  0.0   0:49.30 kworker/1:0
   15 root       0 -20       0      0      0 S   0.0  0.0   0:00.00 kworker/1:0H
   17 root      20   0       0      0      0 S   0.0  0.0   0:00.00 kdevtmpfs
   18 root       0 -20       0      0      0 S   0.0  0.0   0:00.00 netns
   19 root       0 -20       0      0      0 S   0.0  0.0   0:00.00 perf
   20 root      20   0       0      0      0 S   0.0  0.0   0:00.05 khungtaskd
   21 root       0 -20       0      0      0 S   0.0  0.0   0:00.00 writeback
   22 root      25   5       0      0      0 S   0.0  0.0   0:00.00 ksmd
   23 root      39  19       0      0      0 S   0.0  0.0   0:00.00 khugepaged
   24 root       0 -20       0      0      0 S   0.0  0.0   0:00.00 crypto
root@webserver-01:/home/vagrant# systemctl status time_script_service
● time_script_service.service - Time Recording Script
   Loaded: loaded (/etc/systemd/system/time_script_service.service; disabled; vendor preset: enabled)
   Active: active (running) since Mon 2024-09-16 13:20:11 UTC; 7min ago
 Main PID: 11618 (time_script.sh)
   CGroup: /system.slice/time_script_service.service
           ├─11618 /bin/bash /opt/time_script.sh
           └─11709 sleep 15

Sep 16 13:20:11 webserver-01 systemd[1]: Started Time Recording Script.
root@webserver-01:/home/vagrant# kill 11618
root@webserver-01:/home/vagrant# systemctl status time_script_service
● time_script_service.service - Time Recording Script
   Loaded: loaded (/etc/systemd/system/time_script_service.service; disabled; vendor preset: enabled)
   Active: inactive (dead)

Sep 16 12:53:24 webserver-01 systemd[1]: Started Time Recording Script.
Sep 16 12:56:36 webserver-01 systemd[1]: Started Time Recording Script.
Sep 16 13:20:11 webserver-01 systemd[1]: Started Time Recording Script.
root@webserver-01:/home/vagrant# cat /var/log/time_script_log.log

Current time: 13:20:26
Current time: 13:20:41
Current time: 13:20:56
Current time: 13:21:11
Current time: 13:21:26
Current time: 13:21:42
Current time: 13:21:57
Current time: 13:22:12
Current time: 13:22:27
Current time: 13:22:42
Current time: 13:22:57
Current time: 13:23:12
Current time: 13:23:27
Current time: 13:28:12
Current time: 13:28:27
Current time: 13:28:42
root@webserver-01:/home/vagrant# ip a
1: lo: <LOOPBACK,UP,LOWER_UP> mtu 65536 qdisc noqueue state UNKNOWN group default qlen 1
    link/loopback 00:00:00:00:00:00 brd 00:00:00:00:00:00
    inet 127.0.0.1/8 scope host lo
       valid_lft forever preferred_lft forever
    inet6 ::1/128 scope host 
       valid_lft forever preferred_lft forever
2: enp0s3: <BROADCAST,MULTICAST,UP,LOWER_UP> mtu 1500 qdisc pfifo_fast state UP group default qlen 1000
    link/ether 02:be:82:6b:cc:1d brd ff:ff:ff:ff:ff:ff
    inet 10.0.2.15/24 brd 10.0.2.255 scope global enp0s3
       valid_lft forever preferred_lft forever
    inet6 fe80::be:82ff:fe6b:cc1d/64 scope link
       valid_lft forever preferred_lft forever
3: enp0s8: <BROADCAST,MULTICAST,UP,LOWER_UP> mtu 1500 qdisc pfifo_fast state UP group default qlen 1000
    link/ether 08:00:27:cc:2e:eb brd ff:ff:ff:ff:ff:ff
    inet 192.168.43.20/24 brd 192.168.43.255 scope global enp0s8
       valid_lft forever preferred_lft forever
    inet6 fe80::a00:27ff:fecc:2eeb/64 scope link
       valid_lft forever preferred_lft forever
root@webserver-01:/home/vagrant# logout
bash: logout: not login shell: use `exit'
root@webserver-01:/home/vagrant# logout
bash: logout: not login shell: use `exit'
root@webserver-01:/home/vagrant# exit
exit
vagrant@webserver-01:~$ logout
Connection to 127.0.0.1 closed.
PS C:\Users\Ry\IdeaProjects\rddevry_project1\devops2_volodymyr\linux_homework6_volodymyr> vagrant reload                                              
==> wm1: Attempting graceful shutdown of VM...
==> wm1: Checking if box 'ubuntu/xenial64' version '20211001.0.2' is up to date...
==> wm1: Clearing any previously set forwarded ports...
==> wm1: Clearing any previously set network interfaces...
==> wm1: Preparing network interfaces based on configuration...
    wm1: Adapter 1: nat
    wm1: Adapter 2: bridged
==> wm1: Forwarding ports...
    wm1: 22 (guest) => 2222 (host) (adapter 1)
==> wm1: Running 'pre-boot' VM customizations...
==> wm1: Booting VM...
==> wm1: Waiting for machine to boot. This may take a few minutes...
    wm1: SSH address: 127.0.0.1:2222
    wm1: SSH username: vagrant
    wm1: SSH auth method: private key
==> wm1: Machine booted and ready!
==> wm1: Checking for guest additions in VM...
    wm1: The guest additions on this VM do not match the installed version of
    wm1: VirtualBox! In most cases this is fine, but in rare cases it can        
    wm1: prevent things such as shared folders from working properly. If you see 
    wm1: shared folder errors, please make sure the guest additions within the   
    wm1: virtual machine match the version of VirtualBox you have installed on   
    wm1: your host and reload your VM.
    wm1:
    wm1: Guest Additions Version: 5.1.38
    wm1: VirtualBox Version: 7.0
==> wm1: Setting hostname...
==> wm1: Configuring and enabling network interfaces...
==> wm1: Mounting shared folders...
    wm1: /vagrant => C:/Users/Ry/IdeaProjects/rddevry_project1/devops2_volodymyr/linux_homework6_volodymyr
    wm1: /vagrant_data => C:/Users/Ry/IdeaProjects/rddevry_project1/devops2_volodymyr/linux_homework6_volodymyr/shared
==> wm1: Machine already provisioned. Run `vagrant provision` or use the `--provision`
==> wm1: flag to force provisioning. Provisioners marked to run always will still run.
PS C:\Users\Ry\IdeaProjects\rddevry_project1\devops2_volodymyr\linux_homework6_volodymyr> vagraant ssh
vagraant : The term 'vagraant' is not recognized as the name of a cmdlet, 
function, script file, or operable program. Check the spelling of the name, or   
if a path was included, verify that the path is correct and try again.
At line:1 char:1
+ vagraant ssh
+ ~~~~~~~~
    + CategoryInfo          : ObjectNotFound: (vagraant:String) [], CommandNotF  
   oundException
    + FullyQualifiedErrorId : CommandNotFoundException

PS C:\Users\Ry\IdeaProjects\rddevry_project1\devops2_volodymyr\linux_homework6_volodymyr> vagrant ssh 
Welcome to Ubuntu 16.04.7 LTS (GNU/Linux 4.4.0-210-generic x86_64)

 * Documentation:  https://help.ubuntu.com
 * Management:     https://landscape.canonical.com
 * Support:        https://ubuntu.com/pro

Expanded Security Maintenance for Infrastructure is enabled.

3 updates can be applied immediately.
To see these additional updates run: apt list --upgradable

Ubuntu comes with ABSOLUTELY NO WARRANTY, to the extent permitted by
applicable law.

New release '18.04.6 LTS' available.
Run 'do-release-upgrade' to upgrade to it.


Last login: Sun Sep 15 11:38:50 2024 from 10.0.2.2
vagrant@webserver-01:~$ ip a
1: lo: <LOOPBACK,UP,LOWER_UP> mtu 65536 qdisc noqueue state UNKNOWN group default qlen 1
    link/loopback 00:00:00:00:00:00 brd 00:00:00:00:00:00
    inet 127.0.0.1/8 scope host lo
       valid_lft forever preferred_lft forever
    inet6 ::1/128 scope host
       valid_lft forever preferred_lft forever
2: enp0s3: <BROADCAST,MULTICAST,UP,LOWER_UP> mtu 1500 qdisc pfifo_fast state UP group default qlen 1000
    link/ether 02:be:82:6b:cc:1d brd ff:ff:ff:ff:ff:ff
    inet 10.0.2.15/24 brd 10.0.2.255 scope global enp0s3
       valid_lft forever preferred_lft forever
    inet6 fe80::be:82ff:fe6b:cc1d/64 scope link
vagrant@webserver-01:~$ sudo su
root@webserver-01:/home/vagrant# vim /opt/time_script.sh
root@webserver-01:/home/vagrant# cat /opt/time_script.sh
#!/bin/bash

while sleep 15
    do
        current_time="`date "+%H:%M:%S"`";
        echo "Current time: $current_time" >> /var/log/time_script_log.log;
    done
root@webserver-01:/home/vagrant# sudo ufw enable
Command may disrupt existing ssh connections. Proceed with operation (y|n)? y
Traceback (most recent call last):
  File "/usr/sbin/ufw", line 128, in <module>
    not ui.continue_under_ssh():
  File "/usr/lib/python3/dist-packages/ufw/frontend.py", line 885, in continue_under_ssh
    ans = sys.stdin.readline().lower().strip()
  File "/usr/lib/python3.5/codecs.py", line 321, in decode
    (result, consumed) = self._buffer_decode(data, self.errors, final)
UnicodeDecodeError: 'utf-8' codec can't decode byte 0xd0 in position 0: invalid continuation byte
root@webserver-01:/home/vagrant# sudo ufw deny from 192.168.0.105 to any port 22
Rules updated
root@webserver-01:/home/vagrant# sudo ufw allow from 192.168.0.104 to any port 22
Rules updated
root@webserver-01:/home/vagrant# sudo ufw allow http
Rules updated
Rules updated (v6)
root@webserver-01:/home/vagrant# sudo ufw status
Status: inactive
root@webserver-01:/home/vagrant# sudo ufw active
ERROR: Invalid syntax

Usage: ufw COMMAND

Commands:
 enable                          enables the firewall
 disable                         disables the firewall
 default ARG                     set default policy
 logging LEVEL                   set logging to LEVEL
 allow ARGS                      add allow rule
 deny ARGS                       add deny rule
 reject ARGS                     add reject rule
 limit ARGS                      add limit rule
 delete RULE|NUM                 delete RULE
 insert NUM RULE                 insert RULE at NUM
 route RULE                      add route RULE
 route delete RULE|NUM           delete route RULE
 route insert NUM RULE           insert route RULE at NUM
 reload                          reload firewall
 reset                           reset firewall
 status                          show firewall status
 status numbered                 show firewall status as numbered list of RULES
 status verbose                  show verbose firewall status
 show ARG                        show firewall report
 version                         display version information

Application profile commands:
 app list                        list application profiles
 app info PROFILE                show information on PROFILE
 app update PROFILE              update PROFILE
 app default ARG                 set default application policy

root@webserver-01:/home/vagrant# sudo ufw enable
80                         ALLOW       Anywhere
80 (v6)                    ALLOW       Anywhere (v6)

root@webserver-01:/home/vagrant# ip a
1: lo: <LOOPBACK,UP,LOWER_UP> mtu 65536 qdisc noqueue state UNKNOWN group default qlen 1
    link/loopback 00:00:00:00:00:00 brd 00:00:00:00:00:00
    inet 127.0.0.1/8 scope host lo
       valid_lft forever preferred_lft forever
    inet6 ::1/128 scope host
       valid_lft forever preferred_lft forever
2: enp0s3: <BROADCAST,MULTICAST,UP,LOWER_UP> mtu 1500 qdisc pfifo_fast state UP group default qlen 1000
    link/ether 02:be:82:6b:cc:1d brd ff:ff:ff:ff:ff:ff
    inet 10.0.2.15/24 brd 10.0.2.255 scope global enp0s3
       valid_lft forever preferred_lft forever
    inet6 fe80::be:82ff:fe6b:cc1d/64 scope link
       valid_lft forever preferred_lft forever
3: enp0s8: <BROADCAST,MULTICAST,UP,LOWER_UP> mtu 1500 qdisc pfifo_fast state UP group default qlen 1000
    link/ether 08:00:27:cc:2e:eb brd ff:ff:ff:ff:ff:ff
    inet 192.168.0.107/24 brd 192.168.0.255 scope global enp0s8
       valid_lft forever preferred_lft forever
    inet6 fe80::a00:27ff:fecc:2eeb/64 scope link
       valid_lft forever preferred_lft forever
root@webserver-01:/home/vagrant#
root@webserver-01:/home/vagrant# sudo ufw status
Status: active

To                         Action      From
--                         ------      ----
22                         DENY        192.168.0.105
22                         ALLOW       192.168.0.104
80                         ALLOW       Anywhere
80 (v6)                    ALLOW       Anywhere (v6)

root@webserver-01:/home/vagrant# sudo ufw deny http
Rule updated
Rule updated (v6)
root@webserver-01:/home/vagrant# sudo ufw deny http from 192.168.0.105
ERROR: Wrong number of arguments
root@webserver-01:/home/vagrant# sudo ufw allow http 192.168.0.105
ERROR: Need 'to' or 'from' clause
root@webserver-01:/home/vagrant# sudo ufw allow http from 192.168.0.105
ERROR: Wrong number of arguments
root@webserver-01:/home/vagrant# sudo ufw allow from 192.168.0.104 to any port http
Rule added
root@webserver-01:/home/vagrant# sudo ufw allow from 192.168.0.105 to any port http
Rule added
root@webserver-01:/home/vagrant# ufw status
Status: active

To                         Action      From
--                         ------      ----
22                         DENY        192.168.0.105
22                         ALLOW       192.168.0.104
80                         DENY        Anywhere
80                         ALLOW       192.168.0.104
80                         ALLOW       192.168.0.105
80 (v6)                    DENY        Anywhere (v6)

root@webserver-01:/home/vagrant# ufw status numbered
Status: active

     To                         Action      From
     --                         ------      ----
[ 1] 22                         DENY IN     192.168.0.105
[ 2] 22                         ALLOW IN    192.168.0.104
[ 3] 80                         DENY IN     Anywhere
[ 4] 80                         ALLOW IN    192.168.0.104
[ 5] 80                         ALLOW IN    192.168.0.105
[ 6] 80 (v6)                    DENY IN     Anywhere (v6)
Deleting:
 allow from 192.168.0.104 to any port 80
Proceed with operation (y|n)? n
Aborted
root@webserver-01:/home/vagrant# ufw delete 3
Deleting:
 deny 80
Proceed with operation (y|n)? y
Rule deleted
root@webserver-01:/home/vagrant# ufw deny http
Rule added
Skipping adding existing rule (v6)
root@webserver-01:/home/vagrant# rule status
rule: command not found
root@webserver-01:/home/vagrant# ufw status
Status: active

To                         Action      From
--                         ------      ----
22                         DENY        192.168.0.105
22                         ALLOW       192.168.0.104
80                         ALLOW       192.168.0.104
80                         ALLOW       192.168.0.105
80                         DENY        Anywhere
80 (v6)                    DENY        Anywhere (v6)

root@webserver-01:/home/vagrant#





Microsoft Windows [Version 10.0.22631.4169]
(c) Microsoft Corporation. All rights reserved.

C:\Users\Ry\IdeaProjects\rddevry_project1>cd devops2_volodymyr/li
The system cannot find the path specified.

C:\Users\Ry\IdeaProjects\rddevry_project1>cd devops2_volodymyr

C:\Users\Ry\IdeaProjects\rddevry_project1\devops2_volodymyr>cd devops2_volodymyr/linux_homework6_volodymyr/
The system cannot find the path specified.

C:\Users\Ry\IdeaProjects\rddevry_project1\devops2_volodymyr>cd linux_homework6_volodymyr/                  

C:\Users\Ry\IdeaProjects\rddevry_project1\devops2_volodymyr\linux_homework6_volodymyr>vagrant halt
==> vm1: VM not created. Moving on...

C:\Users\Ry\IdeaProjects\rddevry_project1\devops2_volodymyr\linux_homework6_volodymyr>ipconfig

Windows IP Configuration


Ethernet adapter Ethernet:

   Media State . . . . . . . . . . . : Media disconnected
   Connection-specific DNS Suffix  . :

Ethernet adapter Ethernet 2:

   Connection-specific DNS Suffix  . :
   Link-local IPv6 Address . . . . . : fe80::8724:f66a:6d51:e50f%20
   IPv4 Address. . . . . . . . . . . : 192.168.56.1
   Subnet Mask . . . . . . . . . . . : 255.255.255.0
   Default Gateway . . . . . . . . . :

Ethernet adapter Ethernet 3:

   Connection-specific DNS Suffix  . :
   Link-local IPv6 Address . . . . . : fe80::1eca:16db:4277:b33a%12
   IPv4 Address. . . . . . . . . . . : 192.168.200.1
   Subnet Mask . . . . . . . . . . . : 255.255.255.0
   Default Gateway . . . . . . . . . :

Ethernet adapter Ethernet 4:

   Connection-specific DNS Suffix  . : 
   Link-local IPv6 Address . . . . . : fe80::6165:1409:84d7:7f47%2
   IPv4 Address. . . . . . . . . . . : 192.168.88.1
   Subnet Mask . . . . . . . . . . . : 255.255.255.0
   Default Gateway . . . . . . . . . :

Wireless LAN adapter Local Area Connection* 1:

   Media State . . . . . . . . . . . : Media disconnected
   Connection-specific DNS Suffix  . :

Wireless LAN adapter Local Area Connection* 10:

   Media State . . . . . . . . . . . : Media disconnected
   Connection-specific DNS Suffix  . :

Wireless LAN adapter WiFi:

   Connection-specific DNS Suffix  . :
   Link-local IPv6 Address . . . . . : fe80::6a61:184d:d061:8ac4%10
   IPv4 Address. . . . . . . . . . . : 192.168.0.104
   Subnet Mask . . . . . . . . . . . : 255.255.255.0
   Default Gateway . . . . . . . . . : 192.168.0.1

Ethernet adapter Bluetooth Network Connection:

   Media State . . . . . . . . . . . : Media disconnected
   Connection-specific DNS Suffix  . :

C:\Users\Ry\IdeaProjects\rddevry_project1\devops2_volodymyr\linux_homework6_volodymyr>vagrant ssh vm1
VM must be created before running this command. Run `vagrant up` first.

C:\Users\Ry\IdeaProjects\rddevry_project1\devops2_volodymyr\linux_homework6_volodymyr>vagrant up
Bringing machine 'vm1' up with 'virtualbox' provider...
==> vm1: Importing base box 'ubuntu/xenial64'...
==> vm1: Matching MAC address for NAT networking...
==> vm1: Checking if box 'ubuntu/xenial64' version '20211001.0.2' is up to date...
==> vm1: Setting the name of the VM: linux_homework6_volodymyr_vm1_1726673134638_48150
==> vm1: Fixed port collision for 22 => 2222. Now on port 2200.
==> vm1: Clearing any previously set network interfaces...
==> vm1: Preparing network interfaces based on configuration...
    vm1: Adapter 1: nat
    vm1: Adapter 2: bridged
==> vm1: Forwarding ports...
    vm1: 22 (guest) => 2200 (host) (adapter 1)
==> vm1: Running 'pre-boot' VM customizations...
==> vm1: Resized disk: old 40960 MB, req 61440 MB, new 61440 MB
==> vm1: You may need to resize the filesystem from within the guest.
==> vm1: Booting VM...
==> vm1: Waiting for machine to boot. This may take a few minutes...
    vm1: SSH address: 127.0.0.1:2200
    vm1: SSH username: vagrant
    vm1: SSH auth method: private key
    vm1: Warning: Connection reset. Retrying...
    vm1: Warning: Connection aborted. Retrying...
    vm1: 
    vm1: Vagrant insecure key detected. Vagrant will automatically replace
    vm1: this with a newly generated keypair for better security.
    vm1: 
    vm1: Inserting generated public key within guest...
    vm1: Removing insecure key from the guest if it's present...
    vm1: Key inserted! Disconnecting and reconnecting using new SSH key...
==> vm1: Machine booted and ready!
==> vm1: Checking for guest additions in VM...
    vm1: The guest additions on this VM do not match the installed version of
    vm1: VirtualBox! In most cases this is fine, but in rare cases it can
    vm1: prevent things such as shared folders from working properly. If you see
    vm1: shared folder errors, please make sure the guest additions within the
    vm1: virtual machine match the version of VirtualBox you have installed on
    vm1: your host and reload your VM.
    vm1:
    vm1: Guest Additions Version: 5.1.38
    vm1: VirtualBox Version: 7.0
==> vm1: Setting hostname...
==> vm1: Configuring and enabling network interfaces...
==> vm1: Mounting shared folders...
    vm1: /vagrant => C:/Users/Ry/IdeaProjects/rddevry_project1/devops2_volodymyr/linux_homework6_volodymyr
    vm1: /vagrant_data => C:/Users/Ry/IdeaProjects/rddevry_project1/devops2_volodymyr/linux_homework6_volodymyr/shared
==> vm1: Running provisioner: shell...
    vm1: Running: inline script
    vm1: Hit:1 http://archive.ubuntu.com/ubuntu xenial InRelease
    vm1: Get:2 http://archive.ubuntu.com/ubuntu xenial-updates InRelease [106 kB]
    vm1: Get:3 http://security.ubuntu.com/ubuntu xenial-security InRelease [106 kB]
    vm1: Get:4 https://esm.ubuntu.com/infra/ubuntu xenial-infra-security InRelease [7,521 B]
    vm1: Get:5 http://archive.ubuntu.com/ubuntu xenial-backports InRelease [106 kB]
    vm1: Get:6 http://archive.ubuntu.com/ubuntu xenial/universe amd64 Packages [7,532 kB]
    vm1: Get:7 https://esm.ubuntu.com/infra/ubuntu xenial-infra-updates InRelease [7,472 B]
    vm1: Get:8 https://esm.ubuntu.com/infra/ubuntu xenial-infra-security/main amd64 Packages [985 kB]
    vm1: Get:9 http://security.ubuntu.com/ubuntu xenial-security/main amd64 Packages [913 kB]
    vm1: Get:10 http://archive.ubuntu.com/ubuntu xenial/universe Translation-en [4,354 kB]
    vm1: Get:11 http://archive.ubuntu.com/ubuntu xenial/multiverse amd64 Packages [144 kB]
    vm1: Get:12 http://archive.ubuntu.com/ubuntu xenial/multiverse Translation-en [106 kB]
    vm1: Get:13 http://archive.ubuntu.com/ubuntu xenial-updates/main amd64 Packages [1,269 kB]
    vm1: Get:14 http://archive.ubuntu.com/ubuntu xenial-updates/main Translation-en [303 kB]
    vm1: Get:15 http://archive.ubuntu.com/ubuntu xenial-updates/universe amd64 Packages [1,171 kB]
    vm1: Get:16 https://esm.ubuntu.com/infra/ubuntu xenial-infra-updates/main amd64 Packages [4,980 B]
    vm1: Get:17 http://archive.ubuntu.com/ubuntu xenial-updates/universe Translation-en [334 kB]
    vm1: Get:18 http://archive.ubuntu.com/ubuntu xenial-updates/multiverse amd64 Packages [21.6 kB]
    vm1: Get:19 http://archive.ubuntu.com/ubuntu xenial-updates/multiverse Translation-en [8,440 B]
    vm1: Get:20 http://archive.ubuntu.com/ubuntu xenial-backports/main amd64 Packages [10.2 kB]
    vm1: Get:21 http://archive.ubuntu.com/ubuntu xenial-backports/main Translation-en [4,456 B]
    vm1: Get:22 http://archive.ubuntu.com/ubuntu xenial-backports/universe amd64 Packages [11.5 kB]
    vm1: Get:23 http://archive.ubuntu.com/ubuntu xenial-backports/universe Translation-en [4,476 B]
    vm1: Get:24 http://security.ubuntu.com/ubuntu xenial-security/main Translation-en [211 kB]
    vm1: Get:25 http://security.ubuntu.com/ubuntu xenial-security/universe amd64 Packages [740 kB]
    vm1: Get:26 http://security.ubuntu.com/ubuntu xenial-security/universe Translation-en [203 kB]
    vm1: Get:27 http://security.ubuntu.com/ubuntu xenial-security/multiverse amd64 Packages [7,864 B]
    vm1: Get:28 http://security.ubuntu.com/ubuntu xenial-security/multiverse Translation-en [2,672 B]
    vm1: Fetched 18.7 MB in 3s (4,929 kB/s)
    vm1: Reading package lists...
    vm1: Reading package lists...
    vm1: Building dependency tree...
    vm1: Reading state information...
    vm1: The following additional packages will be installed:
    vm1:   fontconfig-config fonts-dejavu-core libfontconfig1 libgd3 libjbig0
    vm1:   libjpeg-turbo8 libjpeg8 libtiff5 libvpx3 libxpm4 nginx-common nginx-core
    vm1: Suggested packages:
    vm1:   libgd-tools fcgiwrap nginx-doc ssl-cert
    vm1: The following NEW packages will be installed:
    vm1:   fontconfig-config fonts-dejavu-core libfontconfig1 libgd3 libjbig0
    vm1:   libjpeg-turbo8 libjpeg8 libtiff5 libvpx3 libxpm4 nginx nginx-common
    vm1:   nginx-core
    vm1: 0 upgraded, 13 newly installed, 0 to remove and 12 not upgraded.
    vm1: Need to get 2,860 kB of archives.
    vm1: After this operation, 9,315 kB of additional disk space will be used.
    vm1: Get:1 http://archive.ubuntu.com/ubuntu xenial-updates/main amd64 libjpeg-turbo8 amd64 1.4.2-0ubuntu3.4 [111 kB]
    vm1: Get:2 http://archive.ubuntu.com/ubuntu xenial/main amd64 libjbig0 amd64 2.1-3.1 [26.6 kB]
    vm1: Get:3 http://archive.ubuntu.com/ubuntu xenial/main amd64 fonts-dejavu-core all 2.35-1 [1,039 kB]
    vm1: Get:4 http://archive.ubuntu.com/ubuntu xenial-updates/main amd64 fontconfig-config all 2.11.94-0ubuntu1.1 [49.9 kB]
    vm1: Get:5 http://archive.ubuntu.com/ubuntu xenial-updates/main amd64 libfontconfig1 amd64 2.11.94-0ubuntu1.1 [131 kB]
    vm1: Get:6 http://archive.ubuntu.com/ubuntu xenial/main amd64 libjpeg8 amd64 8c-2ubuntu8 [2,194 B]
    vm1: Get:7 http://archive.ubuntu.com/ubuntu xenial-updates/main amd64 libtiff5 amd64 4.0.6-1ubuntu0.8 [149 kB]
    vm1: Get:8 http://archive.ubuntu.com/ubuntu xenial-updates/main amd64 libvpx3 amd64 1.5.0-2ubuntu1.1 [732 kB]
    vm1: Get:9 http://archive.ubuntu.com/ubuntu xenial-updates/main amd64 libxpm4 amd64 1:3.5.11-1ubuntu0.16.04.1 [33.8 kB]
    vm1: Get:10 http://archive.ubuntu.com/ubuntu xenial-updates/main amd64 libgd3 amd64 2.1.1-4ubuntu0.16.04.12 [126 kB]
    vm1: Get:11 http://archive.ubuntu.com/ubuntu xenial-updates/main amd64 nginx-common all 1.10.3-0ubuntu0.16.04.5 [26.9 kB]
    vm1: Get:12 http://archive.ubuntu.com/ubuntu xenial-updates/main amd64 nginx-core amd64 1.10.3-0ubuntu0.16.04.5 [429 kB]
    vm1: Get:13 http://archive.ubuntu.com/ubuntu xenial-updates/main amd64 nginx all 1.10.3-0ubuntu0.16.04.5 [3,494 B]
    vm1: dpkg-preconfigure: unable to re-open stdin: No such file or directory
    vm1: Fetched 2,860 kB in 0s (3,765 kB/s)
    vm1: Selecting previously unselected package libjpeg-turbo8:amd64.
(Reading database ... 54424 files and directories currently installed.)
    vm1: Preparing to unpack .../libjpeg-turbo8_1.4.2-0ubuntu3.4_amd64.deb ...
    vm1: Unpacking libjpeg-turbo8:amd64 (1.4.2-0ubuntu3.4) ...
    vm1: Selecting previously unselected package libjbig0:amd64.
    vm1: Preparing to unpack .../libjbig0_2.1-3.1_amd64.deb ...
    vm1: Unpacking libjbig0:amd64 (2.1-3.1) ...
    vm1: Selecting previously unselected package fonts-dejavu-core.
    vm1: Preparing to unpack .../fonts-dejavu-core_2.35-1_all.deb ...
    vm1: Unpacking fonts-dejavu-core (2.35-1) ...
    vm1: Selecting previously unselected package fontconfig-config.
    vm1: Preparing to unpack .../fontconfig-config_2.11.94-0ubuntu1.1_all.deb ...
    vm1: Unpacking fontconfig-config (2.11.94-0ubuntu1.1) ...
    vm1: Selecting previously unselected package libfontconfig1:amd64.
    vm1: Preparing to unpack .../libfontconfig1_2.11.94-0ubuntu1.1_amd64.deb ...
    vm1: Unpacking libfontconfig1:amd64 (2.11.94-0ubuntu1.1) ...
    vm1: Selecting previously unselected package libjpeg8:amd64.
    vm1: Preparing to unpack .../libjpeg8_8c-2ubuntu8_amd64.deb ...
    vm1: Unpacking libjpeg8:amd64 (8c-2ubuntu8) ...
    vm1: Selecting previously unselected package libtiff5:amd64.
    vm1: Preparing to unpack .../libtiff5_4.0.6-1ubuntu0.8_amd64.deb ...
    vm1: Unpacking libtiff5:amd64 (4.0.6-1ubuntu0.8) ...
    vm1: Selecting previously unselected package libvpx3:amd64.
    vm1: Preparing to unpack .../libvpx3_1.5.0-2ubuntu1.1_amd64.deb ...
    vm1: Unpacking libvpx3:amd64 (1.5.0-2ubuntu1.1) ...
    vm1: Selecting previously unselected package libxpm4:amd64.
    vm1: Preparing to unpack .../libxpm4_1%3a3.5.11-1ubuntu0.16.04.1_amd64.deb ...
    vm1: Unpacking libxpm4:amd64 (1:3.5.11-1ubuntu0.16.04.1) ...
    vm1: Selecting previously unselected package libgd3:amd64.
    vm1: Preparing to unpack .../libgd3_2.1.1-4ubuntu0.16.04.12_amd64.deb ...
    vm1: Unpacking libgd3:amd64 (2.1.1-4ubuntu0.16.04.12) ...
    vm1: Selecting previously unselected package nginx-common.
    vm1: Preparing to unpack .../nginx-common_1.10.3-0ubuntu0.16.04.5_all.deb ...
    vm1: Unpacking nginx-common (1.10.3-0ubuntu0.16.04.5) ...
    vm1: Selecting previously unselected package nginx-core.
    vm1: Preparing to unpack .../nginx-core_1.10.3-0ubuntu0.16.04.5_amd64.deb ...
    vm1: Unpacking nginx-core (1.10.3-0ubuntu0.16.04.5) ...
    vm1: Selecting previously unselected package nginx.
    vm1: Preparing to unpack .../nginx_1.10.3-0ubuntu0.16.04.5_all.deb ...
    vm1: Unpacking nginx (1.10.3-0ubuntu0.16.04.5) ...
    vm1: Processing triggers for libc-bin (2.23-0ubuntu11.3) ...
    vm1: Processing triggers for man-db (2.7.5-1) ...
    vm1: Processing triggers for ureadahead (0.100.0-19.1) ...
    vm1: Processing triggers for systemd (229-4ubuntu21.31) ...
    vm1: Processing triggers for ufw (0.35-0ubuntu2) ...
    vm1: Setting up libjpeg-turbo8:amd64 (1.4.2-0ubuntu3.4) ...
    vm1: Setting up libjbig0:amd64 (2.1-3.1) ...
    vm1: Setting up fonts-dejavu-core (2.35-1) ...
    vm1: Setting up fontconfig-config (2.11.94-0ubuntu1.1) ...
    vm1: Setting up libfontconfig1:amd64 (2.11.94-0ubuntu1.1) ...
    vm1: Setting up libjpeg8:amd64 (8c-2ubuntu8) ...
    vm1: Setting up libtiff5:amd64 (4.0.6-1ubuntu0.8) ...
    vm1: Setting up libvpx3:amd64 (1.5.0-2ubuntu1.1) ...
    vm1: Setting up libxpm4:amd64 (1:3.5.11-1ubuntu0.16.04.1) ...
    vm1: Setting up libgd3:amd64 (2.1.1-4ubuntu0.16.04.12) ...
    vm1: Setting up nginx-common (1.10.3-0ubuntu0.16.04.5) ...
    vm1: Setting up nginx-core (1.10.3-0ubuntu0.16.04.5) ...
    vm1: Setting up nginx (1.10.3-0ubuntu0.16.04.5) ...
    vm1: Processing triggers for libc-bin (2.23-0ubuntu11.3) ...
    vm1: Processing triggers for ureadahead (0.100.0-19.1) ...
    vm1: Processing triggers for systemd (229-4ubuntu21.31) ...
    vm1: Processing triggers for ufw (0.35-0ubuntu2) ...

C:\Users\Ry\IdeaProjects\rddevry_project1\devops2_volodymyr\linux_homework6_volodymyr>vagrant ssh vm1
Welcome to Ubuntu 16.04.7 LTS (GNU/Linux 4.4.0-210-generic x86_64)

 * Documentation:  https://help.ubuntu.com
 * Management:     https://landscape.canonical.com
 * Support:        https://ubuntu.com/advantage

12 updates can be applied immediately.
4 of these updates are standard security updates.
To see these additional updates run: apt list --upgradable

New release '18.04.6 LTS' available.
Run 'do-release-upgrade' to upgrade to it.


vagrant@webserver-01:~$ sudo apt update
Hit:1 http://security.ubuntu.com/ubuntu xenial-security InRelease
Hit:2 http://archive.ubuntu.com/ubuntu xenial InRelease                       
Hit:3 https://esm.ubuntu.com/infra/ubuntu xenial-infra-security InRelease
Hit:4 https://esm.ubuntu.com/infra/ubuntu xenial-infra-updates InRelease
Hit:5 http://archive.ubuntu.com/ubuntu xenial-updates InRelease
Hit:6 http://archive.ubuntu.com/ubuntu xenial-backports InRelease
Reading package lists... Done
Building dependency tree       
Reading state information... Done
12 packages can be upgraded. Run 'apt list --upgradable' to see them.
vagrant@webserver-01:~$ sudo apt install fail2ban
Reading package lists... Done
Building dependency tree       
Reading state information... Done
The following additional packages will be installed:
  libpython-stdlib libpython2.7-minimal libpython2.7-stdlib python python-minimal python2.7 python2.7-minimal python3-pyinotify whois
Suggested packages:
  mailx monit python-doc python-tk python2.7-doc binutils binfmt-support python-pyinotify-doc
The following NEW packages will be installed:
  fail2ban libpython-stdlib libpython2.7-minimal libpython2.7-stdlib python python-minimal python2.7 python2.7-minimal python3-pyinotify whois
0 upgraded, 10 newly installed, 0 to remove and 12 not upgraded.
Need to get 4,164 kB of archives.
After this operation, 18.1 MB of additional disk space will be used.
Do you want to continue? [Y/n] y
Get:1 http://archive.ubuntu.com/ubuntu xenial-updates/main amd64 libpython2.7-minimal amd64 2.7.12-1ubuntu0~16.04.18 [338 kB]
Get:2 http://archive.ubuntu.com/ubuntu xenial-updates/main amd64 python2.7-minimal amd64 2.7.12-1ubuntu0~16.04.18 [1,260 kB]
Get:3 http://archive.ubuntu.com/ubuntu xenial-updates/main amd64 python-minimal amd64 2.7.12-1~16.04 [28.1 kB]
Get:4 http://archive.ubuntu.com/ubuntu xenial-updates/main amd64 libpython2.7-stdlib amd64 2.7.12-1ubuntu0~16.04.18 [1,883 kB]
Get:5 http://archive.ubuntu.com/ubuntu xenial-updates/main amd64 python2.7 amd64 2.7.12-1ubuntu0~16.04.18 [224 kB]
Get:6 http://archive.ubuntu.com/ubuntu xenial-updates/main amd64 libpython-stdlib amd64 2.7.12-1~16.04 [7,768 B]
Get:7 http://archive.ubuntu.com/ubuntu xenial-updates/main amd64 python amd64 2.7.12-1~16.04 [137 kB]
Get:8 http://archive.ubuntu.com/ubuntu xenial/universe amd64 fail2ban all 0.9.3-1 [227 kB]
Get:9 http://archive.ubuntu.com/ubuntu xenial/main amd64 python3-pyinotify all 0.9.6-0fakesync1 [24.7 kB]
Get:10 http://archive.ubuntu.com/ubuntu xenial/main amd64 whois amd64 5.2.11 [34.0 kB]
Fetched 4,164 kB in 1s (2,361 kB/s)
Selecting previously unselected package libpython2.7-minimal:amd64.
(Reading database ... 54628 files and directories currently installed.)                                                                                                        
Preparing to unpack .../libpython2.7-minimal_2.7.12-1ubuntu0~16.04.18_amd64.deb ...                                                                                            
Unpacking libpython2.7-minimal:amd64 (2.7.12-1ubuntu0~16.04.18) ...                                                                                                            
Selecting previously unselected package python2.7-minimal.                                                                                                                     
Preparing to unpack .../python2.7-minimal_2.7.12-1ubuntu0~16.04.18_amd64.deb ...                                                                                               
Unpacking python2.7-minimal (2.7.12-1ubuntu0~16.04.18) ...                                                                                                                     
Selecting previously unselected package python-minimal.                                                                                                                        
Preparing to unpack .../python-minimal_2.7.12-1~16.04_amd64.deb ...                                                                                                            
Unpacking python-minimal (2.7.12-1~16.04) ...                                                                                                                                  
Selecting previously unselected package libpython2.7-stdlib:amd64.                                                                                                             
Preparing to unpack .../libpython2.7-stdlib_2.7.12-1ubuntu0~16.04.18_amd64.deb ...                                                                                             
Unpacking libpython2.7-stdlib:amd64 (2.7.12-1ubuntu0~16.04.18) ...                                                                                                             
Selecting previously unselected package python2.7.                                                                                                                             
Preparing to unpack .../python2.7_2.7.12-1ubuntu0~16.04.18_amd64.deb ...                                                                                                       
Unpacking python2.7 (2.7.12-1ubuntu0~16.04.18) ...                                                                                                                             
Selecting previously unselected package libpython-stdlib:amd64.                                                                                                                
Preparing to unpack .../libpython-stdlib_2.7.12-1~16.04_amd64.deb ...                                                                                                          
Unpacking libpython-stdlib:amd64 (2.7.12-1~16.04) ...                                                                                                                          
Processing triggers for man-db (2.7.5-1) ...                                                                                                                                   
Processing triggers for mime-support (3.59ubuntu1) ...                                                                                                                         
Setting up libpython2.7-minimal:amd64 (2.7.12-1ubuntu0~16.04.18) ...                                                                                                           
Setting up python2.7-minimal (2.7.12-1ubuntu0~16.04.18) ...                                                                                                                    
Linking and byte-compiling packages for runtime python2.7...                                                                                                                   
Setting up python-minimal (2.7.12-1~16.04) ...                                                                                                                                 
Selecting previously unselected package python.                                                                                                                                
(Reading database ... 55374 files and directories currently installed.)                                                                                                        
Preparing to unpack .../python_2.7.12-1~16.04_amd64.deb ...                                                                                                                    
Unpacking python (2.7.12-1~16.04) ...                                                                                                                                          
Selecting previously unselected package fail2ban.                                                                                                                              
Preparing to unpack .../fail2ban_0.9.3-1_all.deb ...                                                                                                                           
Unpacking fail2ban (0.9.3-1) ...                                                                                                                                               
Selecting previously unselected package python3-pyinotify.                                                                                                                     
Preparing to unpack .../python3-pyinotify_0.9.6-0fakesync1_all.deb ...                                                                                                         
Unpacking python3-pyinotify (0.9.6-0fakesync1) ...                                                                                                                             
Selecting previously unselected package whois.                                                                                                                                 
Preparing to unpack .../whois_5.2.11_amd64.deb ...                                                                                                                             
Unpacking whois (5.2.11) ...                                                                                                                                                   
Processing triggers for man-db (2.7.5-1) ...                                                                                                                                   
Processing triggers for ureadahead (0.100.0-19.1) ...                                                                                                                          
Processing triggers for systemd (229-4ubuntu21.31) ...
Setting up libpython2.7-stdlib:amd64 (2.7.12-1ubuntu0~16.04.18) ...
Setting up python2.7 (2.7.12-1ubuntu0~16.04.18) ...
Setting up libpython-stdlib:amd64 (2.7.12-1~16.04) ...
Setting up python (2.7.12-1~16.04) ...
Setting up fail2ban (0.9.3-1) ...
Setting up python3-pyinotify (0.9.6-0fakesync1) ...
Processing triggers for systemd (229-4ubuntu21.31) ...
Setting up libpython2.7-stdlib:amd64 (2.7.12-1ubuntu0~16.04.18) ...
Setting up python2.7 (2.7.12-1ubuntu0~16.04.18) ...
Setting up libpython-stdlib:amd64 (2.7.12-1~16.04) ...
Setting up python (2.7.12-1~16.04) ...
Setting up fail2ban (0.9.3-1) ...
Setting up python3-pyinotify (0.9.6-0fakesync1) ...
Setting up whois (5.2.11) ...
Processing triggers for ureadahead (0.100.0-19.1) ...
Processing triggers for systemd (229-4ubuntu21.31) ...
vagrant@webserver-01:~$ cp /etc/fail2ban/jail.conf /etc/fail2ban/jail.local
cp: cannot create regular file '/etc/fail2ban/jail.local': Permission denied
vagrant@webserver-01:~$ sudo su
root@webserver-01:/home/vagrant# cp /etc/fail2ban/jail.conf /etc/fail2ban/jail.local
root@webserver-01:/home/vagrant# vim /etc/fail2ban/jail.local
root@webserver-01:/home/vagrant# systemctl restart fail2ban
root@webserver-01:/home/vagrant# sudo fail2ban-client status sshd
Status for the jail: sshd
|- Filter
|  |- Currently failed: 0
|  |- Total failed:     0
|  `- File list:        /var/log/auth.log
`- Actions
   |- Currently banned: 0
   |- Total banned:     0
   `- Banned IP list:
root@webserver-01:/home/vagrant# sudo fail2ban-client status sshd
Status for the jail: sshd
|- Filter
|  |- Currently failed: 0
|  |- Total failed:     0
|  `- File list:        /var/log/auth.log
`- Actions
   |- Currently banned: 0
   |- Total banned:     0
   `- Banned IP list:
root@webserver-01:/home/vagrant# vagrant reload
The program 'vagrant' is currently not installed. You can install it by typing:
apt install vagrant
root@webserver-01:/home/vagrant# logout
bash: logout: not login shell: use `exit'
root@webserver-01:/home/vagrant# exit
exit
vagrant@webserver-01:~$ logout
Connection to 127.0.0.1 closed.

C:\Users\Ry\IdeaProjects\rddevry_project1\devops2_volodymyr\linux_homework6_volodymyr>vagrant reload
==> vm1: Attempting graceful shutdown of VM...
==> vm1: Checking if box 'ubuntu/xenial64' version '20211001.0.2' is up to date...
==> vm1: Clearing any previously set forwarded ports...
==> vm1: Clearing any previously set network interfaces...
==> vm1: Preparing network interfaces based on configuration...
    vm1: Adapter 1: nat
    vm1: Adapter 2: bridged
==> vm1: Forwarding ports...
    vm1: 22 (guest) => 2222 (host) (adapter 1)
==> vm1: Running 'pre-boot' VM customizations...
==> vm1: Booting VM...
==> vm1: Waiting for machine to boot. This may take a few minutes...
    vm1: SSH address: 127.0.0.1:2222
    vm1: SSH username: vagrant
    vm1: SSH auth method: private key
==> vm1: Machine booted and ready!
==> vm1: Checking for guest additions in VM...
    vm1: The guest additions on this VM do not match the installed version of
    vm1: VirtualBox! In most cases this is fine, but in rare cases it can
    vm1: prevent things such as shared folders from working properly. If you see
    vm1: shared folder errors, please make sure the guest additions within the
    vm1: virtual machine match the version of VirtualBox you have installed on
    vm1: your host and reload your VM.
    vm1:
    vm1: Guest Additions Version: 5.1.38
    vm1: VirtualBox Version: 7.0
==> vm1: Setting hostname...
==> vm1: Configuring and enabling network interfaces...
==> vm1: Mounting shared folders...
    vm1: /vagrant => C:/Users/Ry/IdeaProjects/rddevry_project1/devops2_volodymyr/linux_homework6_volodymyr
    vm1: /vagrant_data => C:/Users/Ry/IdeaProjects/rddevry_project1/devops2_volodymyr/linux_homework6_volodymyr/shared
==> vm1: Machine already provisioned. Run `vagrant provision` or use the `--provision`
==> vm1: flag to force provisioning. Provisioners marked to run always will still run.

C:\Users\Ry\IdeaProjects\rddevry_project1\devops2_volodymyr\linux_homework6_volodymyr>vagrant ssh vm1
Welcome to Ubuntu 16.04.7 LTS (GNU/Linux 4.4.0-210-generic x86_64)

 * Documentation:  https://help.ubuntu.com
 * Management:     https://landscape.canonical.com
 * Support:        https://ubuntu.com/advantage

12 updates can be applied immediately.
4 of these updates are standard security updates.
To see these additional updates run: apt list --upgradable

New release '18.04.6 LTS' available.
Run 'do-release-upgrade' to upgrade to it.


Last login: Wed Sep 18 15:26:39 2024 from 10.0.2.2
vagrant@webserver-01:~$ sudo su
root@webserver-01:/home/vagrant# sudo fail2ban-client status sshd
Status for the jail: sshd
|- Filter
|  |- Currently failed: 0
|  |- Total failed:     0
|  `- File list:        /var/log/auth.log
`- Actions
   |- Currently banned: 0
   |- Total banned:     0
Status for the jail: sshd
|- Filter
|  |- Currently failed: 1
|  |- Total failed:     3
|  `- File list:        /var/log/auth.log
`- Actions
   |- Currently banned: 0
   |- Total banned:     0
   `- Banned IP list:
root@webserver-01:/home/vagrant# sudo fail2ban-client status sshd
Status for the jail: sshd
|- Filter
|  |- Currently failed: 0
|  |- Total failed:     5
|  `- File list:        /var/log/auth.log
`- Actions
   |- Currently banned: 1
   |- Total banned:     1
   `- Banned IP list:   192.168.0.104
root@webserver-01:/home/vagrant# cat /var/log/auth.log 
Sep 18 15:26:03 ubuntu-xenial useradd[1029]: new group: name=ubuntu, GID=1001
Sep 18 15:26:03 ubuntu-xenial useradd[1029]: new user: name=ubuntu, UID=1001, GID=1001, home=/home/ubuntu, shell=/bin/bash
Sep 18 15:26:03 ubuntu-xenial useradd[1029]: add 'ubuntu' to group 'adm'
Sep 18 15:26:03 ubuntu-xenial useradd[1029]: add 'ubuntu' to group 'dialout'
Sep 18 15:26:03 ubuntu-xenial useradd[1029]: add 'ubuntu' to group 'cdrom'
Sep 18 15:26:03 ubuntu-xenial useradd[1029]: add 'ubuntu' to group 'floppy'
Sep 18 15:26:03 ubuntu-xenial useradd[1029]: add 'ubuntu' to group 'sudo'
Sep 18 15:26:03 ubuntu-xenial useradd[1029]: add 'ubuntu' to group 'audio'
Sep 18 15:26:03 ubuntu-xenial useradd[1029]: add 'ubuntu' to group 'dip'
Sep 18 15:26:03 ubuntu-xenial useradd[1029]: add 'ubuntu' to group 'video'
Sep 18 15:26:03 ubuntu-xenial useradd[1029]: add 'ubuntu' to group 'plugdev'
Sep 18 15:26:03 ubuntu-xenial useradd[1029]: add 'ubuntu' to group 'netdev'
Sep 18 15:26:03 ubuntu-xenial useradd[1029]: add 'ubuntu' to group 'lxd'
Sep 18 15:26:03 ubuntu-xenial useradd[1029]: add 'ubuntu' to shadow group 'adm'
Sep 18 15:26:03 ubuntu-xenial useradd[1029]: add 'ubuntu' to shadow group 'dialout'
Sep 18 15:26:03 ubuntu-xenial useradd[1029]: add 'ubuntu' to shadow group 'cdrom'
Sep 18 15:26:03 ubuntu-xenial useradd[1029]: add 'ubuntu' to shadow group 'floppy'
Sep 18 15:26:03 ubuntu-xenial useradd[1029]: add 'ubuntu' to shadow group 'sudo'
Sep 18 15:26:03 ubuntu-xenial useradd[1029]: add 'ubuntu' to shadow group 'audio'
Sep 18 15:26:03 ubuntu-xenial useradd[1029]: add 'ubuntu' to shadow group 'dip'
Sep 18 15:26:03 ubuntu-xenial useradd[1029]: add 'ubuntu' to shadow group 'video'
Sep 18 15:26:03 ubuntu-xenial useradd[1029]: add 'ubuntu' to shadow group 'plugdev'
Sep 18 15:26:03 ubuntu-xenial useradd[1029]: add 'ubuntu' to shadow group 'netdev'
Sep 18 15:26:03 ubuntu-xenial useradd[1029]: add 'ubuntu' to shadow group 'lxd'
Sep 18 15:26:03 ubuntu-xenial passwd[1034]: password for 'ubuntu' changed by 'root'
Sep 18 15:26:05 ubuntu-xenial sshd[1318]: Server listening on 0.0.0.0 port 22.
Sep 18 15:26:05 ubuntu-xenial sshd[1318]: Server listening on :: port 22.
Sep 18 15:26:05 ubuntu-xenial systemd-logind[1064]: Watching system buttons on /dev/input/event0 (Power Button)
Sep 18 15:26:05 ubuntu-xenial systemd-logind[1064]: Watching system buttons on /dev/input/event1 (Sleep Button)
Sep 18 15:26:05 ubuntu-xenial systemd-logind[1064]: Watching system buttons on /dev/input/event4 (Video Bus)
Sep 18 15:26:05 ubuntu-xenial systemd-logind[1064]: New seat seat0.
Sep 18 15:26:05 ubuntu-xenial sshd[1325]: Accepted publickey for vagrant from 10.0.2.2 port 50350 ssh2: RSA SHA256:1M4RzhMyWuFS/86uPY/ce2prh/dVTHW7iD2RhpquOZA
Sep 18 15:26:05 ubuntu-xenial sshd[1325]: pam_unix(sshd:session): session opened for user vagrant by (uid=0)
Sep 18 15:26:05 ubuntu-xenial systemd: pam_unix(systemd-user:session): session opened for user vagrant by (uid=0)
Sep 18 15:26:05 ubuntu-xenial systemd-logind[1064]: New session 1 of user vagrant.
Sep 18 15:26:08 ubuntu-xenial sudo:  vagrant : TTY=unknown ; PWD=/home/vagrant ; USER=root ; COMMAND=/bin/bash -l
Sep 18 15:26:08 ubuntu-xenial sudo: pam_unix(sudo:session): session opened for user root by (uid=0)
Sep 18 15:26:08 ubuntu-xenial sudo: pam_unix(sudo:session): session closed for user root      
Sep 18 15:26:09 ubuntu-xenial sshd[1325]: pam_unix(sshd:session): session closed for user vagrant
Sep 18 15:26:09 ubuntu-xenial systemd-logind[1064]: Removed session 1.
Sep 18 15:26:09 ubuntu-xenial systemd: pam_unix(systemd-user:session): session closed for user vagrant
Sep 18 15:26:09 ubuntu-xenial sshd[1651]: Accepted publickey for vagrant from 10.0.2.2 port 50354 ssh2: ED25519 SHA256:6O7aWUswe6MWGsfiGfi0nzNxhzG+OMjGnJHocoSDphw
Sep 18 15:26:09 ubuntu-xenial sshd[1651]: pam_unix(sshd:session): session opened for user vagrant by (uid=0)
Sep 18 15:26:09 ubuntu-xenial systemd: pam_unix(systemd-user:session): session opened for user vagrant by (uid=0)
Sep 18 15:26:09 ubuntu-xenial systemd-logind[1064]: New session 2 of user vagrant.
Sep 18 15:26:10 ubuntu-xenial sudo:  vagrant : TTY=unknown ; PWD=/home/vagrant ; USER=root ; COMMAND=/bin/bash -l
Sep 18 15:26:10 ubuntu-xenial sudo: pam_unix(sudo:session): session opened for user root by (uid=0)
Sep 18 15:26:10 ubuntu-xenial sudo: pam_unix(sudo:session): session closed for user root      
Sep 18 15:26:10 ubuntu-xenial sudo:  vagrant : TTY=unknown ; PWD=/home/vagrant ; USER=root ; COMMAND=/bin/bash -l
Sep 18 15:26:10 ubuntu-xenial sudo: pam_unix(sudo:session): session opened for user root by (uid=0)
Sep 18 15:26:10 ubuntu-xenial sudo: pam_unix(sudo:session): session closed for user root      
Sep 18 15:26:10 ubuntu-xenial sudo:  vagrant : TTY=unknown ; PWD=/home/vagrant ; USER=root ; COMMAND=/bin/bash -l
Sep 18 15:26:10 ubuntu-xenial sudo: pam_unix(sudo:session): session opened for user root by (uid=0)
Sep 18 15:26:10 ubuntu-xenial sudo: pam_unix(sudo:session): session closed for user root      
Sep 18 15:26:11 ubuntu-xenial sudo:  vagrant : TTY=unknown ; PWD=/home/vagrant ; USER=root ; COMMAND=/bin/bash -l
Sep 18 15:26:11 ubuntu-xenial sudo: pam_unix(sudo:session): session opened for user root by (uid=0)
Sep 18 15:26:11 ubuntu-xenial sudo: pam_unix(sudo:session): session closed for user root      
Sep 18 15:26:11 ubuntu-xenial sudo:  vagrant : TTY=unknown ; PWD=/home/vagrant ; USER=root ; COMMAND=/bin/bash -l
Sep 18 15:26:11 ubuntu-xenial sudo: pam_unix(sudo:session): session opened for user root by (uid=0)
Sep 18 15:26:11 ubuntu-xenial sudo: pam_unix(sudo:session): session closed for user root      
Sep 18 15:26:11 ubuntu-xenial sudo:  vagrant : TTY=unknown ; PWD=/home/vagrant ; USER=root ; COMMAND=/bin/bash -l
Sep 18 15:26:11 ubuntu-xenial sudo: pam_unix(sudo:session): session opened for user root by (uid=0)
Sep 18 15:26:11 ubuntu-xenial sudo: pam_unix(sudo:session): session closed for user root      
Sep 18 15:26:11 ubuntu-xenial sudo:  vagrant : TTY=unknown ; PWD=/home/vagrant ; USER=root ; COMMAND=/bin/bash -l
Sep 18 15:26:11 ubuntu-xenial sudo: pam_unix(sudo:session): session opened for user root by (uid=0)
Sep 18 15:26:11 ubuntu-xenial sudo: pam_unix(sudo:session): session closed for user root      
Sep 18 15:26:11 ubuntu-xenial sudo:  vagrant : TTY=unknown ; PWD=/home/vagrant ; USER=root ; COMMAND=/bin/bash -l
Sep 18 15:26:11 ubuntu-xenial sudo: pam_unix(sudo:session): session opened for user root by (uid=0)
Sep 18 15:26:11 ubuntu-xenial sudo: pam_unix(sudo:session): session closed for user root      
Sep 18 15:26:11 ubuntu-xenial sudo:  vagrant : TTY=unknown ; PWD=/home/vagrant ; USER=root ; COMMAND=/bin/bash -l
Sep 18 15:26:11 ubuntu-xenial sudo: pam_unix(sudo:session): session opened for user root by (uid=0)
Sep 18 15:26:11 ubuntu-xenial sudo: pam_unix(sudo:session): session closed for user root      
Sep 18 15:26:11 ubuntu-xenial sudo:  vagrant : TTY=unknown ; PWD=/home/vagrant ; USER=root ; COMMAND=/bin/bash -l
Sep 18 15:26:11 ubuntu-xenial sudo: pam_unix(sudo:session): session opened for user root by (uid=0)
Sep 18 15:26:11 ubuntu-xenial sudo: pam_unix(sudo:session): session closed for user root      
Sep 18 15:26:11 ubuntu-xenial sudo:  vagrant : TTY=unknown ; PWD=/home/vagrant ; USER=root ; COMMAND=/bin/bash -l
Sep 18 15:26:11 ubuntu-xenial sudo: pam_unix(sudo:session): session opened for user root by (uid=0)
Sep 18 15:26:11 ubuntu-xenial sudo: pam_unix(sudo:session): session closed for user root      
Sep 18 15:26:11 ubuntu-xenial sudo:  vagrant : TTY=unknown ; PWD=/home/vagrant ; USER=root ; COMMAND=/bin/bash -l
Sep 18 15:26:11 ubuntu-xenial sudo: pam_unix(sudo:session): session opened for user root by (uid=0)
Sep 18 15:26:11 ubuntu-xenial sudo: pam_unix(sudo:session): session closed for user root      
Sep 18 15:26:11 ubuntu-xenial sudo:  vagrant : TTY=unknown ; PWD=/home/vagrant ; USER=root ; COMMAND=/bin/bash -l
Sep 18 15:26:11 ubuntu-xenial sudo: pam_unix(sudo:session): session opened for user root by (uid=0)
Sep 18 15:26:11 ubuntu-xenial sudo: pam_unix(sudo:session): session closed for user root      
Sep 18 15:26:12 ubuntu-xenial sudo:  vagrant : TTY=unknown ; PWD=/home/vagrant ; USER=root ; COMMAND=/bin/bash -l
Sep 18 15:26:12 ubuntu-xenial sudo: pam_unix(sudo:session): session opened for user root by (uid=0)
Sep 18 15:26:12 ubuntu-xenial sudo: pam_unix(sudo:session): session closed for user root      
Sep 18 15:26:12 ubuntu-xenial sudo:  vagrant : TTY=unknown ; PWD=/home/vagrant ; USER=root ; COMMAND=/bin/bash -l
Sep 18 15:26:12 ubuntu-xenial sudo: pam_unix(sudo:session): session opened for user root by (uid=0)
Sep 18 15:26:12 ubuntu-xenial sudo: pam_unix(sudo:session): session closed for user root      
Sep 18 15:26:12 ubuntu-xenial sudo:  vagrant : TTY=unknown ; PWD=/home/vagrant ; USER=root ; COMMAND=/bin/bash -l
Sep 18 15:26:12 ubuntu-xenial sudo: pam_unix(sudo:session): session opened for user root by (uid=0)
Sep 18 15:26:12 ubuntu-xenial sudo: pam_unix(sudo:session): session closed for user root      
Sep 18 15:26:12 ubuntu-xenial sudo:  vagrant : TTY=unknown ; PWD=/home/vagrant ; USER=root ; COMMAND=/bin/bash -l
Sep 18 15:26:12 ubuntu-xenial sudo: pam_unix(sudo:session): session opened for user root by (uid=0)
Sep 18 15:26:12 ubuntu-xenial sudo: pam_unix(sudo:session): session closed for user root      
Sep 18 15:26:12 ubuntu-xenial sudo:  vagrant : TTY=unknown ; PWD=/home/vagrant ; USER=root ; COMMAND=/bin/bash -l
Sep 18 15:26:12 ubuntu-xenial sudo: pam_unix(sudo:session): session opened for user root by (uid=0)
Sep 18 15:26:12 ubuntu-xenial sudo: pam_unix(sudo:session): session closed for user root      
Sep 18 15:26:12 ubuntu-xenial sudo:  vagrant : TTY=unknown ; PWD=/home/vagrant ; USER=root ; COMMAND=/bin/bash -l
Sep 18 15:26:12 ubuntu-xenial sudo: pam_unix(sudo:session): session opened for user root by (uid=0)
Sep 18 15:26:12 ubuntu-xenial sshd[1318]: Received SIGHUP; restarting.
Sep 18 15:26:12 ubuntu-xenial sshd[1318]: Server listening on 0.0.0.0 port 22.
Sep 18 15:26:12 ubuntu-xenial sshd[1318]: Server listening on :: port 22.
Sep 18 15:26:13 ubuntu-xenial sudo: pam_unix(sudo:session): session closed for user root      
Sep 18 15:26:13 ubuntu-xenial sudo:  vagrant : TTY=unknown ; PWD=/home/vagrant ; USER=root ; COMMAND=/bin/bash -l
Sep 18 15:26:13 ubuntu-xenial sudo: pam_unix(sudo:session): session opened for user root by (uid=0)
Sep 18 15:26:13 ubuntu-xenial sudo: pam_unix(sudo:session): session closed for user root      
Sep 18 15:26:13 ubuntu-xenial sudo:  vagrant : TTY=unknown ; PWD=/home/vagrant ; USER=root ; COMMAND=/bin/bash -l
Sep 18 15:26:13 ubuntu-xenial sudo: pam_unix(sudo:session): session opened for user root by (uid=0)
Sep 18 15:26:13 ubuntu-xenial sudo: pam_unix(sudo:session): session closed for user root      
Sep 18 15:26:13 ubuntu-xenial sudo:  vagrant : TTY=unknown ; PWD=/home/vagrant ; USER=root ; COMMAND=/bin/bash -l
Sep 18 15:26:13 ubuntu-xenial sudo: pam_unix(sudo:session): session opened for user root by (uid=0)
Sep 18 15:26:13 ubuntu-xenial sudo: pam_unix(sudo:session): session closed for user root      
Sep 18 15:26:13 ubuntu-xenial sudo:  vagrant : TTY=unknown ; PWD=/home/vagrant ; USER=root ; COMMAND=/bin/bash -l
Sep 18 15:26:13 ubuntu-xenial sudo: pam_unix(sudo:session): session opened for user root by (uid=0)
Sep 18 15:26:13 ubuntu-xenial sudo: pam_unix(sudo:session): session closed for user root      
Sep 18 15:26:14 ubuntu-xenial sudo:  vagrant : TTY=unknown ; PWD=/home/vagrant ; USER=root ; COMMAND=/bin/bash -l
Sep 18 15:26:14 ubuntu-xenial sudo: pam_unix(sudo:session): session opened for user root by (uid=0)
Sep 18 15:26:14 ubuntu-xenial sudo: pam_unix(sudo:session): session closed for user root      
Sep 18 15:26:14 ubuntu-xenial sudo:  vagrant : TTY=unknown ; PWD=/home/vagrant ; USER=root ; COMMAND=/bin/bash -l
Sep 18 15:26:14 ubuntu-xenial sudo: pam_unix(sudo:session): session opened for user root by (uid=0)
Sep 18 15:26:14 ubuntu-xenial sudo: pam_unix(sudo:session): session closed for user root      
Sep 18 15:26:14 ubuntu-xenial sudo:  vagrant : TTY=unknown ; PWD=/home/vagrant ; USER=root ; COMMAND=/bin/bash -l
Sep 18 15:26:14 ubuntu-xenial sudo: pam_unix(sudo:session): session opened for user root by (uid=0)
Sep 18 15:26:14 ubuntu-xenial sudo: pam_unix(sudo:session): session closed for user root
Sep 18 15:26:14 ubuntu-xenial sudo:  vagrant : TTY=unknown ; PWD=/home/vagrant ; USER=root ; COMMAND=/bin/bash -l
Sep 18 15:26:14 ubuntu-xenial sudo: pam_unix(sudo:session): session opened for user root by (uid=0)
Sep 18 15:26:14 ubuntu-xenial sudo: pam_unix(sudo:session): session closed for user root      
Sep 18 15:26:14 ubuntu-xenial sshd[2152]: fatal: ssh_dispatch_run_fatal: Connection from 10.0.2.2 port 50342: Broken pipe [preauth]
Sep 18 15:26:15 ubuntu-xenial sudo:  vagrant : TTY=unknown ; PWD=/home/vagrant ; USER=root ; COMMAND=/bin/bash -l
Sep 18 15:26:15 ubuntu-xenial sudo: pam_unix(sudo:session): session opened for user root by (uid=0)
Sep 18 15:26:15 ubuntu-xenial sudo: pam_unix(sudo:session): session closed for user root      
Sep 18 15:26:15 ubuntu-xenial sudo:  vagrant : TTY=unknown ; PWD=/home/vagrant ; USER=root ; COMMAND=/bin/bash -l
Sep 18 15:26:15 ubuntu-xenial sudo: pam_unix(sudo:session): session opened for user root by (uid=0)
Sep 18 15:26:15 ubuntu-xenial sudo: pam_unix(sudo:session): session closed for user root      
Sep 18 15:26:15 ubuntu-xenial sudo:  vagrant : TTY=unknown ; PWD=/home/vagrant ; USER=root ; COMMAND=/bin/bash -l
Sep 18 15:26:15 ubuntu-xenial sudo: pam_unix(sudo:session): session opened for user root by (uid=0)
Sep 18 15:26:15 ubuntu-xenial sudo: pam_unix(sudo:session): session closed for user root      
Sep 18 15:26:15 ubuntu-xenial sudo:  vagrant : TTY=unknown ; PWD=/home/vagrant ; USER=root ; COMMAND=/bin/bash -l
Sep 18 15:26:15 ubuntu-xenial sudo: pam_unix(sudo:session): session opened for user root by (uid=0)
Sep 18 15:26:27 ubuntu-xenial sudo: pam_unix(sudo:session): session closed for user root      
Sep 18 15:26:28 ubuntu-xenial sshd[1651]: pam_unix(sshd:session): session closed for user vagrant
Sep 18 15:26:39 ubuntu-xenial sshd[3029]: Accepted publickey for vagrant from 10.0.2.2 port 50361 ssh2: ED25519 SHA256:6O7aWUswe6MWGsfiGfi0nzNxhzG+OMjGnJHocoSDphw
Sep 18 15:26:39 ubuntu-xenial sshd[3029]: pam_unix(sshd:session): session opened for user vagrant by (uid=0)
Sep 18 15:26:39 ubuntu-xenial systemd-logind[1064]: New session 3 of user vagrant.
Sep 18 15:35:37 ubuntu-xenial sudo:  vagrant : TTY=pts/0 ; PWD=/home/vagrant ; USER=root ; COMMAND=/usr/bin/apt update
Sep 18 15:35:37 ubuntu-xenial sudo: pam_unix(sudo:session): session opened for user root by vagrant(uid=0)
Sep 18 15:35:39 ubuntu-xenial sudo: pam_unix(sudo:session): session closed for user root      
Sep 18 15:35:44 ubuntu-xenial sudo:  vagrant : TTY=pts/0 ; PWD=/home/vagrant ; USER=root ; COMMAND=/usr/bin/apt install fail2ban
Sep 18 15:35:44 ubuntu-xenial sudo: pam_unix(sudo:session): session opened for user root by vagrant(uid=0)
Sep 18 15:36:00 ubuntu-xenial sudo: pam_unix(sudo:session): session closed for user root      
Sep 18 15:40:45 ubuntu-xenial sudo:  vagrant : TTY=pts/0 ; PWD=/home/vagrant ; USER=root ; COMMAND=/bin/su
Sep 18 15:40:45 ubuntu-xenial sudo: pam_unix(sudo:session): session opened for user root by vagrant(uid=0)
Sep 18 15:40:45 ubuntu-xenial su[4306]: Successful su for root by root
Sep 18 15:40:45 ubuntu-xenial su[4306]: + /dev/pts/0 root:root
Sep 18 15:40:45 ubuntu-xenial su[4306]: pam_unix(su:session): session opened for user root by vagrant(uid=0)
Sep 18 15:40:45 ubuntu-xenial su[4306]: pam_systemd(su:session): Cannot create session: Already running in a session
Sep 18 15:48:32 ubuntu-xenial sudo:     root : TTY=pts/0 ; PWD=/home/vagrant ; USER=root ; COMMAND=/usr/bin/fail2ban-client status sshd
Sep 18 15:48:32 ubuntu-xenial sudo: pam_unix(sudo:session): session opened for user root by vagrant(uid=0)
Sep 18 15:48:32 ubuntu-xenial sudo: pam_unix(sudo:session): session closed for user root      
Sep 18 15:57:27 ubuntu-xenial login[1207]: pam_unix(login:auth): authentication failure; logname=LOGIN uid=0 euid=0 tty=/dev/tty1 ruser= rhost=  user=vagrant
Sep 18 15:57:30 ubuntu-xenial login[1207]: FAILED LOGIN (1) on '/dev/tty1' FOR 'vagrant', Authentication failure
Sep 18 15:57:39 ubuntu-xenial login[1207]: pam_unix(login:auth): check pass; user unknown     
Sep 18 15:57:39 ubuntu-xenial login[1207]: pam_unix(login:auth): authentication failure; logname=LOGIN uid=0 euid=0 tty=/dev/tty1 ruser= rhost=
Sep 18 15:57:41 ubuntu-xenial login[1207]: FAILED LOGIN (2) on '/dev/tty1' FOR 'UNKNOWN', Authentication failure
Sep 18 15:57:47 ubuntu-xenial login[1207]: pam_unix(login:auth): check pass; user unknown     
Sep 18 15:57:47 ubuntu-xenial login[1207]: pam_unix(login:auth): authentication failure; logname=LOGIN uid=0 euid=0 tty=/dev/tty1 ruser= rhost=
Sep 18 15:57:50 ubuntu-xenial login[1207]: FAILED LOGIN (3) on '/dev/tty1' FOR 'UNKNOWN', Authentication failure
Sep 18 15:57:55 ubuntu-xenial login[1207]: pam_unix(login:auth): check pass; user unknown     
Sep 18 15:57:55 ubuntu-xenial login[1207]: pam_unix(login:auth): authentication failure; logname=LOGIN uid=0 euid=0 tty=/dev/tty1 ruser= rhost=
Sep 18 15:57:58 ubuntu-xenial login[1207]: FAILED LOGIN (4) on '/dev/tty1' FOR 'UNKNOWN', Authentication failure
Sep 18 15:58:17 ubuntu-xenial login[1207]: FAILED LOGIN (5) on '/dev/tty1' FOR 'vagrant', Authentication failure
Sep 18 15:58:17 ubuntu-xenial login[1207]: TOO MANY LOGIN TRIES (5) on '/dev/tty1' FOR 'vagrant'
Sep 18 15:58:17 ubuntu-xenial login[1207]: pam_mail(login:session): pam_putenv: delete non-existent entry; MAIL
Sep 18 15:58:17 ubuntu-xenial login[1207]: pam_unix(login:session): session closed for user vagrant
Sep 18 15:58:17 ubuntu-xenial login[1207]: PAM 1 more authentication failure; logname=LOGIN uid=0 euid=0 tty=/dev/tty1 ruser= rhost=  user=vagrant
Sep 18 15:58:27 ubuntu-xenial login[4357]: pam_unix(login:auth): check pass; user unknown     
Sep 18 15:58:27 ubuntu-xenial login[4357]: pam_unix(login:auth): authentication failure; logname=LOGIN uid=0 euid=0 tty=/dev/tty1 ruser= rhost=
Sep 18 15:58:30 ubuntu-xenial login[4357]: FAILED LOGIN (1) on '/dev/tty1' FOR 'UNKNOWN', Authentication failure
Sep 18 16:01:43 ubuntu-xenial sudo:     root : TTY=pts/0 ; PWD=/home/vagrant ; USER=root ; COMMAND=/usr/bin/fail2ban-client status sshd
Sep 18 16:01:43 ubuntu-xenial sudo: pam_unix(sudo:session): session opened for user root by vagrant(uid=0)
Sep 18 16:01:43 ubuntu-xenial sudo: pam_unix(sudo:session): session closed for user root      
Sep 18 16:02:54 ubuntu-xenial su[4306]: pam_unix(su:session): session closed for user root    
Sep 18 16:02:54 ubuntu-xenial sudo: pam_unix(sudo:session): session closed for user root      
Sep 18 16:03:02 ubuntu-xenial sshd[3065]: Received disconnect from 10.0.2.2 port 50361:11: disconnected by user
Sep 18 16:03:02 ubuntu-xenial sshd[3065]: Disconnected from 10.0.2.2 port 50361
Sep 18 16:03:02 ubuntu-xenial sshd[3029]: pam_unix(sshd:session): session closed for user vagrant
Sep 18 16:03:02 ubuntu-xenial systemd-logind[1064]: Removed session 3.
Sep 18 16:03:21 ubuntu-xenial sshd[4376]: Accepted publickey for vagrant from 10.0.2.2 port 50521 ssh2: ED25519 SHA256:6O7aWUswe6MWGsfiGfi0nzNxhzG+OMjGnJHocoSDphw
Sep 18 16:03:21 ubuntu-xenial sshd[4376]: pam_unix(sshd:session): session opened for user vagrant by (uid=0)
Sep 18 16:03:21 ubuntu-xenial systemd-logind[1064]: New session 4 of user vagrant.
Sep 18 16:03:23 ubuntu-xenial sudo:  vagrant : TTY=unknown ; PWD=/home/vagrant ; USER=root ; COMMAND=/bin/bash -l
Sep 18 16:03:23 ubuntu-xenial sudo: pam_unix(sudo:session): session opened for user root by (uid=0)
Sep 18 16:03:23 ubuntu-xenial sudo: pam_unix(sudo:session): session closed for user root      
Sep 18 16:03:23 ubuntu-xenial sudo:  vagrant : TTY=unknown ; PWD=/home/vagrant ; USER=root ; COMMAND=/bin/bash -l
Sep 18 16:03:23 ubuntu-xenial sudo: pam_unix(sudo:session): session opened for user root by (uid=0)
Sep 18 16:03:23 ubuntu-xenial systemd-logind[1064]: System is powering down.
Sep 18 16:03:23 ubuntu-xenial sudo: pam_unix(sudo:session): session closed for user root      
Sep 18 16:03:23 ubuntu-xenial sshd[4376]: pam_unix(sshd:session): session closed for user vagrant
Sep 18 16:03:23 ubuntu-xenial systemd: pam_unix(systemd-user:session): session closed for user vagrant
Sep 18 16:03:23 ubuntu-xenial sshd[1318]: Received signal 15; terminating.
Sep 18 16:03:58 webserver-01 systemd-logind[1168]: Watching system buttons on /dev/input/event0 (Power Button)
Sep 18 16:03:58 webserver-01 systemd-logind[1168]: Watching system buttons on /dev/input/event1 (Sleep Button)
Sep 18 16:03:58 webserver-01 systemd-logind[1168]: Watching system buttons on /dev/input/event4 (Video Bus)
Sep 18 16:03:58 webserver-01 systemd-logind[1168]: New seat seat0.
Sep 18 16:03:58 webserver-01 sshd[1289]: Server listening on 0.0.0.0 port 22.
Sep 18 16:03:58 webserver-01 sshd[1289]: Server listening on :: port 22.
Sep 18 16:04:05 webserver-01 sshd[1440]: Accepted publickey for vagrant from 10.0.2.2 port 50532 ssh2: ED25519 SHA256:6O7aWUswe6MWGsfiGfi0nzNxhzG+OMjGnJHocoSDphw
Sep 18 16:04:05 webserver-01 sshd[1440]: pam_unix(sshd:session): session opened for user vagrant by (uid=0)
Sep 18 16:04:05 webserver-01 systemd: pam_unix(systemd-user:session): session opened for user vagrant by (uid=0)
Sep 18 16:04:05 webserver-01 systemd-logind[1168]: New session 1 of user vagrant.
Sep 18 16:04:06 webserver-01 sudo:  vagrant : TTY=unknown ; PWD=/home/vagrant ; USER=root ; COMMAND=/bin/bash -l
Sep 18 16:04:06 webserver-01 sudo: pam_unix(sudo:session): session opened for user root by (uid=0)
Sep 18 16:04:06 webserver-01 sudo: pam_unix(sudo:session): session closed for user root       
Sep 18 16:04:06 webserver-01 sudo:  vagrant : TTY=unknown ; PWD=/home/vagrant ; USER=root ; COMMAND=/bin/bash -l
Sep 18 16:04:06 webserver-01 sudo: pam_unix(sudo:session): session opened for user root by (uid=0)
Sep 18 16:04:06 webserver-01 sudo: pam_unix(sudo:session): session closed for user root       
Sep 18 16:04:06 webserver-01 sudo:  vagrant : TTY=unknown ; PWD=/home/vagrant ; USER=root ; COMMAND=/bin/bash -l
Sep 18 16:04:06 webserver-01 sudo: pam_unix(sudo:session): session opened for user root by (uid=0)
Sep 18 16:04:06 webserver-01 sudo: pam_unix(sudo:session): session closed for user root       
Sep 18 16:04:06 webserver-01 sudo:  vagrant : TTY=unknown ; PWD=/home/vagrant ; USER=root ; COMMAND=/bin/bash -l
Sep 18 16:04:06 webserver-01 sudo: pam_unix(sudo:session): session opened for user root by (uid=0)
Sep 18 16:04:07 webserver-01 sudo: pam_unix(sudo:session): session closed for user root       
Sep 18 16:04:07 webserver-01 sudo:  vagrant : TTY=unknown ; PWD=/home/vagrant ; USER=root ; COMMAND=/bin/bash -l
Sep 18 16:04:07 webserver-01 sudo: pam_unix(sudo:session): session opened for user root by (uid=0)
Sep 18 16:04:07 webserver-01 sudo: pam_unix(sudo:session): session closed for user root       
Sep 18 16:04:07 webserver-01 sudo:  vagrant : TTY=unknown ; PWD=/home/vagrant ; USER=root ; COMMAND=/bin/bash -l
Sep 18 16:04:07 webserver-01 sudo: pam_unix(sudo:session): session opened for user root by (uid=0)
Sep 18 16:04:08 webserver-01 sudo: pam_unix(sudo:session): session closed for user root       
Sep 18 16:04:08 webserver-01 sudo:  vagrant : TTY=unknown ; PWD=/home/vagrant ; USER=root ; COMMAND=/bin/bash -l
Sep 18 16:04:08 webserver-01 sudo: pam_unix(sudo:session): session opened for user root by (uid=0)
Sep 18 16:04:11 webserver-01 sshd[1289]: Received SIGHUP; restarting.
Sep 18 16:04:11 webserver-01 sshd[1289]: Server listening on 0.0.0.0 port 22.
Sep 18 16:04:11 webserver-01 sshd[1289]: Server listening on :: port 22.
Sep 18 16:04:11 webserver-01 sudo: pam_unix(sudo:session): session closed for user root       
Sep 18 16:04:12 webserver-01 sudo:  vagrant : TTY=unknown ; PWD=/home/vagrant ; USER=root ; COMMAND=/bin/bash -l
Sep 18 16:04:12 webserver-01 sudo: pam_unix(sudo:session): session opened for user root by (uid=0)
Sep 18 16:04:12 webserver-01 sudo: pam_unix(sudo:session): session closed for user root       
Sep 18 16:04:12 webserver-01 sudo:  vagrant : TTY=unknown ; PWD=/home/vagrant ; USER=root ; COMMAND=/bin/bash -l
Sep 18 16:04:12 webserver-01 sudo: pam_unix(sudo:session): session opened for user root by (uid=0)
Sep 18 16:04:12 webserver-01 sudo: pam_unix(sudo:session): session closed for user root       
Sep 18 16:04:12 webserver-01 sudo:  vagrant : TTY=unknown ; PWD=/home/vagrant ; USER=root ; COMMAND=/bin/bash -l
Sep 18 16:04:12 webserver-01 sudo: pam_unix(sudo:session): session opened for user root by (uid=0)
Sep 18 16:04:12 webserver-01 sudo: pam_unix(sudo:session): session closed for user root       
Sep 18 16:04:12 webserver-01 sudo:  vagrant : TTY=unknown ; PWD=/home/vagrant ; USER=root ; COMMAND=/bin/bash -l
Sep 18 16:04:12 webserver-01 sudo: pam_unix(sudo:session): session opened for user root by (uid=0)
Sep 18 16:04:12 webserver-01 sudo: pam_unix(sudo:session): session closed for user root       
Sep 18 16:04:12 webserver-01 sudo:  vagrant : TTY=unknown ; PWD=/home/vagrant ; USER=root ; COMMAND=/bin/bash -l
Sep 18 16:04:12 webserver-01 sudo: pam_unix(sudo:session): session opened for user root by (uid=0)
Sep 18 16:04:12 webserver-01 sudo: pam_unix(sudo:session): session closed for user root       
Sep 18 16:04:12 webserver-01 sudo:  vagrant : TTY=unknown ; PWD=/home/vagrant ; USER=root ; COMMAND=/bin/bash -l
Sep 18 16:04:12 webserver-01 sudo: pam_unix(sudo:session): session opened for user root by (uid=0)
Sep 18 16:04:12 webserver-01 sudo: pam_unix(sudo:session): session closed for user root       
Sep 18 16:04:12 webserver-01 sudo:  vagrant : TTY=unknown ; PWD=/home/vagrant ; USER=root ; COMMAND=/bin/bash -l
Sep 18 16:04:12 webserver-01 sudo: pam_unix(sudo:session): session opened for user root by (uid=0)
Sep 18 16:04:13 webserver-01 sudo: pam_unix(sudo:session): session closed for user root       
Sep 18 16:04:13 webserver-01 sudo:  vagrant : TTY=unknown ; PWD=/home/vagrant ; USER=root ; COMMAND=/bin/bash -l
Sep 18 16:04:13 webserver-01 sudo: pam_unix(sudo:session): session opened for user root by (uid=0)
Sep 18 16:04:13 webserver-01 sudo: pam_unix(sudo:session): session closed for user root       
Sep 18 16:04:13 webserver-01 sudo:  vagrant : TTY=unknown ; PWD=/home/vagrant ; USER=root ; COMMAND=/bin/bash -l
Sep 18 16:04:13 webserver-01 sudo: pam_unix(sudo:session): session opened for user root by (uid=0)
Sep 18 16:04:13 webserver-01 sudo: pam_unix(sudo:session): session closed for user root       
Sep 18 16:04:13 webserver-01 sudo:  vagrant : TTY=unknown ; PWD=/home/vagrant ; USER=root ; COMMAND=/bin/bash -l
Sep 18 16:04:13 webserver-01 sudo: pam_unix(sudo:session): session opened for user root by (uid=0)
Sep 18 16:04:13 webserver-01 sudo: pam_unix(sudo:session): session closed for user root       
Sep 18 16:04:13 webserver-01 sshd[1619]: Connection reset by 10.0.2.2 port 50530 [preauth]    
Sep 18 16:04:13 webserver-01 sshd[1680]: Connection reset by 10.0.2.2 port 50531 [preauth]    
Sep 18 16:04:13 webserver-01 sshd[1440]: pam_unix(sshd:session): session closed for user vagrant
Sep 18 16:05:38 webserver-01 sshd[1929]: Accepted publickey for vagrant from 10.0.2.2 port 50535 ssh2: ED25519 SHA256:6O7aWUswe6MWGsfiGfi0nzNxhzG+OMjGnJHocoSDphw
Sep 18 16:05:38 webserver-01 sshd[1929]: pam_unix(sshd:session): session opened for user vagrant by (uid=0)
Sep 18 16:05:38 webserver-01 systemd-logind[1168]: New session 2 of user vagrant.
Sep 18 16:05:57 webserver-01 sshd[1981]: Connection reset by 10.0.2.2 port 50536 [preauth]    
Sep 18 16:06:22 webserver-01 sshd[1983]: Connection reset by 10.0.2.2 port 50538 [preauth]    
Sep 18 16:06:43 webserver-01 sudo:  vagrant : TTY=pts/0 ; PWD=/home/vagrant ; USER=root ; COMMAND=/bin/su
Sep 18 16:06:43 webserver-01 sudo: pam_unix(sudo:session): session opened for user root by vagrant(uid=0)
Sep 18 16:06:43 webserver-01 su[1986]: Successful su for root by root
Sep 18 16:06:43 webserver-01 su[1986]: + /dev/pts/0 root:root
Sep 18 16:10:34 webserver-01 sshd[2009]: input_userauth_request: invalid user fakeuser [preauth]
Sep 18 16:10:34 webserver-01 sshd[2009]: Connection reset by 192.168.0.104 port 50543 [preauth]
Sep 18 16:10:52 webserver-01 sshd[2011]: Invalid user fakeuser from 192.168.0.104
Sep 18 16:10:52 webserver-01 sshd[2011]: input_userauth_request: invalid user fakeuser [preauth]
Sep 18 16:10:52 webserver-01 sshd[2011]: Connection reset by 192.168.0.104 port 50544 [preauth]
Sep 18 16:11:26 webserver-01 sudo:     root : TTY=pts/0 ; PWD=/home/vagrant ; USER=root ; COMMAND=/usr/bin/fail2ban-client status sshd
Sep 18 16:11:26 webserver-01 sudo: pam_unix(sudo:session): session opened for user root by vagrant(uid=0)      
Sep 18 16:11:26 webserver-01 sudo: pam_unix(sudo:session): session closed for user root
Sep 18 16:12:56 webserver-01 sshd[2015]: Invalid user fakeuser from 192.168.0.104
Sep 18 16:12:56 webserver-01 sshd[2015]: input_userauth_request: invalid user fakeuser [preauth]
Sep 18 16:12:56 webserver-01 sshd[2015]: Connection reset by 192.168.0.104 port 50545 [preauth]
Sep 18 16:13:25 webserver-01 sshd[2017]: Invalid user fakeuser from 192.168.0.104
Sep 18 16:13:25 webserver-01 sshd[2017]: input_userauth_request: invalid user fakeuser [preauth]
Sep 18 16:13:25 webserver-01 sshd[2017]: Connection reset by 192.168.0.104 port 50546 [preauth]
Sep 18 16:16:25 webserver-01 sudo:     root : TTY=pts/0 ; PWD=/home/vagrant ; USER=root ; COMMAND=/usr/bin/fail2ban-client status sshd
Sep 18 16:16:25 webserver-01 sudo: pam_unix(sudo:session): session opened for user root by vagrant(uid=0)      
Sep 18 16:16:25 webserver-01 sudo: pam_unix(sudo:session): session closed for user root
Sep 18 16:17:01 webserver-01 CRON[2029]: pam_unix(cron:session): session opened for user root by (uid=0)       
Sep 18 16:17:01 webserver-01 CRON[2029]: pam_unix(cron:session): session closed for user root
root@webserver-01:/home/vagrant# cat /var/log/auth.log | grap deny@
The program 'grap' is currently not installed. You can install it by typing:
apt install grap
root@webserver-01:/home/vagrant# cat /var/log/auth.log | grap "deny"
The program 'grap' is currently not installed. You can install it by typing:
apt install grap
root@webserver-01:/home/vagrant# cat /var/log/auth.log | grep "deny"
root@webserver-01:/home/vagrant# history
    1  cp /etc/fail2ban/jail.conf /etc/fail2ban/jail.local
    2  vim /etc/fail2ban/jail.local
    3  systemctl restart fail2ban
    4  sudo fail2ban-client status sshd
    5  vagrant reload
    6  logout
    7  exit
    8  sudo fail2ban-client status sshd
    9  ip a
   10  sudo fail2ban-client status sshd
   11  cat /var/log/auth.log
   12  cat /var/log/auth.log | grap deny@
   13  cat /var/log/auth.log | grap "deny"
   14  cat /var/log/auth.log | grep "deny"
   15  history
root@webserver-01:/home/vagrant#


Windows PowerShell
Copyright (C) Microsoft Corporation. All rights reserved.

Install the latest PowerShell for new features and improvements! https://aka.ms/PSWindows

PS C:\Users\Ry\IdeaProjects\rddevry_project1>
PS C:\Users\Ry\IdeaProjects\rddevry_project1>
PS C:\Users\Ry\IdeaProjects\rddevry_project1>
PS C:\Users\Ry\IdeaProjects\rddevry_project1>
PS C:\Users\Ry\IdeaProjects\rddevry_project1>
PS C:\Users\Ry\IdeaProjects\rddevry_project1> vagrant ssh vm1
A Vagrant environment or target machine is required to run this
command. Run `vagrant init` to create a new Vagrant environment. Or,
get an ID of a target machine from `vagrant global-status` to run
this command on. A final option is to change to a directory with a
Vagrantfile and to try again.
PS C:\Users\Ry\IdeaProjects\rddevry_project1> cd .\devops2_volodymyr\linux_homework6_volodymyr\
PS C:\Users\Ry\IdeaProjects\rddevry_project1\devops2_volodymyr\linux_homework6_volodymyr> vagrant ssh vm1                                  
Welcome to Ubuntu 16.04.7 LTS (GNU/Linux 4.4.0-210-generic x86_64)

 * Documentation:  https://help.ubuntu.com
 * Management:     https://landscape.canonical.com
 * Support:        https://ubuntu.com/advantage

12 updates can be applied immediately.
4 of these updates are standard security updates.
To see these additional updates run: apt list --upgradable

New release '18.04.6 LTS' available.
Run 'do-release-upgrade' to upgrade to it.


Last login: Wed Sep 18 16:05:38 2024 from 10.0.2.2
vagrant@webserver-01:~$ sudo su
root@webserver-01:/home/vagrant# 
root@webserver-01:/home/vagrant#
root@webserver-01:/home/vagrant#
root@webserver-01:/home/vagrant#
root@webserver-01:/home/vagrant# ва -р
ва: command not found
root@webserver-01:/home/vagrant# df -h
Filesystem      Size  Used Avail Use% Mounted on
udev            2.0G     0  2.0G   0% /dev
tmpfs           396M  5.6M  390M   2% /run
/dev/sda1        59G  1.1G   58G   2% /
tmpfs           2.0G     0  2.0G   0% /dev/shm
tmpfs           5.0M     0  5.0M   0% /run/lock
tmpfs           2.0G     0  2.0G   0% /sys/fs/cgroup
tmpfs           396M     0  396M   0% /run/user/1000
vagrant         184G   65G  119G  36% /vagrant
vagrant_data    184G   65G  119G  36% /vagrant_data
root@webserver-01:/home/vagrant# lsblk
NAME   MAJ:MIN RM SIZE RO TYPE MOUNTPOINT
sda      8:0    0  60G  0 disk
└─sda1   8:1    0  60G  0 part /
sdb      8:16   0  10M  0 disk
root@webserver-01:/home/vagrant# logout
bash: logout: not login shell: use `exit'
root@webserver-01:/home/vagrant# logout
bash: logout: not login shell: use `exit'
root@webserver-01:/home/vagrant# exit
exit
vagrant@webserver-01:~$ logout
Connection to 127.0.0.1 closed.
PS C:\Users\Ry\IdeaProjects\rddevry_project1\devops2_volodymyr\linux_homework6_volodymyr> vagrant halt 
==> vm1: Attempting graceful shutdown of VM...
PS C:\Users\Ry\IdeaProjects\rddevry_project1\devops2_volodymyr\linux_homework6_volodymyr> vagrant up  
Bringing machine 'vm1' up with 'virtualbox' provider...
==> vm1: Checking if box 'ubuntu/xenial64' version '20211001.0.2' is up to date...
==> vm1: Clearing any previously set forwarded ports...
==> vm1: Clearing any previously set network interfaces...
==> vm1: Preparing network interfaces based on configuration...
    vm1: Adapter 1: nat
    vm1: Adapter 2: bridged
==> vm1: Forwarding ports...
    vm1: 22 (guest) => 2222 (host) (adapter 1)
==> vm1: Running 'pre-boot' VM customizations...
==> vm1: Resized disk: old 5120 MB, req 61440 MB, new 61440 MB
==> vm1: You may need to resize the filesystem from within the guest.
==> vm1: Booting VM...
==> vm1: Waiting for machine to boot. This may take a few minutes...
    vm1: SSH address: 127.0.0.1:2222
    vm1: SSH username: vagrant
    vm1: SSH auth method: private key
Timed out while waiting for the machine to boot. This means that
Vagrant was unable to communicate with the guest machine within
the configured ("config.vm.boot_timeout" value) time period.

If you look above, you should be able to see the error(s) that
Vagrant had when attempting to connect to the machine. These errors
are usually good hints as to what may be wrong.

If you're using a custom box, make sure that networking is properly
working and you're able to connect to the machine. It is a common
problem that networking isn't setup properly in these boxes.
Verify that authentication configurations are also setup properly,
as well.

If the box appears to be booting properly, you may want to increase
the timeout ("config.vm.boot_timeout") value.
PS C:\Users\Ry\IdeaProjects\rddevry_project1\devops2_volodymyr\linux_homework6_volodymyr> vagrant halt
==> vm1: Attempting graceful shutdown of VM...
    vm1: Guest communication could not be established! This is usually because
    vm1: SSH is not running, the authentication information was changed,
    vm1: or some other networking issue. Vagrant will force halt, if
    vm1: capable.
==> vm1: Forcing shutdown of VM...
PS C:\Users\Ry\IdeaProjects\rddevry_project1\devops2_volodymyr\linux_homework6_volodymyr> vagrant up  
Bringing machine 'vm1' up with 'virtualbox' provider...
==> vm1: Checking if box 'ubuntu/xenial64' version '20211001.0.2' is up to date...
==> vm1: Clearing any previously set forwarded ports...
==> vm1: Clearing any previously set network interfaces...
==> vm1: Preparing network interfaces based on configuration...
    vm1: Adapter 1: nat
    vm1: Adapter 2: bridged
==> vm1: Forwarding ports...
    vm1: 22 (guest) => 2222 (host) (adapter 1)
==> vm1: Running 'pre-boot' VM customizations...
==> vm1: Booting VM...
==> vm1: Waiting for machine to boot. This may take a few minutes...
    vm1: SSH address: 127.0.0.1:2222
    vm1: SSH username: vagrant
    vm1: SSH auth method: private key
Timed out while waiting for the machine to boot. This means that
Vagrant was unable to communicate with the guest machine within
the configured ("config.vm.boot_timeout" value) time period.

If you look above, you should be able to see the error(s) that
Vagrant had when attempting to connect to the machine. These errors
are usually good hints as to what may be wrong.

If you're using a custom box, make sure that networking is properly
working and you're able to connect to the machine. It is a common
problem that networking isn't setup properly in these boxes.
Verify that authentication configurations are also setup properly,
as well.

If the box appears to be booting properly, you may want to increase
the timeout ("config.vm.boot_timeout") value.
PS C:\Users\Ry\IdeaProjects\rddevry_project1\devops2_volodymyr\linux_homework6_volodymyr> vagrant halt
==> vm1: Attempting graceful shutdown of VM...
    vm1: Guest communication could not be established! This is usually because
    vm1: SSH is not running, the authentication information was changed,
    vm1: or some other networking issue. Vagrant will force halt, if
    vm1: capable.
==> vm1: Forcing shutdown of VM...
PS C:\Users\Ry\IdeaProjects\rddevry_project1\devops2_volodymyr\linux_homework6_volodymyr> vagrant up  
Bringing machine 'vm1' up with 'virtualbox' provider...
==> vm1: Checking if box 'ubuntu/xenial64' version '20211001.0.2' is up to date...
==> vm1: Clearing any previously set forwarded ports...
==> vm1: Clearing any previously set network interfaces...
==> vm1: Preparing network interfaces based on configuration...
    vm1: Adapter 1: nat
    vm1: Adapter 2: bridged
==> vm1: Forwarding ports...
    vm1: 22 (guest) => 2222 (host) (adapter 1)
==> vm1: Running 'pre-boot' VM customizations...
==> vm1: Booting VM...
==> vm1: Waiting for machine to boot. This may take a few minutes...
    vm1: SSH address: 127.0.0.1:2222
    vm1: SSH username: vagrant
    vm1: SSH auth method: private key
The guest machine entered an invalid state while waiting for it
to boot. Valid states are 'starting, running'. The machine is in the
'paused' state. Please verify everything is configured
properly and try again.

If the provider you're using has a GUI that comes with it,
it is often helpful to open that and watch the machine, since the
GUI often has more helpful error messages than Vagrant can retrieve.
For example, if you're using VirtualBox, run `vagrant up` while the
VirtualBox GUI is open.

The primary issue for this error is that the provider you're using
is not properly configured. This is very rarely a Vagrant issue.
PS C:\Users\Ry\IdeaProjects\rddevry_project1\devops2_volodymyr\linux_homework6_volodymyr> vagrant up  
Bringing machine 'vm1' up with 'virtualbox' provider...
==> vm1: Importing base box 'ubuntu/xenial64'...
==> vm1: Matching MAC address for NAT networking...
==> vm1: Checking if box 'ubuntu/xenial64' version '20211001.0.2' is up to date...
==> vm1: Setting the name of the VM: linux_homework6_volodymyr_vm1_1726681739860_51980
==> vm1: Clearing any previously set network interfaces...
==> vm1: Preparing network interfaces based on configuration...
    vm1: Adapter 1: nat
    vm1: Adapter 2: bridged
==> vm1: Forwarding ports...
    vm1: 22 (guest) => 2222 (host) (adapter 1)
==> vm1: Running 'pre-boot' VM customizations...
==> vm1: Resized disk: old 40960 MB, req 61440 MB, new 61440 MB
==> vm1: You may need to resize the filesystem from within the guest.
==> vm1: Booting VM...
==> vm1: Waiting for machine to boot. This may take a few minutes...
    vm1: SSH address: 127.0.0.1:2222
    vm1: SSH username: vagrant
    vm1: SSH auth method: private key
    vm1: 
    vm1: Vagrant insecure key detected. Vagrant will automatically replace
    vm1: this with a newly generated keypair for better security.
    vm1: 
    vm1: Inserting generated public key within guest...
    vm1: Removing insecure key from the guest if it's present...
    vm1: Key inserted! Disconnecting and reconnecting using new SSH key...
==> vm1: Machine booted and ready!
==> vm1: Checking for guest additions in VM...
    vm1: The guest additions on this VM do not match the installed version of
    vm1: VirtualBox! In most cases this is fine, but in rare cases it can
    vm1: prevent things such as shared folders from working properly. If you see
    vm1: shared folder errors, please make sure the guest additions within the
    vm1: virtual machine match the version of VirtualBox you have installed on
    vm1: your host and reload your VM.
    vm1:
    vm1: Guest Additions Version: 5.1.38
    vm1: VirtualBox Version: 7.0
==> vm1: Setting hostname...
==> vm1: Configuring and enabling network interfaces...
==> vm1: Mounting shared folders...
    vm1: /vagrant => C:/Users/Ry/IdeaProjects/rddevry_project1/devops2_volodymyr/linux_homework6_volodymyr
    vm1: /vagrant_data => C:/Users/Ry/IdeaProjects/rddevry_project1/devops2_volodymyr/linux_homework6_volodymyr/shared
==> vm1: Running provisioner: shell...
    vm1: Running: inline script
    vm1: Get:1 http://security.ubuntu.com/ubuntu xenial-security InRelease [106 kB]
    vm1: Hit:2 http://archive.ubuntu.com/ubuntu xenial InRelease
    vm1: Get:3 http://archive.ubuntu.com/ubuntu xenial-updates InRelease [106 kB]
    vm1: Get:4 http://security.ubuntu.com/ubuntu xenial-security/main amd64 Packages [913 kB]
    vm1: Get:5 https://esm.ubuntu.com/infra/ubuntu xenial-infra-security InRelease [7,521 B]
    vm1: Get:6 https://esm.ubuntu.com/infra/ubuntu xenial-infra-updates InRelease [7,472 B]
    vm1: Get:7 http://archive.ubuntu.com/ubuntu xenial-backports InRelease [106 kB]
    vm1: Get:8 http://archive.ubuntu.com/ubuntu xenial/universe amd64 Packages [7,532 kB]
    vm1: Get:9 https://esm.ubuntu.com/infra/ubuntu xenial-infra-security/main amd64 Packages [985 kB]
    vm1: Get:10 http://security.ubuntu.com/ubuntu xenial-security/main Translation-en [211 kB]
    vm1: Get:11 http://security.ubuntu.com/ubuntu xenial-security/universe amd64 Packages [740 kB]
    vm1: Get:12 http://security.ubuntu.com/ubuntu xenial-security/universe Translation-en [203 kB]
    vm1: Get:13 http://security.ubuntu.com/ubuntu xenial-security/multiverse amd64 Packages [7,864 B]
    vm1: Get:14 http://security.ubuntu.com/ubuntu xenial-security/multiverse Translation-en [2,672 B]
    vm1: Get:15 http://archive.ubuntu.com/ubuntu xenial/universe Translation-en [4,354 kB]
    vm1: Get:16 http://archive.ubuntu.com/ubuntu xenial/multiverse amd64 Packages [144 kB]
    vm1: Get:17 http://archive.ubuntu.com/ubuntu xenial/multiverse Translation-en [106 kB]
    vm1: Get:18 http://archive.ubuntu.com/ubuntu xenial-updates/main amd64 Packages [1,269 kB]
    vm1: Get:19 http://archive.ubuntu.com/ubuntu xenial-updates/main Translation-en [303 kB]
    vm1: Get:20 http://archive.ubuntu.com/ubuntu xenial-updates/universe amd64 Packages [1,171 kB]
    vm1: Get:21 https://esm.ubuntu.com/infra/ubuntu xenial-infra-updates/main amd64 Packages [4,980 B]
    vm1: Get:22 http://archive.ubuntu.com/ubuntu xenial-updates/universe Translation-en [334 kB]
    vm1: Get:23 http://archive.ubuntu.com/ubuntu xenial-updates/multiverse amd64 Packages [21.6 kB]
    vm1: Get:24 http://archive.ubuntu.com/ubuntu xenial-updates/multiverse Translation-en [8,440 B]
    vm1: Get:25 http://archive.ubuntu.com/ubuntu xenial-backports/main amd64 Packages [10.2 kB]
    vm1: Get:26 http://archive.ubuntu.com/ubuntu xenial-backports/main Translation-en [4,456 B]
    vm1: Get:27 http://archive.ubuntu.com/ubuntu xenial-backports/universe amd64 Packages [11.5 kB]
    vm1: Get:28 http://archive.ubuntu.com/ubuntu xenial-backports/universe Translation-en [4,476 B]
    vm1: Fetched 18.7 MB in 5s (3,540 kB/s)
    vm1: Reading package lists...
    vm1: Reading package lists...
    vm1: Building dependency tree...
    vm1: Reading state information...
    vm1: The following additional packages will be installed:
    vm1:   fontconfig-config fonts-dejavu-core libfontconfig1 libgd3 libjbig0
    vm1:   libjpeg-turbo8 libjpeg8 libtiff5 libvpx3 libxpm4 nginx-common nginx-core
    vm1: Suggested packages:
    vm1:   libgd-tools fcgiwrap nginx-doc ssl-cert
    vm1: The following NEW packages will be installed:
    vm1:   fontconfig-config fonts-dejavu-core libfontconfig1 libgd3 libjbig0
    vm1:   libjpeg-turbo8 libjpeg8 libtiff5 libvpx3 libxpm4 nginx nginx-common
    vm1:   nginx-core
    vm1: 0 upgraded, 13 newly installed, 0 to remove and 12 not upgraded.
    vm1: Need to get 2,860 kB of archives.
    vm1: After this operation, 9,315 kB of additional disk space will be used.
    vm1: Get:1 http://archive.ubuntu.com/ubuntu xenial-updates/main amd64 libjpeg-turbo8 amd64 1.4.2-0ubuntu3.4 [111 kB]
    vm1: Get:2 http://archive.ubuntu.com/ubuntu xenial/main amd64 libjbig0 amd64 2.1-3.1 [26.6 kB]
    vm1: Get:3 http://archive.ubuntu.com/ubuntu xenial/main amd64 fonts-dejavu-core all 2.35-1 [1,039 kB]
    vm1: Get:4 http://archive.ubuntu.com/ubuntu xenial-updates/main amd64 fontconfig-config all 2.11.94-0ubuntu1.1 [49.9 kB]
    vm1: Get:5 http://archive.ubuntu.com/ubuntu xenial-updates/main amd64 libfontconfig1 amd64 2.11.94-0ubuntu1.1 [131 kB]
    vm1: Get:6 http://archive.ubuntu.com/ubuntu xenial/main amd64 libjpeg8 amd64 8c-2ubuntu8 [2,194 B]
    vm1: Get:7 http://archive.ubuntu.com/ubuntu xenial-updates/main amd64 libtiff5 amd64 4.0.6-1ubuntu0.8 [149 kB]
    vm1: Get:8 http://archive.ubuntu.com/ubuntu xenial-updates/main amd64 libvpx3 amd64 1.5.0-2ubuntu1.1 [732 kB]
    vm1: Get:9 http://archive.ubuntu.com/ubuntu xenial-updates/main amd64 libxpm4 amd64 1:3.5.11-1ubuntu0.16.04.1 [33.8 kB]
    vm1: Get:10 http://archive.ubuntu.com/ubuntu xenial-updates/main amd64 libgd3 amd64 2.1.1-4ubuntu0.16.04.12 [126 kB]
    vm1: Get:11 http://archive.ubuntu.com/ubuntu xenial-updates/main amd64 nginx-common all 1.10.3-0ubuntu0.16.04.5 [26.9 kB]
    vm1: Get:12 http://archive.ubuntu.com/ubuntu xenial-updates/main amd64 nginx-core amd64 1.10.3-0ubuntu0.16.04.5 [429 kB]
    vm1: Get:13 http://archive.ubuntu.com/ubuntu xenial-updates/main amd64 nginx all 1.10.3-0ubuntu0.16.04.5 [3,494 B]
    vm1: dpkg-preconfigure: unable to re-open stdin: No such file or directory
    vm1: Fetched 2,860 kB in 1s (1,491 kB/s)
    vm1: Selecting previously unselected package libjpeg-turbo8:amd64.
(Reading database ... 54424 files and directories currently installed.)
    vm1: Preparing to unpack .../libjpeg-turbo8_1.4.2-0ubuntu3.4_amd64.deb ...
    vm1: Unpacking libjpeg-turbo8:amd64 (1.4.2-0ubuntu3.4) ...
    vm1: Selecting previously unselected package libjbig0:amd64.
    vm1: Preparing to unpack .../libjbig0_2.1-3.1_amd64.deb ...
    vm1: Unpacking libjbig0:amd64 (2.1-3.1) ...
    vm1: Selecting previously unselected package fonts-dejavu-core.
    vm1: Preparing to unpack .../fonts-dejavu-core_2.35-1_all.deb ...
    vm1: Unpacking fonts-dejavu-core (2.35-1) ...
    vm1: Selecting previously unselected package fontconfig-config.
    vm1: Preparing to unpack .../fontconfig-config_2.11.94-0ubuntu1.1_all.deb ...
    vm1: Unpacking fontconfig-config (2.11.94-0ubuntu1.1) ...
    vm1: Selecting previously unselected package libfontconfig1:amd64.
    vm1: Preparing to unpack .../libfontconfig1_2.11.94-0ubuntu1.1_amd64.deb ...
    vm1: Unpacking libfontconfig1:amd64 (2.11.94-0ubuntu1.1) ...
    vm1: Selecting previously unselected package libjpeg8:amd64.
    vm1: Preparing to unpack .../libjpeg8_8c-2ubuntu8_amd64.deb ...
    vm1: Unpacking libjpeg8:amd64 (8c-2ubuntu8) ...
    vm1: Selecting previously unselected package libtiff5:amd64.
    vm1: Preparing to unpack .../libtiff5_4.0.6-1ubuntu0.8_amd64.deb ...
    vm1: Unpacking libtiff5:amd64 (4.0.6-1ubuntu0.8) ...
    vm1: Selecting previously unselected package libvpx3:amd64.
    vm1: Preparing to unpack .../libvpx3_1.5.0-2ubuntu1.1_amd64.deb ...
    vm1: Unpacking libvpx3:amd64 (1.5.0-2ubuntu1.1) ...
    vm1: Selecting previously unselected package libxpm4:amd64.
    vm1: Preparing to unpack .../libxpm4_1%3a3.5.11-1ubuntu0.16.04.1_amd64.deb ...
    vm1: Unpacking libxpm4:amd64 (1:3.5.11-1ubuntu0.16.04.1) ...
    vm1: Selecting previously unselected package libgd3:amd64.
    vm1: Preparing to unpack .../libgd3_2.1.1-4ubuntu0.16.04.12_amd64.deb ...
    vm1: Unpacking libgd3:amd64 (2.1.1-4ubuntu0.16.04.12) ...
    vm1: Selecting previously unselected package nginx-common.
    vm1: Preparing to unpack .../nginx-common_1.10.3-0ubuntu0.16.04.5_all.deb ...
    vm1: Unpacking nginx-common (1.10.3-0ubuntu0.16.04.5) ...
    vm1: Selecting previously unselected package nginx-core.
    vm1: Preparing to unpack .../nginx-core_1.10.3-0ubuntu0.16.04.5_amd64.deb ...
    vm1: Unpacking nginx-core (1.10.3-0ubuntu0.16.04.5) ...
    vm1: Selecting previously unselected package nginx.
    vm1: Preparing to unpack .../nginx_1.10.3-0ubuntu0.16.04.5_all.deb ...
    vm1: Unpacking nginx (1.10.3-0ubuntu0.16.04.5) ...
    vm1: Processing triggers for libc-bin (2.23-0ubuntu11.3) ...
    vm1: Processing triggers for man-db (2.7.5-1) ...
    vm1: Processing triggers for ureadahead (0.100.0-19.1) ...
    vm1: Processing triggers for systemd (229-4ubuntu21.31) ...
    vm1: Processing triggers for ufw (0.35-0ubuntu2) ...
    vm1: Setting up libjpeg-turbo8:amd64 (1.4.2-0ubuntu3.4) ...
    vm1: Setting up libjbig0:amd64 (2.1-3.1) ...
    vm1: Setting up fonts-dejavu-core (2.35-1) ...
    vm1: Setting up fontconfig-config (2.11.94-0ubuntu1.1) ...
    vm1: Setting up libfontconfig1:amd64 (2.11.94-0ubuntu1.1) ...
    vm1: Setting up libjpeg8:amd64 (8c-2ubuntu8) ...
    vm1: Setting up libtiff5:amd64 (4.0.6-1ubuntu0.8) ...
    vm1: Setting up libvpx3:amd64 (1.5.0-2ubuntu1.1) ...
    vm1: Setting up libxpm4:amd64 (1:3.5.11-1ubuntu0.16.04.1) ...
    vm1: Setting up libgd3:amd64 (2.1.1-4ubuntu0.16.04.12) ...
    vm1: Setting up nginx-common (1.10.3-0ubuntu0.16.04.5) ...
    vm1: Setting up nginx-core (1.10.3-0ubuntu0.16.04.5) ...
    vm1: Setting up nginx (1.10.3-0ubuntu0.16.04.5) ...
    vm1: Processing triggers for libc-bin (2.23-0ubuntu11.3) ...
    vm1: Processing triggers for ureadahead (0.100.0-19.1) ...
    vm1: Processing triggers for systemd (229-4ubuntu21.31) ...
    vm1: Processing triggers for ufw (0.35-0ubuntu2) ...
PS C:\Users\Ry\IdeaProjects\rddevry_project1\devops2_volodymyr\linux_homework6_volodymyr> 
PS C:\Users\Ry\IdeaProjects\rddevry_project1\devops2_volodymyr\linux_homework6_volodymyr>
PS C:\Users\Ry\IdeaProjects\rddevry_project1\devops2_volodymyr\linux_homework6_volodymyr>
PS C:\Users\Ry\IdeaProjects\rddevry_project1\devops2_volodymyr\linux_homework6_volodymyr>
PS C:\Users\Ry\IdeaProjects\rddevry_project1\devops2_volodymyr\linux_homework6_volodymyr>
PS C:\Users\Ry\IdeaProjects\rddevry_project1\devops2_volodymyr\linux_homework6_volodymyr>
PS C:\Users\Ry\IdeaProjects\rddevry_project1\devops2_volodymyr\linux_homework6_volodymyr> vagrant halt
==> vm1: Attempting graceful shutdown of VM...
PS C:\Users\Ry\IdeaProjects\rddevry_project1\devops2_volodymyr\linux_homework6_volodymyr> vagrant up  
Bringing machine 'vm1' up with 'virtualbox' provider...
==> vm1: Checking if box 'ubuntu/xenial64' version '20211001.0.2' is up to date...
==> vm1: Clearing any previously set forwarded ports...
==> vm1: Clearing any previously set network interfaces...
==> vm1: Preparing network interfaces based on configuration...
    vm1: Adapter 1: nat
    vm1: Adapter 2: bridged
==> vm1: Forwarding ports...
    vm1: 22 (guest) => 2222 (host) (adapter 1)
==> vm1: Running 'pre-boot' VM customizations...
==> vm1: Resized disk: old 5120 MB, req 61440 MB, new 61440 MB
==> vm1: You may need to resize the filesystem from within the guest.
==> vm1: Booting VM...
==> vm1: Waiting for machine to boot. This may take a few minutes...
    vm1: SSH address: 127.0.0.1:2222
    vm1: SSH username: vagrant
    vm1: SSH auth method: private key
    vm1: Warning: Connection reset. Retrying...
The guest machine entered an invalid state while waiting for it
to boot. Valid states are 'starting, running'. The machine is in the
'poweroff' state. Please verify everything is configured
properly and try again.

If the provider you're using has a GUI that comes with it,
it is often helpful to open that and watch the machine, since the
GUI often has more helpful error messages than Vagrant can retrieve.
For example, if you're using VirtualBox, run `vagrant up` while the
VirtualBox GUI is open.

The primary issue for this error is that the provider you're using
is not properly configured. This is very rarely a Vagrant issue.
PS C:\Users\Ry\IdeaProjects\rddevry_project1\devops2_volodymyr\linux_homework6_volodymyr> vagrant verify
Vagrant failed to initialize at a very early stage:

There was an error loading a Vagrantfile. The file being loaded
and the error message are shown below. This is usually caused by
a syntax error.

Path: <provider config: virtualbox>
Line number: 14
Message: ArgumentError: wrong number of arguments (given 4, expected 1..2)
PS C:\Users\Ry\IdeaProjects\rddevry_project1\devops2_volodymyr\linux_homework6_volodymyr> vagrant validate
Vagrant failed to initialize at a very early stage:

There was an error loading a Vagrantfile. The file being loaded
and the error message are shown below. This is usually caused by
a syntax error.

Path: <provider config: virtualbox>
Line number: 14
Message: ArgumentError: wrong number of arguments (given 4, expected 1..2)
PS C:\Users\Ry\IdeaProjects\rddevry_project1\devops2_volodymyr\linux_homework6_volodymyr> vagrant validate
Vagrantfile validated successfully.
PS C:\Users\Ry\IdeaProjects\rddevry_project1\devops2_volodymyr\linux_homework6_volodymyr> vagrant up      
Bringing machine 'vm1' up with 'virtualbox' provider...
==> vm1: Importing base box 'ubuntu/xenial64'...
==> vm1: Matching MAC address for NAT networking...
==> vm1: Checking if box 'ubuntu/xenial64' version '20211001.0.2' is up to date...
==> vm1: Setting the name of the VM: linux_homework6_volodymyr_vm1_1726682760060_87127
==> vm1: Clearing any previously set network interfaces...
==> vm1: Preparing network interfaces based on configuration...
    vm1: Adapter 1: nat
    vm1: Adapter 2: bridged
==> vm1: Forwarding ports...
    vm1: 22 (guest) => 2222 (host) (adapter 1)
==> vm1: Running 'pre-boot' VM customizations...
==> vm1: Resized disk: old 40960 MB, req 61440 MB, new 61440 MB
==> vm1: You may need to resize the filesystem from within the guest.
==> vm1: Booting VM...
==> vm1: Waiting for machine to boot. This may take a few minutes...
    vm1: SSH address: 127.0.0.1:2222
    vm1: SSH username: vagrant
    vm1: SSH auth method: private key
    vm1: 
    vm1: Vagrant insecure key detected. Vagrant will automatically replace
    vm1: this with a newly generated keypair for better security.
    vm1: 
    vm1: Inserting generated public key within guest...
    vm1: Removing insecure key from the guest if it's present...
    vm1: Key inserted! Disconnecting and reconnecting using new SSH key...
==> vm1: Machine booted and ready!
==> vm1: Checking for guest additions in VM...
    vm1: The guest additions on this VM do not match the installed version of
    vm1: VirtualBox! In most cases this is fine, but in rare cases it can
    vm1: prevent things such as shared folders from working properly. If you see
    vm1: shared folder errors, please make sure the guest additions within the
    vm1: virtual machine match the version of VirtualBox you have installed on
    vm1: your host and reload your VM.
    vm1:
    vm1: Guest Additions Version: 5.1.38
    vm1: VirtualBox Version: 7.0
==> vm1: Setting hostname...
==> vm1: Configuring and enabling network interfaces...
==> vm1: Mounting shared folders...
    vm1: /vagrant => C:/Users/Ry/IdeaProjects/rddevry_project1/devops2_volodymyr/linux_homework6_volodymyr
    vm1: /vagrant_data => C:/Users/Ry/IdeaProjects/rddevry_project1/devops2_volodymyr/linux_homework6_volodymyr/shared
==> vm1: Running provisioner: shell...
    vm1: Running: inline script
    vm1: Hit:1 http://archive.ubuntu.com/ubuntu xenial InRelease
    vm1: Get:2 http://security.ubuntu.com/ubuntu xenial-security InRelease [106 kB]
    vm1: Get:3 http://archive.ubuntu.com/ubuntu xenial-updates InRelease [106 kB]
    vm1: Get:4 http://archive.ubuntu.com/ubuntu xenial-backports InRelease [106 kB]
    vm1: Get:5 http://archive.ubuntu.com/ubuntu xenial/universe amd64 Packages [7,532 kB]
    vm1: Get:6 http://security.ubuntu.com/ubuntu xenial-security/main amd64 Packages [913 kB]
    vm1: Get:7 http://security.ubuntu.com/ubuntu xenial-security/main Translation-en [211 kB]
    vm1: Get:8 http://security.ubuntu.com/ubuntu xenial-security/universe amd64 Packages [740 kB]
    vm1: Get:9 http://archive.ubuntu.com/ubuntu xenial/universe Translation-en [4,354 kB]
    vm1: Get:10 http://security.ubuntu.com/ubuntu xenial-security/universe Translation-en [203 kB]
    vm1: Get:11 http://security.ubuntu.com/ubuntu xenial-security/multiverse amd64 Packages [7,864 B]
    vm1: Get:12 http://security.ubuntu.com/ubuntu xenial-security/multiverse Translation-en [2,672 B]
    vm1: Get:13 http://archive.ubuntu.com/ubuntu xenial/multiverse amd64 Packages [144 kB]
    vm1: Get:14 http://archive.ubuntu.com/ubuntu xenial/multiverse Translation-en [106 kB]
    vm1: Get:15 http://archive.ubuntu.com/ubuntu xenial-updates/main amd64 Packages [1,269 kB]
    vm1: Get:16 http://archive.ubuntu.com/ubuntu xenial-updates/main Translation-en [303 kB]
    vm1: Get:17 http://archive.ubuntu.com/ubuntu xenial-updates/universe amd64 Packages [1,171 kB]
    vm1: Get:18 http://archive.ubuntu.com/ubuntu xenial-updates/universe Translation-en [334 kB]
    vm1: Get:19 http://archive.ubuntu.com/ubuntu xenial-updates/multiverse amd64 Packages [21.6 kB]
    vm1: Get:20 http://archive.ubuntu.com/ubuntu xenial-updates/multiverse Translation-en [8,440 B]
    vm1: Get:21 http://archive.ubuntu.com/ubuntu xenial-backports/main amd64 Packages [10.2 kB]
    vm1: Get:22 http://archive.ubuntu.com/ubuntu xenial-backports/main Translation-en [4,456 B]
    vm1: Get:23 http://archive.ubuntu.com/ubuntu xenial-backports/universe amd64 Packages [11.5 kB]
    vm1: Get:24 http://archive.ubuntu.com/ubuntu xenial-backports/universe Translation-en [4,476 B]
    vm1: Get:25 https://esm.ubuntu.com/infra/ubuntu xenial-infra-security InRelease [7,521 B]
    vm1: Get:26 https://esm.ubuntu.com/infra/ubuntu xenial-infra-updates InRelease [7,472 B]
    vm1: Get:27 https://esm.ubuntu.com/infra/ubuntu xenial-infra-security/main amd64 Packages [985 kB]
    vm1: Get:28 https://esm.ubuntu.com/infra/ubuntu xenial-infra-updates/main amd64 Packages [4,980 B]
    vm1: Fetched 18.7 MB in 4s (3,863 kB/s)
    vm1: Reading package lists...
    vm1: Reading package lists...
    vm1: Building dependency tree...
    vm1: Reading state information...
    vm1: The following additional packages will be installed:
    vm1:   fontconfig-config fonts-dejavu-core libfontconfig1 libgd3 libjbig0
    vm1:   libjpeg-turbo8 libjpeg8 libtiff5 libvpx3 libxpm4 nginx-common nginx-core
    vm1: Suggested packages:
    vm1:   libgd-tools fcgiwrap nginx-doc ssl-cert
    vm1: The following NEW packages will be installed:
    vm1:   fontconfig-config fonts-dejavu-core libfontconfig1 libgd3 libjbig0
    vm1:   libjpeg-turbo8 libjpeg8 libtiff5 libvpx3 libxpm4 nginx nginx-common
    vm1:   nginx-core
    vm1: 0 upgraded, 13 newly installed, 0 to remove and 12 not upgraded.
    vm1: Need to get 2,860 kB of archives.
    vm1: After this operation, 9,315 kB of additional disk space will be used.
    vm1: Get:1 http://archive.ubuntu.com/ubuntu xenial-updates/main amd64 libjpeg-turbo8 amd64 1.4.2-0ubuntu3.4 [111 kB]
    vm1: Get:2 http://archive.ubuntu.com/ubuntu xenial/main amd64 libjbig0 amd64 2.1-3.1 [26.6 kB]
    vm1: Get:3 http://archive.ubuntu.com/ubuntu xenial/main amd64 fonts-dejavu-core all 2.35-1 [1,039 kB]
    vm1: Get:4 http://archive.ubuntu.com/ubuntu xenial-updates/main amd64 fontconfig-config all 2.11.94-0ubuntu1.1 [49.9 kB]
    vm1: Get:5 http://archive.ubuntu.com/ubuntu xenial-updates/main amd64 libfontconfig1 amd64 2.11.94-0ubuntu1.1 [131 kB]
    vm1: Get:6 http://archive.ubuntu.com/ubuntu xenial/main amd64 libjpeg8 amd64 8c-2ubuntu8 [2,194 B]
    vm1: Get:7 http://archive.ubuntu.com/ubuntu xenial-updates/main amd64 libtiff5 amd64 4.0.6-1ubuntu0.8 [149 kB]
    vm1: Get:8 http://archive.ubuntu.com/ubuntu xenial-updates/main amd64 libvpx3 amd64 1.5.0-2ubuntu1.1 [732 kB]
    vm1: Get:9 http://archive.ubuntu.com/ubuntu xenial-updates/main amd64 libxpm4 amd64 1:3.5.11-1ubuntu0.16.04.1 [33.8 kB]
    vm1: Get:10 http://archive.ubuntu.com/ubuntu xenial-updates/main amd64 libgd3 amd64 2.1.1-4ubuntu0.16.04.12 [126 kB]
    vm1: Get:11 http://archive.ubuntu.com/ubuntu xenial-updates/main amd64 nginx-common all 1.10.3-0ubuntu0.16.04.5 [26.9 kB]
    vm1: Get:12 http://archive.ubuntu.com/ubuntu xenial-updates/main amd64 nginx-core amd64 1.10.3-0ubuntu0.16.04.5 [429 kB]
    vm1: Get:13 http://archive.ubuntu.com/ubuntu xenial-updates/main amd64 nginx all 1.10.3-0ubuntu0.16.04.5 [3,494 B]
    vm1: dpkg-preconfigure: unable to re-open stdin: No such file or directory
    vm1: Fetched 2,860 kB in 1s (2,755 kB/s)
    vm1: Selecting previously unselected package libjpeg-turbo8:amd64.
(Reading database ... 54424 files and directories currently installed.)
    vm1: Preparing to unpack .../libjpeg-turbo8_1.4.2-0ubuntu3.4_amd64.deb ...
    vm1: Unpacking libjpeg-turbo8:amd64 (1.4.2-0ubuntu3.4) ...
    vm1: Selecting previously unselected package libjbig0:amd64.
    vm1: Preparing to unpack .../libjbig0_2.1-3.1_amd64.deb ...
    vm1: Unpacking libjbig0:amd64 (2.1-3.1) ...
    vm1: Selecting previously unselected package fonts-dejavu-core.
    vm1: Preparing to unpack .../fonts-dejavu-core_2.35-1_all.deb ...
    vm1: Unpacking fonts-dejavu-core (2.35-1) ...
    vm1: Selecting previously unselected package fontconfig-config.
    vm1: Preparing to unpack .../fontconfig-config_2.11.94-0ubuntu1.1_all.deb ...
    vm1: Unpacking fontconfig-config (2.11.94-0ubuntu1.1) ...
    vm1: Selecting previously unselected package libfontconfig1:amd64.
    vm1: Preparing to unpack .../libfontconfig1_2.11.94-0ubuntu1.1_amd64.deb ...
    vm1: Unpacking libfontconfig1:amd64 (2.11.94-0ubuntu1.1) ...
    vm1: Selecting previously unselected package libjpeg8:amd64.
    vm1: Preparing to unpack .../libjpeg8_8c-2ubuntu8_amd64.deb ...
    vm1: Unpacking libjpeg8:amd64 (8c-2ubuntu8) ...
    vm1: Selecting previously unselected package libtiff5:amd64.
    vm1: Preparing to unpack .../libtiff5_4.0.6-1ubuntu0.8_amd64.deb ...
    vm1: Unpacking libtiff5:amd64 (4.0.6-1ubuntu0.8) ...
    vm1: Selecting previously unselected package libvpx3:amd64.
    vm1: Preparing to unpack .../libvpx3_1.5.0-2ubuntu1.1_amd64.deb ...
    vm1: Unpacking libvpx3:amd64 (1.5.0-2ubuntu1.1) ...
    vm1: Selecting previously unselected package libxpm4:amd64.
    vm1: Preparing to unpack .../libxpm4_1%3a3.5.11-1ubuntu0.16.04.1_amd64.deb ...
    vm1: Unpacking libxpm4:amd64 (1:3.5.11-1ubuntu0.16.04.1) ...
    vm1: Selecting previously unselected package libgd3:amd64.
    vm1: Preparing to unpack .../libgd3_2.1.1-4ubuntu0.16.04.12_amd64.deb ...
    vm1: Unpacking libgd3:amd64 (2.1.1-4ubuntu0.16.04.12) ...
    vm1: Selecting previously unselected package nginx-common.
    vm1: Preparing to unpack .../nginx-common_1.10.3-0ubuntu0.16.04.5_all.deb ...
    vm1: Unpacking nginx-common (1.10.3-0ubuntu0.16.04.5) ...
    vm1: Selecting previously unselected package nginx-core.
    vm1: Preparing to unpack .../nginx-core_1.10.3-0ubuntu0.16.04.5_amd64.deb ...
    vm1: Unpacking nginx-core (1.10.3-0ubuntu0.16.04.5) ...
    vm1: Selecting previously unselected package nginx.
    vm1: Preparing to unpack .../nginx_1.10.3-0ubuntu0.16.04.5_all.deb ...
    vm1: Unpacking nginx (1.10.3-0ubuntu0.16.04.5) ...
    vm1: Processing triggers for libc-bin (2.23-0ubuntu11.3) ...
    vm1: Processing triggers for man-db (2.7.5-1) ...
    vm1: Processing triggers for ureadahead (0.100.0-19.1) ...
    vm1: Processing triggers for systemd (229-4ubuntu21.31) ...
    vm1: Processing triggers for ufw (0.35-0ubuntu2) ...
    vm1: Setting up libjpeg-turbo8:amd64 (1.4.2-0ubuntu3.4) ...
    vm1: Setting up libjbig0:amd64 (2.1-3.1) ...
    vm1: Setting up fonts-dejavu-core (2.35-1) ...
    vm1: Setting up fontconfig-config (2.11.94-0ubuntu1.1) ...
    vm1: Setting up libfontconfig1:amd64 (2.11.94-0ubuntu1.1) ...
    vm1: Setting up libjpeg8:amd64 (8c-2ubuntu8) ...
    vm1: Setting up libtiff5:amd64 (4.0.6-1ubuntu0.8) ...
    vm1: Setting up libvpx3:amd64 (1.5.0-2ubuntu1.1) ...
    vm1: Setting up libxpm4:amd64 (1:3.5.11-1ubuntu0.16.04.1) ...
    vm1: Setting up libgd3:amd64 (2.1.1-4ubuntu0.16.04.12) ...
    vm1: Setting up nginx-common (1.10.3-0ubuntu0.16.04.5) ...
    vm1: Setting up nginx-core (1.10.3-0ubuntu0.16.04.5) ...
    vm1: Setting up nginx (1.10.3-0ubuntu0.16.04.5) ...
    vm1: Processing triggers for libc-bin (2.23-0ubuntu11.3) ...
    vm1: Processing triggers for ureadahead (0.100.0-19.1) ...
    vm1: Processing triggers for systemd (229-4ubuntu21.31) ...
    vm1: Processing triggers for ufw (0.35-0ubuntu2) ...
PS C:\Users\Ry\IdeaProjects\rddevry_project1\devops2_volodymyr\linux_homework6_volodymyr> vagrant halt
==> vm1: Attempting graceful shutdown of VM...
PS C:\Users\Ry\IdeaProjects\rddevry_project1\devops2_volodymyr\linux_homework6_volodymyr> vagrant up  
Bringing machine 'vm1' up with 'virtualbox' provider...
==> vm1: Checking if box 'ubuntu/xenial64' version '20211001.0.2' is up to date...
==> vm1: Clearing any previously set forwarded ports...
==> vm1: Clearing any previously set network interfaces...
==> vm1: Preparing network interfaces based on configuration...
    vm1: Adapter 1: nat
    vm1: Adapter 2: bridged
==> vm1: Forwarding ports...
    vm1: 22 (guest) => 2222 (host) (adapter 1)
==> vm1: Running 'pre-boot' VM customizations...
==> vm1: Resized disk: old 3072 MB, req 61440 MB, new 61440 MB
==> vm1: You may need to resize the filesystem from within the guest.
==> vm1: Booting VM...
==> vm1: Waiting for machine to boot. This may take a few minutes...
    vm1: SSH address: 127.0.0.1:2222
    vm1: SSH username: vagrant
    vm1: SSH auth method: private key
    vm1: Warning: Connection reset. Retrying...
The guest machine entered an invalid state while waiting for it
to boot. Valid states are 'starting, running'. The machine is in the
'poweroff' state. Please verify everything is configured
properly and try again.

If the provider you're using has a GUI that comes with it,
it is often helpful to open that and watch the machine, since the
GUI often has more helpful error messages than Vagrant can retrieve.
For example, if you're using VirtualBox, run `vagrant up` while the
VirtualBox GUI is open.

The primary issue for this error is that the provider you're using
is not properly configured. This is very rarely a Vagrant issue.
PS C:\Users\Ry\IdeaProjects\rddevry_project1\devops2_volodymyr\linux_homework6_volodymyr> va
va : The term 'va' is not recognized as the name of a cmdlet, function, script file, or operable program. Check the spelling of the name, or if a path was included, verify 
that the path is correct and try again.
At line:1 char:1
+ va
+ ~~
    + CategoryInfo          : ObjectNotFound: (va:String) [], CommandNotFoundException
    + FullyQualifiedErrorId : CommandNotFoundException

PS C:\Users\Ry\IdeaProjects\rddevry_project1\devops2_volodymyr\linux_homework6_volodymyr>
PS C:\Users\Ry\IdeaProjects\rddevry_project1\devops2_volodymyr\linux_homework6_volodymyr> vagrant up
Bringing machine 'vm1' up with 'virtualbox' provider...
==> vm1: Importing base box 'ubuntu/xenial64'...
==> vm1: Matching MAC address for NAT networking...
==> vm1: Checking if box 'ubuntu/xenial64' version '20211001.0.2' is up to date...
==> vm1: Setting the name of the VM: linux_homework6_volodymyr_vm1_1726683457498_18456
==> vm1: Clearing any previously set network interfaces...
==> vm1: Preparing network interfaces based on configuration...
    vm1: Adapter 1: nat
    vm1: Adapter 2: bridged
==> vm1: Forwarding ports...
    vm1: 22 (guest) => 2222 (host) (adapter 1)
==> vm1: Running 'pre-boot' VM customizations...
==> vm1: Resized disk: old 40960 MB, req 61440 MB, new 61440 MB
==> vm1: You may need to resize the filesystem from within the guest.
==> vm1: Booting VM...
==> vm1: Waiting for machine to boot. This may take a few minutes...
    vm1: SSH address: 127.0.0.1:2222
    vm1: SSH username: vagrant
    vm1: SSH auth method: private key
    vm1: 
    vm1: Vagrant insecure key detected. Vagrant will automatically replace
    vm1: this with a newly generated keypair for better security.
    vm1: 
    vm1: Inserting generated public key within guest...
    vm1: Removing insecure key from the guest if it's present...
    vm1: Key inserted! Disconnecting and reconnecting using new SSH key...
==> vm1: Machine booted and ready!
==> vm1: Checking for guest additions in VM...
    vm1: The guest additions on this VM do not match the installed version of
    vm1: VirtualBox! In most cases this is fine, but in rare cases it can
    vm1: prevent things such as shared folders from working properly. If you see
    vm1: shared folder errors, please make sure the guest additions within the
    vm1: virtual machine match the version of VirtualBox you have installed on
    vm1: your host and reload your VM.
    vm1:
    vm1: Guest Additions Version: 5.1.38
    vm1: VirtualBox Version: 7.0
==> vm1: Setting hostname...
==> vm1: Configuring and enabling network interfaces...
==> vm1: Mounting shared folders...
    vm1: /vagrant => C:/Users/Ry/IdeaProjects/rddevry_project1/devops2_volodymyr/linux_homework6_volodymyr
    vm1: /vagrant_data => C:/Users/Ry/IdeaProjects/rddevry_project1/devops2_volodymyr/linux_homework6_volodymyr/shared
==> vm1: Running provisioner: shell...
    vm1: Running: inline script
    vm1: Hit:1 http://archive.ubuntu.com/ubuntu xenial InRelease
    vm1: Get:2 http://security.ubuntu.com/ubuntu xenial-security InRelease [106 kB]
    vm1: Get:3 http://archive.ubuntu.com/ubuntu xenial-updates InRelease [106 kB]
    vm1: Get:4 http://archive.ubuntu.com/ubuntu xenial-backports InRelease [106 kB]
    vm1: Get:5 http://archive.ubuntu.com/ubuntu xenial/universe amd64 Packages [7,532 kB]
    vm1: Get:6 https://esm.ubuntu.com/infra/ubuntu xenial-infra-security InRelease [7,521 B]
    vm1: Get:7 http://security.ubuntu.com/ubuntu xenial-security/main amd64 Packages [913 kB]
    vm1: Get:8 http://archive.ubuntu.com/ubuntu xenial/universe Translation-en [4,354 kB]
    vm1: Get:9 http://archive.ubuntu.com/ubuntu xenial/multiverse amd64 Packages [144 kB]
    vm1: Get:10 http://archive.ubuntu.com/ubuntu xenial/multiverse Translation-en [106 kB]
    vm1: Get:11 http://archive.ubuntu.com/ubuntu xenial-updates/main amd64 Packages [1,269 kB]
    vm1: Get:12 http://security.ubuntu.com/ubuntu xenial-security/main Translation-en [211 kB]
    vm1: Get:13 http://security.ubuntu.com/ubuntu xenial-security/universe amd64 Packages [740 kB]
    vm1: Get:14 http://archive.ubuntu.com/ubuntu xenial-updates/main Translation-en [303 kB]
    vm1: Get:15 http://archive.ubuntu.com/ubuntu xenial-updates/universe amd64 Packages [1,171 kB]
    vm1: Get:16 http://archive.ubuntu.com/ubuntu xenial-updates/universe Translation-en [334 kB]
    vm1: Get:17 http://archive.ubuntu.com/ubuntu xenial-updates/multiverse amd64 Packages [21.6 kB]
    vm1: Get:18 http://archive.ubuntu.com/ubuntu xenial-updates/multiverse Translation-en [8,440 B]
    vm1: Get:19 http://archive.ubuntu.com/ubuntu xenial-backports/main amd64 Packages [10.2 kB]
    vm1: Get:20 http://archive.ubuntu.com/ubuntu xenial-backports/main Translation-en [4,456 B]
    vm1: Get:21 http://archive.ubuntu.com/ubuntu xenial-backports/universe amd64 Packages [11.5 kB]
    vm1: Get:22 http://archive.ubuntu.com/ubuntu xenial-backports/universe Translation-en [4,476 B]
    vm1: Get:23 https://esm.ubuntu.com/infra/ubuntu xenial-infra-updates InRelease [7,472 B]
    vm1: Get:24 http://security.ubuntu.com/ubuntu xenial-security/universe Translation-en [203 kB]
    vm1: Get:25 http://security.ubuntu.com/ubuntu xenial-security/multiverse amd64 Packages [7,864 B]
    vm1: Get:26 http://security.ubuntu.com/ubuntu xenial-security/multiverse Translation-en [2,672 B]
    vm1: Get:27 https://esm.ubuntu.com/infra/ubuntu xenial-infra-security/main amd64 Packages [985 kB]
    vm1: Get:28 https://esm.ubuntu.com/infra/ubuntu xenial-infra-updates/main amd64 Packages [4,980 B]
    vm1: Fetched 18.7 MB in 5s (3,689 kB/s)
    vm1: Reading package lists...
    vm1: Reading package lists...
    vm1: Building dependency tree...
    vm1: Reading state information...
    vm1: The following additional packages will be installed:
    vm1:   fontconfig-config fonts-dejavu-core libfontconfig1 libgd3 libjbig0
    vm1:   libjpeg-turbo8 libjpeg8 libtiff5 libvpx3 libxpm4 nginx-common nginx-core
    vm1: Suggested packages:
    vm1:   libgd-tools fcgiwrap nginx-doc ssl-cert
    vm1: The following NEW packages will be installed:
    vm1:   fontconfig-config fonts-dejavu-core libfontconfig1 libgd3 libjbig0
    vm1:   libjpeg-turbo8 libjpeg8 libtiff5 libvpx3 libxpm4 nginx nginx-common
    vm1:   nginx-core
    vm1: 0 upgraded, 13 newly installed, 0 to remove and 12 not upgraded.
    vm1: Need to get 2,860 kB of archives.
    vm1: After this operation, 9,315 kB of additional disk space will be used.
    vm1: Get:1 http://archive.ubuntu.com/ubuntu xenial-updates/main amd64 libjpeg-turbo8 amd64 1.4.2-0ubuntu3.4 [111 kB]
    vm1: Get:2 http://archive.ubuntu.com/ubuntu xenial/main amd64 libjbig0 amd64 2.1-3.1 [26.6 kB]
    vm1: Get:3 http://archive.ubuntu.com/ubuntu xenial/main amd64 fonts-dejavu-core all 2.35-1 [1,039 kB]
    vm1: Get:4 http://archive.ubuntu.com/ubuntu xenial-updates/main amd64 fontconfig-config all 2.11.94-0ubuntu1.1 [49.9 kB]
    vm1: Get:5 http://archive.ubuntu.com/ubuntu xenial-updates/main amd64 libfontconfig1 amd64 2.11.94-0ubuntu1.1 [131 kB]
    vm1: Get:6 http://archive.ubuntu.com/ubuntu xenial/main amd64 libjpeg8 amd64 8c-2ubuntu8 [2,194 B]
    vm1: Get:7 http://archive.ubuntu.com/ubuntu xenial-updates/main amd64 libtiff5 amd64 4.0.6-1ubuntu0.8 [149 kB]
    vm1: Get:8 http://archive.ubuntu.com/ubuntu xenial-updates/main amd64 libvpx3 amd64 1.5.0-2ubuntu1.1 [732 kB]
    vm1: Get:9 http://archive.ubuntu.com/ubuntu xenial-updates/main amd64 libxpm4 amd64 1:3.5.11-1ubuntu0.16.04.1 [33.8 kB]
    vm1: Get:10 http://archive.ubuntu.com/ubuntu xenial-updates/main amd64 libgd3 amd64 2.1.1-4ubuntu0.16.04.12 [126 kB]
    vm1: Get:11 http://archive.ubuntu.com/ubuntu xenial-updates/main amd64 nginx-common all 1.10.3-0ubuntu0.16.04.5 [26.9 kB]
    vm1: Get:12 http://archive.ubuntu.com/ubuntu xenial-updates/main amd64 nginx-core amd64 1.10.3-0ubuntu0.16.04.5 [429 kB]
    vm1: Get:13 http://archive.ubuntu.com/ubuntu xenial-updates/main amd64 nginx all 1.10.3-0ubuntu0.16.04.5 [3,494 B]
    vm1: dpkg-preconfigure: unable to re-open stdin: No such file or directory
    vm1: Fetched 2,860 kB in 0s (4,074 kB/s)
    vm1: Selecting previously unselected package libjpeg-turbo8:amd64.
(Reading database ... 54424 files and directories currently installed.)
    vm1: Preparing to unpack .../libjpeg-turbo8_1.4.2-0ubuntu3.4_amd64.deb ...
    vm1: Unpacking libjpeg-turbo8:amd64 (1.4.2-0ubuntu3.4) ...
    vm1: Selecting previously unselected package libjbig0:amd64.
    vm1: Preparing to unpack .../libjbig0_2.1-3.1_amd64.deb ...
    vm1: Unpacking libjbig0:amd64 (2.1-3.1) ...
    vm1: Selecting previously unselected package fonts-dejavu-core.
    vm1: Preparing to unpack .../fonts-dejavu-core_2.35-1_all.deb ...
    vm1: Unpacking fonts-dejavu-core (2.35-1) ...
    vm1: Selecting previously unselected package fontconfig-config.
    vm1: Preparing to unpack .../fontconfig-config_2.11.94-0ubuntu1.1_all.deb ...
    vm1: Unpacking fontconfig-config (2.11.94-0ubuntu1.1) ...
    vm1: Selecting previously unselected package libfontconfig1:amd64.
    vm1: Preparing to unpack .../libfontconfig1_2.11.94-0ubuntu1.1_amd64.deb ...
    vm1: Unpacking libfontconfig1:amd64 (2.11.94-0ubuntu1.1) ...
    vm1: Selecting previously unselected package libjpeg8:amd64.
    vm1: Preparing to unpack .../libjpeg8_8c-2ubuntu8_amd64.deb ...
    vm1: Unpacking libjpeg8:amd64 (8c-2ubuntu8) ...
    vm1: Selecting previously unselected package libtiff5:amd64.
    vm1: Preparing to unpack .../libtiff5_4.0.6-1ubuntu0.8_amd64.deb ...
    vm1: Unpacking libtiff5:amd64 (4.0.6-1ubuntu0.8) ...
    vm1: Selecting previously unselected package libvpx3:amd64.
    vm1: Preparing to unpack .../libvpx3_1.5.0-2ubuntu1.1_amd64.deb ...
    vm1: Unpacking libvpx3:amd64 (1.5.0-2ubuntu1.1) ...
    vm1: Selecting previously unselected package libxpm4:amd64.
    vm1: Preparing to unpack .../libxpm4_1%3a3.5.11-1ubuntu0.16.04.1_amd64.deb ...
    vm1: Unpacking libxpm4:amd64 (1:3.5.11-1ubuntu0.16.04.1) ...
    vm1: Selecting previously unselected package libgd3:amd64.
    vm1: Preparing to unpack .../libgd3_2.1.1-4ubuntu0.16.04.12_amd64.deb ...
    vm1: Unpacking libgd3:amd64 (2.1.1-4ubuntu0.16.04.12) ...
    vm1: Selecting previously unselected package nginx-common.
    vm1: Preparing to unpack .../nginx-common_1.10.3-0ubuntu0.16.04.5_all.deb ...
    vm1: Unpacking nginx-common (1.10.3-0ubuntu0.16.04.5) ...
    vm1: Selecting previously unselected package nginx-core.
    vm1: Preparing to unpack .../nginx-core_1.10.3-0ubuntu0.16.04.5_amd64.deb ...
    vm1: Unpacking nginx-core (1.10.3-0ubuntu0.16.04.5) ...
    vm1: Selecting previously unselected package nginx.
    vm1: Preparing to unpack .../nginx_1.10.3-0ubuntu0.16.04.5_all.deb ...
    vm1: Unpacking nginx (1.10.3-0ubuntu0.16.04.5) ...
    vm1: Processing triggers for libc-bin (2.23-0ubuntu11.3) ...
    vm1: Processing triggers for man-db (2.7.5-1) ...
    vm1: Processing triggers for ureadahead (0.100.0-19.1) ...
    vm1: Processing triggers for systemd (229-4ubuntu21.31) ...
    vm1: Processing triggers for ufw (0.35-0ubuntu2) ...
    vm1: Setting up libjpeg-turbo8:amd64 (1.4.2-0ubuntu3.4) ...
    vm1: Setting up libjbig0:amd64 (2.1-3.1) ...
    vm1: Setting up fonts-dejavu-core (2.35-1) ...
    vm1: Setting up fontconfig-config (2.11.94-0ubuntu1.1) ...
    vm1: Setting up libfontconfig1:amd64 (2.11.94-0ubuntu1.1) ...
    vm1: Setting up libjpeg8:amd64 (8c-2ubuntu8) ...
    vm1: Setting up libtiff5:amd64 (4.0.6-1ubuntu0.8) ...
    vm1: Setting up libvpx3:amd64 (1.5.0-2ubuntu1.1) ...
    vm1: Setting up libxpm4:amd64 (1:3.5.11-1ubuntu0.16.04.1) ...
    vm1: Setting up libgd3:amd64 (2.1.1-4ubuntu0.16.04.12) ...
    vm1: Setting up nginx-common (1.10.3-0ubuntu0.16.04.5) ...
    vm1: Setting up nginx-core (1.10.3-0ubuntu0.16.04.5) ...
    vm1: Setting up nginx (1.10.3-0ubuntu0.16.04.5) ...
    vm1: Processing triggers for libc-bin (2.23-0ubuntu11.3) ...
    vm1: Processing triggers for ureadahead (0.100.0-19.1) ...
    vm1: Processing triggers for systemd (229-4ubuntu21.31) ...
    vm1: Processing triggers for ufw (0.35-0ubuntu2) ...
PS C:\Users\Ry\IdeaProjects\rddevry_project1\devops2_volodymyr\linux_homework6_volodymyr> vagrant halt
==> vm1: Attempting graceful shutdown of VM...
PS C:\Users\Ry\IdeaProjects\rddevry_project1\devops2_volodymyr\linux_homework6_volodymyr> vagrant up
Bringing machine 'vm1' up with 'virtualbox' provider...
==> vm1: Checking if box 'ubuntu/xenial64' version '20211001.0.2' is up to date...
==> vm1: Clearing any previously set forwarded ports...
==> vm1: Clearing any previously set network interfaces...
==> vm1: Preparing network interfaces based on configuration...
    vm1: Adapter 1: nat
    vm1: Adapter 2: bridged
==> vm1: Forwarding ports...
    vm1: 22 (guest) => 2222 (host) (adapter 1)
==> vm1: Running 'pre-boot' VM customizations...
==> vm1: Booting VM...
==> vm1: Waiting for machine to boot. This may take a few minutes...
    vm1: SSH address: 127.0.0.1:2222
    vm1: SSH username: vagrant
    vm1: SSH auth method: private key
==> vm1: Machine booted and ready!
==> vm1: Checking for guest additions in VM...
    vm1: The guest additions on this VM do not match the installed version of
    vm1: VirtualBox! In most cases this is fine, but in rare cases it can
    vm1: prevent things such as shared folders from working properly. If you see
    vm1: shared folder errors, please make sure the guest additions within the
    vm1: virtual machine match the version of VirtualBox you have installed on
    vm1: your host and reload your VM.
    vm1:
    vm1: Guest Additions Version: 5.1.38
    vm1: VirtualBox Version: 7.0
==> vm1: Setting hostname...
==> vm1: Configuring and enabling network interfaces...
==> vm1: Mounting shared folders...
    vm1: /vagrant => C:/Users/Ry/IdeaProjects/rddevry_project1/devops2_volodymyr/linux_homework6_volodymyr
    vm1: /vagrant_data => C:/Users/Ry/IdeaProjects/rddevry_project1/devops2_volodymyr/linux_homework6_volodymyr/shared
==> vm1: Machine already provisioned. Run `vagrant provision` or use the `--provision`
==> vm1: flag to force provisioning. Provisioners marked to run always will still run.
PS C:\Users\Ry\IdeaProjects\rddevry_project1\devops2_volodymyr\linux_homework6_volodymyr> vagrant halt
==> vm1: Attempting graceful shutdown of VM...
PS C:\Users\Ry\IdeaProjects\rddevry_project1\devops2_volodymyr\linux_homework6_volodymyr> vagrant up  
Bringing machine 'vm1' up with 'virtualbox' provider...
==> vm1: Checking if box 'ubuntu/xenial64' version '20211001.0.2' is up to date...
==> vm1: Clearing any previously set forwarded ports...
==> vm1: Clearing any previously set network interfaces...
==> vm1: Preparing network interfaces based on configuration...
    vm1: Adapter 1: nat
    vm1: Adapter 2: bridged
==> vm1: Forwarding ports...
    vm1: 22 (guest) => 2222 (host) (adapter 1)
==> vm1: Running 'pre-boot' VM customizations...
==> vm1: Booting VM...
==> vm1: Waiting for machine to boot. This may take a few minutes...
    vm1: SSH address: 127.0.0.1:2222
    vm1: SSH username: vagrant
    vm1: SSH auth method: private key
==> vm1: Machine booted and ready!
==> vm1: Checking for guest additions in VM...
    vm1: The guest additions on this VM do not match the installed version of
    vm1: VirtualBox! In most cases this is fine, but in rare cases it can
    vm1: prevent things such as shared folders from working properly. If you see
    vm1: shared folder errors, please make sure the guest additions within the
    vm1: virtual machine match the version of VirtualBox you have installed on
    vm1: your host and reload your VM.
    vm1:
    vm1: Guest Additions Version: 5.1.38
    vm1: VirtualBox Version: 7.0
==> vm1: Setting hostname...
==> vm1: Configuring and enabling network interfaces...
==> vm1: Mounting shared folders...
    vm1: /vagrant => C:/Users/Ry/IdeaProjects/rddevry_project1/devops2_volodymyr/linux_homework6_volodymyr
    vm1: /vagrant_data => C:/Users/Ry/IdeaProjects/rddevry_project1/devops2_volodymyr/linux_homework6_volodymyr/shared
==> vm1: Machine already provisioned. Run `vagrant provision` or use the `--provision`
==> vm1: flag to force provisioning. Provisioners marked to run always will still run.
PS C:\Users\Ry\IdeaProjects\rddevry_project1\devops2_volodymyr\linux_homework6_volodymyr> vagrant ssh vm1
Welcome to Ubuntu 16.04.7 LTS (GNU/Linux 4.4.0-210-generic x86_64)

 * Documentation:  https://help.ubuntu.com
 * Management:     https://landscape.canonical.com
 * Support:        https://ubuntu.com/advantage

10 updates can be applied immediately.
4 of these updates are standard security updates.
To see these additional updates run: apt list --upgradable

New release '18.04.6 LTS' available.
Run 'do-release-upgrade' to upgrade to it.


vagrant@webserver-01:~$ sudo su
root@webserver-01:/home/vagrant# lsblk
NAME   MAJ:MIN RM SIZE RO TYPE MOUNTPOINT
sda      8:0    0  60G  0 disk 
└─sda1   8:1    0  60G  0 part /
sdb      8:16   0  10M  0 disk 
sdc      8:32   0   3G  0 disk 
root@webserver-01:/home/vagrant# df -h
Filesystem      Size  Used Avail Use% Mounted on
udev            2.0G     0  2.0G   0% /dev
tmpfs           396M  5.6M  390M   2% /run
/dev/sda1        59G  1.1G   58G   2% /
tmpfs           2.0G     0  2.0G   0% /dev/shm
tmpfs           5.0M     0  5.0M   0% /run/lock
tmpfs           2.0G     0  2.0G   0% /sys/fs/cgroup
vagrant_data    184G   72G  112G  39% /vagrant_data
vagrant         184G   72G  112G  39% /vagrant
tmpfs           396M     0  396M   0% /run/user/1000
root@webserver-01:/home/vagrant# fdisk -l
Disk /dev/sdb: 10 MiB, 10485760 bytes, 20480 sectors
Units: sectors of 1 * 512 = 512 bytes
Sector size (logical/physical): 512 bytes / 512 bytes
I/O size (minimum/optimal): 512 bytes / 512 bytes


Disk /dev/sda: 60 GiB, 64424509440 bytes, 125829120 sectors
Units: sectors of 1 * 512 = 512 bytes
Sector size (logical/physical): 512 bytes / 512 bytes
I/O size (minimum/optimal): 512 bytes / 512 bytes
Disklabel type: dos
Disk identifier: 0xba21720e

Device     Boot Start       End   Sectors Size Id Type
/dev/sda1  *     2048 125829086 125827039  60G 83 Linux


Disk /dev/sdc: 3 GiB, 3221225472 bytes, 6291456 sectors
Units: sectors of 1 * 512 = 512 bytes
Sector size (logical/physical): 512 bytes / 512 bytes
I/O size (minimum/optimal): 512 bytes / 512 bytes
root@webserver-01:/home/vagrant# fdisk /dev/sdc

Welcome to fdisk (util-linux 2.27.1).
Changes will remain in memory only, until you decide to write them.
Be careful before using the write command.

Device does not contain a recognized partition table.
Created a new DOS disklabel with disk identifier 0x45bd54dc.

Command (m for help): n
Partition type
   p   primary (0 primary, 0 extended, 4 free)
   e   extended (container for logical partitions)
Select (default p): p
Partition number (1-4, default 1):
First sector (2048-6291455, default 2048):
Last sector, +sectors or +size{K,M,G,T,P} (2048-6291455, default 6291455):

Created a new partition 1 of type 'Linux' and of size 3 GiB.

Command (m for help): w
The partition table has been altered.
Calling ioctl() to re-read partition table.
Syncing disks.

root@webserver-01:/home/vagrant# df -h
Filesystem      Size  Used Avail Use% Mounted on
udev            2.0G     0  2.0G   0% /dev
tmpfs           396M  5.6M  390M   2% /run
/dev/sda1        59G  1.1G   58G   2% /
tmpfs           2.0G     0  2.0G   0% /dev/shm
tmpfs           5.0M     0  5.0M   0% /run/lock
tmpfs           2.0G     0  2.0G   0% /sys/fs/cgroup
vagrant_data    184G   72G  112G  39% /vagrant_data
vagrant         184G   72G  112G  39% /vagrant
tmpfs           396M     0  396M   0% /run/user/1000
root@webserver-01:/home/vagrant# fdisk -l
Disk /dev/sdb: 10 MiB, 10485760 bytes, 20480 sectors
Units: sectors of 1 * 512 = 512 bytes
Sector size (logical/physical): 512 bytes / 512 bytes
I/O size (minimum/optimal): 512 bytes / 512 bytes


Disk /dev/sda: 60 GiB, 64424509440 bytes, 125829120 sectors
Units: sectors of 1 * 512 = 512 bytes
Sector size (logical/physical): 512 bytes / 512 bytes
I/O size (minimum/optimal): 512 bytes / 512 bytes
Disklabel type: dos
Disk identifier: 0xba21720e

Device     Boot Start       End   Sectors Size Id Type
/dev/sda1  *     2048 125829086 125827039  60G 83 Linux


Disk /dev/sdc: 3 GiB, 3221225472 bytes, 6291456 sectors
Units: sectors of 1 * 512 = 512 bytes
Sector size (logical/physical): 512 bytes / 512 bytes
I/O size (minimum/optimal): 512 bytes / 512 bytes
Disklabel type: dos
Disk identifier: 0x45bd54dc

Device     Boot Start     End Sectors Size Id Type
/dev/sdc1        2048 6291455 6289408   3G 83 Linux
root@webserver-01:/home/vagrant# mkfs.ext4 /dev/sdc1
mke2fs 1.42.13 (17-May-2015)
Creating filesystem with 786176 4k blocks and 196608 inodes
Filesystem UUID: 499337e2-0cc3-477a-90ff-a42401321bb1
Superblock backups stored on blocks:
        32768, 98304, 163840, 229376, 294912

Allocating group tables: done
Writing inode tables: done
Creating journal (16384 blocks): done
Writing superblocks and filesystem accounting information: done 

root@webserver-01:/home/vagrant# mkdir /mnt/storage
root@webserver-01:/home/vagrant# mount /dev/sdc1 /mnt/storage
root@webserver-01:/home/vagrant# mount /dev/sdc1 /mnt/storage/
mount: /dev/sdc1 is already mounted or /mnt/storage busy
       /dev/sdc1 is already mounted on /mnt/storage
root@webserver-01:/home/vagrant# df -h
Filesystem      Size  Used Avail Use% Mounted on
udev            2.0G     0  2.0G   0% /dev
tmpfs           396M  5.6M  390M   2% /run
/dev/sda1        59G  1.1G   58G   2% /
tmpfs           2.0G     0  2.0G   0% /dev/shm
tmpfs           5.0M     0  5.0M   0% /run/lock
root@webserver-01:/home/vagrant# df -h
Filesystem      Size  Used Avail Use% Mounted on
udev            2.0G     0  2.0G   0% /dev
tmpfs           396M  5.6M  390M   2% /run
/dev/sda1        59G  1.1G   58G   2% /
tmpfs           2.0G     0  2.0G   0% /dev/shm
tmpfs           5.0M     0  5.0M   0% /run/lock
tmpfs           2.0G     0  2.0G   0% /sys/fs/cgroup
vagrant_data    184G   72G  112G  39% /vagrant_data
vagrant         184G   72G  112G  39% /vagrant
tmpfs           396M     0  396M   0% /run/user/1000
/dev/sdc1       2.9G  4.5M  2.8G   1% /mnt/storage
root@webserver-01:/home/vagrant# cat /etc/fstab
LABEL=cloudimg-rootfs   /        ext4   defaults        0 1
#VAGRANT-BEGIN
# The contents below are automatically generated by Vagrant. Do not modify.
vagrant_data /vagrant_data vboxsf uid=1000,gid=1000,_netdev 0 0
vagrant /vagrant vboxsf uid=1000,gid=1000,_netdev 0 0
#VAGRANT-END
root@webserver-01:/home/vagrant# cat /etc/fstab
LABEL=cloudimg-rootfs   /        ext4   defaults        0 1
#VAGRANT-BEGIN
# The contents below are automatically generated by Vagrant. Do not modify.
vagrant_data /vagrant_data vboxsf uid=1000,gid=1000,_netdev 0 0
vagrant /vagrant vboxsf uid=1000,gid=1000,_netdev 0 0
#VAGRANT-END
root@webserver-01:/home/vagrant# vim /etc/fstab
root@webserver-01:/home/vagrant# vim /etc/fstab
root@webserver-01:/home/vagrant# cat /etc/fstab
LABEL=cloudimg-rootfs   /        ext4   defaults        0 1
UUID=499337e2-0cc3-477a-90ff-a42401321bb1 /mnt/storage ext4 defaults 0 1
#VAGRANT-BEGIN
# The contents below are automatically generated by Vagrant. Do not modify.
vagrant_data /vagrant_data vboxsf uid=1000,gid=1000,_netdev 0 0
vagrant /vagrant vboxsf uid=1000,gid=1000,_netdev 0 0
#VAGRANT-END
root@webserver-01:/home/vagrant# cat /mnt/storage
cat: /mnt/storage: Is a directory
root@webserver-01:/home/vagrant# ls /mnt/storage
lost+found
root@webserver-01:/home/vagrant# df -h
Filesystem      Size  Used Avail Use% Mounted on
udev            2.0G     0  2.0G   0% /dev
tmpfs           396M  5.6M  390M   2% /run
/dev/sda1        59G  1.1G   58G   2% /
tmpfs           2.0G     0  2.0G   0% /dev/shm
tmpfs           5.0M     0  5.0M   0% /run/lock
tmpfs           2.0G     0  2.0G   0% /sys/fs/cgroup
vagrant_data    184G   72G  112G  39% /vagrant_data
vagrant         184G   72G  112G  39% /vagrant
tmpfs           396M     0  396M   0% /run/user/1000
/dev/sdc1       2.9G  4.5M  2.8G   1% /mnt/storage
root@webserver-01:/home/vagrant# mount /dev/sdc1 /mnt/storage




